<testsuites id="" name="" tests="370" failures="370" skipped="0" errors="0" time="61.655892">
<testsuite name="auth/user-login.spec.ts" timestamp="2025-09-07T12:53:54.762Z" hostname="chromium" tests="16" failures="16" skipped="0" time="0.123" errors="0">
<testcase name="User Login Flow › should login successfully with valid credentials" classname="auth/user-login.spec.ts" time="0.007">
<failure message="user-login.spec.ts:8:7 should login successfully with valid credentials" type="FAILURE">
<![CDATA[  [chromium] › auth/user-login.spec.ts:8:7 › User Login Flow › should login successfully with valid credentials 

    Error: browserType.launch: Executable doesn't exist at /home/ricardo-filipebondor/.cache/ms-playwright/chromium_headless_shell-1187/chrome-linux/headless_shell
    ╔═════════════════════════════════════════════════════════════════════════╗
    ║ Looks like Playwright Test or Playwright was just installed or updated. ║
    ║ Please run the following command to download new browsers:              ║
    ║                                                                         ║
    ║     npx playwright install                                              ║
    ║                                                                         ║
    ║ <3 Playwright Team                                                      ║
    ╚═════════════════════════════════════════════════════════════════════════╝
]]>
</failure>
</testcase>
<testcase name="User Login Flow › should show error for invalid credentials" classname="auth/user-login.spec.ts" time="0.008">
<failure message="user-login.spec.ts:27:7 should show error for invalid credentials" type="FAILURE">
<![CDATA[  [chromium] › auth/user-login.spec.ts:27:7 › User Login Flow › should show error for invalid credentials 

    Error: browserType.launch: Executable doesn't exist at /home/ricardo-filipebondor/.cache/ms-playwright/chromium_headless_shell-1187/chrome-linux/headless_shell
    ╔═════════════════════════════════════════════════════════════════════════╗
    ║ Looks like Playwright Test or Playwright was just installed or updated. ║
    ║ Please run the following command to download new browsers:              ║
    ║                                                                         ║
    ║     npx playwright install                                              ║
    ║                                                                         ║
    ║ <3 Playwright Team                                                      ║
    ╚═════════════════════════════════════════════════════════════════════════╝
]]>
</failure>
</testcase>
<testcase name="User Login Flow › should show error for non-existent user" classname="auth/user-login.spec.ts" time="0.008">
<failure message="user-login.spec.ts:39:7 should show error for non-existent user" type="FAILURE">
<![CDATA[  [chromium] › auth/user-login.spec.ts:39:7 › User Login Flow › should show error for non-existent user 

    Error: browserType.launch: Executable doesn't exist at /home/ricardo-filipebondor/.cache/ms-playwright/chromium_headless_shell-1187/chrome-linux/headless_shell
    ╔═════════════════════════════════════════════════════════════════════════╗
    ║ Looks like Playwright Test or Playwright was just installed or updated. ║
    ║ Please run the following command to download new browsers:              ║
    ║                                                                         ║
    ║     npx playwright install                                              ║
    ║                                                                         ║
    ║ <3 Playwright Team                                                      ║
    ╚═════════════════════════════════════════════════════════════════════════╝
]]>
</failure>
</testcase>
<testcase name="User Login Flow › should show validation errors for empty fields" classname="auth/user-login.spec.ts" time="0.008">
<failure message="user-login.spec.ts:51:7 should show validation errors for empty fields" type="FAILURE">
<![CDATA[  [chromium] › auth/user-login.spec.ts:51:7 › User Login Flow › should show validation errors for empty fields 

    Error: browserType.launch: Executable doesn't exist at /home/ricardo-filipebondor/.cache/ms-playwright/chromium_headless_shell-1187/chrome-linux/headless_shell
    ╔═════════════════════════════════════════════════════════════════════════╗
    ║ Looks like Playwright Test or Playwright was just installed or updated. ║
    ║ Please run the following command to download new browsers:              ║
    ║                                                                         ║
    ║     npx playwright install                                              ║
    ║                                                                         ║
    ║ <3 Playwright Team                                                      ║
    ╚═════════════════════════════════════════════════════════════════════════╝
]]>
</failure>
</testcase>
<testcase name="User Login Flow › should show error for invalid email format" classname="auth/user-login.spec.ts" time="0.01">
<failure message="user-login.spec.ts:63:7 should show error for invalid email format" type="FAILURE">
<![CDATA[  [chromium] › auth/user-login.spec.ts:63:7 › User Login Flow › should show error for invalid email format 

    Error: browserType.launch: Executable doesn't exist at /home/ricardo-filipebondor/.cache/ms-playwright/chromium_headless_shell-1187/chrome-linux/headless_shell
    ╔═════════════════════════════════════════════════════════════════════════╗
    ║ Looks like Playwright Test or Playwright was just installed or updated. ║
    ║ Please run the following command to download new browsers:              ║
    ║                                                                         ║
    ║     npx playwright install                                              ║
    ║                                                                         ║
    ║ <3 Playwright Team                                                      ║
    ╚═════════════════════════════════════════════════════════════════════════╝
]]>
</failure>
</testcase>
<testcase name="User Login Flow › should navigate to registration page from login" classname="auth/user-login.spec.ts" time="0.008">
<failure message="user-login.spec.ts:75:7 should navigate to registration page from login" type="FAILURE">
<![CDATA[  [chromium] › auth/user-login.spec.ts:75:7 › User Login Flow › should navigate to registration page from login 

    Error: browserType.launch: Executable doesn't exist at /home/ricardo-filipebondor/.cache/ms-playwright/chromium_headless_shell-1187/chrome-linux/headless_shell
    ╔═════════════════════════════════════════════════════════════════════════╗
    ║ Looks like Playwright Test or Playwright was just installed or updated. ║
    ║ Please run the following command to download new browsers:              ║
    ║                                                                         ║
    ║     npx playwright install                                              ║
    ║                                                                         ║
    ║ <3 Playwright Team                                                      ║
    ╚═════════════════════════════════════════════════════════════════════════╝
]]>
</failure>
</testcase>
<testcase name="User Login Flow › should navigate to forgot password page" classname="auth/user-login.spec.ts" time="0.007">
<failure message="user-login.spec.ts:83:7 should navigate to forgot password page" type="FAILURE">
<![CDATA[  [chromium] › auth/user-login.spec.ts:83:7 › User Login Flow › should navigate to forgot password page 

    Error: browserType.launch: Executable doesn't exist at /home/ricardo-filipebondor/.cache/ms-playwright/chromium_headless_shell-1187/chrome-linux/headless_shell
    ╔═════════════════════════════════════════════════════════════════════════╗
    ║ Looks like Playwright Test or Playwright was just installed or updated. ║
    ║ Please run the following command to download new browsers:              ║
    ║                                                                         ║
    ║     npx playwright install                                              ║
    ║                                                                         ║
    ║ <3 Playwright Team                                                      ║
    ╚═════════════════════════════════════════════════════════════════════════╝
]]>
</failure>
</testcase>
<testcase name="User Login Flow › should handle network errors gracefully" classname="auth/user-login.spec.ts" time="0.007">
<failure message="user-login.spec.ts:91:7 should handle network errors gracefully" type="FAILURE">
<![CDATA[  [chromium] › auth/user-login.spec.ts:91:7 › User Login Flow › should handle network errors gracefully 

    Error: browserType.launch: Executable doesn't exist at /home/ricardo-filipebondor/.cache/ms-playwright/chromium_headless_shell-1187/chrome-linux/headless_shell
    ╔═════════════════════════════════════════════════════════════════════════╗
    ║ Looks like Playwright Test or Playwright was just installed or updated. ║
    ║ Please run the following command to download new browsers:              ║
    ║                                                                         ║
    ║     npx playwright install                                              ║
    ║                                                                         ║
    ║ <3 Playwright Team                                                      ║
    ╚═════════════════════════════════════════════════════════════════════════╝
]]>
</failure>
</testcase>
<testcase name="User Login Flow › should show loading state during login" classname="auth/user-login.spec.ts" time="0.007">
<failure message="user-login.spec.ts:106:7 should show loading state during login" type="FAILURE">
<![CDATA[  [chromium] › auth/user-login.spec.ts:106:7 › User Login Flow › should show loading state during login 

    Error: browserType.launch: Executable doesn't exist at /home/ricardo-filipebondor/.cache/ms-playwright/chromium_headless_shell-1187/chrome-linux/headless_shell
    ╔═════════════════════════════════════════════════════════════════════════╗
    ║ Looks like Playwright Test or Playwright was just installed or updated. ║
    ║ Please run the following command to download new browsers:              ║
    ║                                                                         ║
    ║     npx playwright install                                              ║
    ║                                                                         ║
    ║ <3 Playwright Team                                                      ║
    ╚═════════════════════════════════════════════════════════════════════════╝
]]>
</failure>
</testcase>
<testcase name="User Login Flow › should remember login state after page refresh" classname="auth/user-login.spec.ts" time="0.007">
<failure message="user-login.spec.ts:126:7 should remember login state after page refresh" type="FAILURE">
<![CDATA[  [chromium] › auth/user-login.spec.ts:126:7 › User Login Flow › should remember login state after page refresh 

    Error: browserType.launch: Executable doesn't exist at /home/ricardo-filipebondor/.cache/ms-playwright/chromium_headless_shell-1187/chrome-linux/headless_shell
    ╔═════════════════════════════════════════════════════════════════════════╗
    ║ Looks like Playwright Test or Playwright was just installed or updated. ║
    ║ Please run the following command to download new browsers:              ║
    ║                                                                         ║
    ║     npx playwright install                                              ║
    ║                                                                         ║
    ║ <3 Playwright Team                                                      ║
    ╚═════════════════════════════════════════════════════════════════════════╝
]]>
</failure>
</testcase>
<testcase name="User Login Flow › should support remember me functionality" classname="auth/user-login.spec.ts" time="0.007">
<failure message="user-login.spec.ts:146:7 should support remember me functionality" type="FAILURE">
<![CDATA[  [chromium] › auth/user-login.spec.ts:146:7 › User Login Flow › should support remember me functionality 

    Error: browserType.launch: Executable doesn't exist at /home/ricardo-filipebondor/.cache/ms-playwright/chromium_headless_shell-1187/chrome-linux/headless_shell
    ╔═════════════════════════════════════════════════════════════════════════╗
    ║ Looks like Playwright Test or Playwright was just installed or updated. ║
    ║ Please run the following command to download new browsers:              ║
    ║                                                                         ║
    ║     npx playwright install                                              ║
    ║                                                                         ║
    ║ <3 Playwright Team                                                      ║
    ╚═════════════════════════════════════════════════════════════════════════╝
]]>
</failure>
</testcase>
<testcase name="User Login Flow › should handle OAuth login with Google" classname="auth/user-login.spec.ts" time="0.007">
<failure message="user-login.spec.ts:176:7 should handle OAuth login with Google" type="FAILURE">
<![CDATA[  [chromium] › auth/user-login.spec.ts:176:7 › User Login Flow › should handle OAuth login with Google 

    Error: browserType.launch: Executable doesn't exist at /home/ricardo-filipebondor/.cache/ms-playwright/chromium_headless_shell-1187/chrome-linux/headless_shell
    ╔═════════════════════════════════════════════════════════════════════════╗
    ║ Looks like Playwright Test or Playwright was just installed or updated. ║
    ║ Please run the following command to download new browsers:              ║
    ║                                                                         ║
    ║     npx playwright install                                              ║
    ║                                                                         ║
    ║ <3 Playwright Team                                                      ║
    ╚═════════════════════════════════════════════════════════════════════════╝
]]>
</failure>
</testcase>
<testcase name="User Login Flow › should handle case sensitivity in email" classname="auth/user-login.spec.ts" time="0.007">
<failure message="user-login.spec.ts:205:7 should handle case sensitivity in email" type="FAILURE">
<![CDATA[  [chromium] › auth/user-login.spec.ts:205:7 › User Login Flow › should handle case sensitivity in email 

    Error: browserType.launch: Executable doesn't exist at /home/ricardo-filipebondor/.cache/ms-playwright/chromium_headless_shell-1187/chrome-linux/headless_shell
    ╔═════════════════════════════════════════════════════════════════════════╗
    ║ Looks like Playwright Test or Playwright was just installed or updated. ║
    ║ Please run the following command to download new browsers:              ║
    ║                                                                         ║
    ║     npx playwright install                                              ║
    ║                                                                         ║
    ║ <3 Playwright Team                                                      ║
    ╚═════════════════════════════════════════════════════════════════════════╝
]]>
</failure>
</testcase>
<testcase name="User Login Flow › should handle special characters in password" classname="auth/user-login.spec.ts" time="0.01">
<failure message="user-login.spec.ts:222:7 should handle special characters in password" type="FAILURE">
<![CDATA[  [chromium] › auth/user-login.spec.ts:222:7 › User Login Flow › should handle special characters in password 

    Error: browserType.launch: Executable doesn't exist at /home/ricardo-filipebondor/.cache/ms-playwright/chromium_headless_shell-1187/chrome-linux/headless_shell
    ╔═════════════════════════════════════════════════════════════════════════╗
    ║ Looks like Playwright Test or Playwright was just installed or updated. ║
    ║ Please run the following command to download new browsers:              ║
    ║                                                                         ║
    ║     npx playwright install                                              ║
    ║                                                                         ║
    ║ <3 Playwright Team                                                      ║
    ╚═════════════════════════════════════════════════════════════════════════╝
]]>
</failure>
</testcase>
<testcase name="User Login Flow › should prevent multiple simultaneous login attempts" classname="auth/user-login.spec.ts" time="0.008">
<failure message="user-login.spec.ts:238:7 should prevent multiple simultaneous login attempts" type="FAILURE">
<![CDATA[  [chromium] › auth/user-login.spec.ts:238:7 › User Login Flow › should prevent multiple simultaneous login attempts 

    Error: browserType.launch: Executable doesn't exist at /home/ricardo-filipebondor/.cache/ms-playwright/chromium_headless_shell-1187/chrome-linux/headless_shell
    ╔═════════════════════════════════════════════════════════════════════════╗
    ║ Looks like Playwright Test or Playwright was just installed or updated. ║
    ║ Please run the following command to download new browsers:              ║
    ║                                                                         ║
    ║     npx playwright install                                              ║
    ║                                                                         ║
    ║ <3 Playwright Team                                                      ║
    ╚═════════════════════════════════════════════════════════════════════════╝
]]>
</failure>
</testcase>
<testcase name="User Login Flow › should clear form errors when user starts typing" classname="auth/user-login.spec.ts" time="0.007">
<failure message="user-login.spec.ts:254:7 should clear form errors when user starts typing" type="FAILURE">
<![CDATA[  [chromium] › auth/user-login.spec.ts:254:7 › User Login Flow › should clear form errors when user starts typing 

    Error: browserType.launch: Executable doesn't exist at /home/ricardo-filipebondor/.cache/ms-playwright/chromium_headless_shell-1187/chrome-linux/headless_shell
    ╔═════════════════════════════════════════════════════════════════════════╗
    ║ Looks like Playwright Test or Playwright was just installed or updated. ║
    ║ Please run the following command to download new browsers:              ║
    ║                                                                         ║
    ║     npx playwright install                                              ║
    ║                                                                         ║
    ║ <3 Playwright Team                                                      ║
    ╚═════════════════════════════════════════════════════════════════════════╝
]]>
</failure>
</testcase>
</testsuite>
<testsuite name="auth/user-registration.spec.ts" timestamp="2025-09-07T12:53:54.762Z" hostname="chromium" tests="11" failures="11" skipped="0" time="0.122" errors="0">
<testcase name="User Registration Flow › should complete user registration successfully" classname="auth/user-registration.spec.ts" time="0.019">
<failure message="user-registration.spec.ts:8:7 should complete user registration successfully" type="FAILURE">
<![CDATA[  [chromium] › auth/user-registration.spec.ts:8:7 › User Registration Flow › should complete user registration successfully 

    Error: browserType.launch: Executable doesn't exist at /home/ricardo-filipebondor/.cache/ms-playwright/chromium_headless_shell-1187/chrome-linux/headless_shell
    ╔═════════════════════════════════════════════════════════════════════════╗
    ║ Looks like Playwright Test or Playwright was just installed or updated. ║
    ║ Please run the following command to download new browsers:              ║
    ║                                                                         ║
    ║     npx playwright install                                              ║
    ║                                                                         ║
    ║ <3 Playwright Team                                                      ║
    ╚═════════════════════════════════════════════════════════════════════════╝
]]>
</failure>
</testcase>
<testcase name="User Registration Flow › should show validation errors for invalid input" classname="auth/user-registration.spec.ts" time="0.022">
<failure message="user-registration.spec.ts:30:7 should show validation errors for invalid input" type="FAILURE">
<![CDATA[  [chromium] › auth/user-registration.spec.ts:30:7 › User Registration Flow › should show validation errors for invalid input 

    Error: browserType.launch: Executable doesn't exist at /home/ricardo-filipebondor/.cache/ms-playwright/chromium_headless_shell-1187/chrome-linux/headless_shell
    ╔═════════════════════════════════════════════════════════════════════════╗
    ║ Looks like Playwright Test or Playwright was just installed or updated. ║
    ║ Please run the following command to download new browsers:              ║
    ║                                                                         ║
    ║     npx playwright install                                              ║
    ║                                                                         ║
    ║ <3 Playwright Team                                                      ║
    ╚═════════════════════════════════════════════════════════════════════════╝
]]>
</failure>
</testcase>
<testcase name="User Registration Flow › should show error for invalid email format" classname="auth/user-registration.spec.ts" time="0.012">
<failure message="user-registration.spec.ts:44:7 should show error for invalid email format" type="FAILURE">
<![CDATA[  [chromium] › auth/user-registration.spec.ts:44:7 › User Registration Flow › should show error for invalid email format 

    Error: browserType.launch: Executable doesn't exist at /home/ricardo-filipebondor/.cache/ms-playwright/chromium_headless_shell-1187/chrome-linux/headless_shell
    ╔═════════════════════════════════════════════════════════════════════════╗
    ║ Looks like Playwright Test or Playwright was just installed or updated. ║
    ║ Please run the following command to download new browsers:              ║
    ║                                                                         ║
    ║     npx playwright install                                              ║
    ║                                                                         ║
    ║ <3 Playwright Team                                                      ║
    ╚═════════════════════════════════════════════════════════════════════════╝
]]>
</failure>
</testcase>
<testcase name="User Registration Flow › should show error for weak password" classname="auth/user-registration.spec.ts" time="0.009">
<failure message="user-registration.spec.ts:59:7 should show error for weak password" type="FAILURE">
<![CDATA[  [chromium] › auth/user-registration.spec.ts:59:7 › User Registration Flow › should show error for weak password 

    Error: browserType.launch: Executable doesn't exist at /home/ricardo-filipebondor/.cache/ms-playwright/chromium_headless_shell-1187/chrome-linux/headless_shell
    ╔═════════════════════════════════════════════════════════════════════════╗
    ║ Looks like Playwright Test or Playwright was just installed or updated. ║
    ║ Please run the following command to download new browsers:              ║
    ║                                                                         ║
    ║     npx playwright install                                              ║
    ║                                                                         ║
    ║ <3 Playwright Team                                                      ║
    ╚═════════════════════════════════════════════════════════════════════════╝
]]>
</failure>
</testcase>
<testcase name="User Registration Flow › should show error for existing email" classname="auth/user-registration.spec.ts" time="0.009">
<failure message="user-registration.spec.ts:74:7 should show error for existing email" type="FAILURE">
<![CDATA[  [chromium] › auth/user-registration.spec.ts:74:7 › User Registration Flow › should show error for existing email 

    Error: browserType.launch: Executable doesn't exist at /home/ricardo-filipebondor/.cache/ms-playwright/chromium_headless_shell-1187/chrome-linux/headless_shell
    ╔═════════════════════════════════════════════════════════════════════════╗
    ║ Looks like Playwright Test or Playwright was just installed or updated. ║
    ║ Please run the following command to download new browsers:              ║
    ║                                                                         ║
    ║     npx playwright install                                              ║
    ║                                                                         ║
    ║ <3 Playwright Team                                                      ║
    ╚═════════════════════════════════════════════════════════════════════════╝
]]>
</failure>
</testcase>
<testcase name="User Registration Flow › should navigate to login page from registration" classname="auth/user-registration.spec.ts" time="0.009">
<failure message="user-registration.spec.ts:90:7 should navigate to login page from registration" type="FAILURE">
<![CDATA[  [chromium] › auth/user-registration.spec.ts:90:7 › User Registration Flow › should navigate to login page from registration 

    Error: browserType.launch: Executable doesn't exist at /home/ricardo-filipebondor/.cache/ms-playwright/chromium_headless_shell-1187/chrome-linux/headless_shell
    ╔═════════════════════════════════════════════════════════════════════════╗
    ║ Looks like Playwright Test or Playwright was just installed or updated. ║
    ║ Please run the following command to download new browsers:              ║
    ║                                                                         ║
    ║     npx playwright install                                              ║
    ║                                                                         ║
    ║ <3 Playwright Team                                                      ║
    ╚═════════════════════════════════════════════════════════════════════════╝
]]>
</failure>
</testcase>
<testcase name="User Registration Flow › should handle network errors gracefully" classname="auth/user-registration.spec.ts" time="0.01">
<failure message="user-registration.spec.ts:98:7 should handle network errors gracefully" type="FAILURE">
<![CDATA[  [chromium] › auth/user-registration.spec.ts:98:7 › User Registration Flow › should handle network errors gracefully 

    Error: browserType.launch: Executable doesn't exist at /home/ricardo-filipebondor/.cache/ms-playwright/chromium_headless_shell-1187/chrome-linux/headless_shell
    ╔═════════════════════════════════════════════════════════════════════════╗
    ║ Looks like Playwright Test or Playwright was just installed or updated. ║
    ║ Please run the following command to download new browsers:              ║
    ║                                                                         ║
    ║     npx playwright install                                              ║
    ║                                                                         ║
    ║ <3 Playwright Team                                                      ║
    ╚═════════════════════════════════════════════════════════════════════════╝
]]>
</failure>
</testcase>
<testcase name="User Registration Flow › should show loading state during registration" classname="auth/user-registration.spec.ts" time="0.007">
<failure message="user-registration.spec.ts:116:7 should show loading state during registration" type="FAILURE">
<![CDATA[  [chromium] › auth/user-registration.spec.ts:116:7 › User Registration Flow › should show loading state during registration 

    Error: browserType.launch: Executable doesn't exist at /home/ricardo-filipebondor/.cache/ms-playwright/chromium_headless_shell-1187/chrome-linux/headless_shell
    ╔═════════════════════════════════════════════════════════════════════════╗
    ║ Looks like Playwright Test or Playwright was just installed or updated. ║
    ║ Please run the following command to download new browsers:              ║
    ║                                                                         ║
    ║     npx playwright install                                              ║
    ║                                                                         ║
    ║ <3 Playwright Team                                                      ║
    ╚═════════════════════════════════════════════════════════════════════════╝
]]>
</failure>
</testcase>
<testcase name="User Registration Flow › should support different user roles" classname="auth/user-registration.spec.ts" time="0.008">
<failure message="user-registration.spec.ts:139:7 should support different user roles" type="FAILURE">
<![CDATA[  [chromium] › auth/user-registration.spec.ts:139:7 › User Registration Flow › should support different user roles 

    Error: browserType.launch: Executable doesn't exist at /home/ricardo-filipebondor/.cache/ms-playwright/chromium_headless_shell-1187/chrome-linux/headless_shell
    ╔═════════════════════════════════════════════════════════════════════════╗
    ║ Looks like Playwright Test or Playwright was just installed or updated. ║
    ║ Please run the following command to download new browsers:              ║
    ║                                                                         ║
    ║     npx playwright install                                              ║
    ║                                                                         ║
    ║ <3 Playwright Team                                                      ║
    ╚═════════════════════════════════════════════════════════════════════════╝
]]>
</failure>
</testcase>
<testcase name="User Registration Flow › should validate password confirmation if field exists" classname="auth/user-registration.spec.ts" time="0.009">
<failure message="user-registration.spec.ts:162:7 should validate password confirmation if field exists" type="FAILURE">
<![CDATA[  [chromium] › auth/user-registration.spec.ts:162:7 › User Registration Flow › should validate password confirmation if field exists 

    Error: browserType.launch: Executable doesn't exist at /home/ricardo-filipebondor/.cache/ms-playwright/chromium_headless_shell-1187/chrome-linux/headless_shell
    ╔═════════════════════════════════════════════════════════════════════════╗
    ║ Looks like Playwright Test or Playwright was just installed or updated. ║
    ║ Please run the following command to download new browsers:              ║
    ║                                                                         ║
    ║     npx playwright install                                              ║
    ║                                                                         ║
    ║ <3 Playwright Team                                                      ║
    ╚═════════════════════════════════════════════════════════════════════════╝
]]>
</failure>
</testcase>
<testcase name="User Registration Flow › should handle form reset" classname="auth/user-registration.spec.ts" time="0.008">
<failure message="user-registration.spec.ts:182:7 should handle form reset" type="FAILURE">
<![CDATA[  [chromium] › auth/user-registration.spec.ts:182:7 › User Registration Flow › should handle form reset 

    Error: browserType.launch: Executable doesn't exist at /home/ricardo-filipebondor/.cache/ms-playwright/chromium_headless_shell-1187/chrome-linux/headless_shell
    ╔═════════════════════════════════════════════════════════════════════════╗
    ║ Looks like Playwright Test or Playwright was just installed or updated. ║
    ║ Please run the following command to download new browsers:              ║
    ║                                                                         ║
    ║     npx playwright install                                              ║
    ║                                                                         ║
    ║ <3 Playwright Team                                                      ║
    ╚═════════════════════════════════════════════════════════════════════════╝
]]>
</failure>
</testcase>
</testsuite>
<testsuite name="dashboard/dashboard-navigation.spec.ts" timestamp="2025-09-07T12:53:54.762Z" hostname="chromium" tests="21" failures="21" skipped="0" time="0.257" errors="0">
<testcase name="Dashboard Navigation › should display main navigation menu" classname="dashboard/dashboard-navigation.spec.ts" time="0.01">
<failure message="dashboard-navigation.spec.ts:16:7 should display main navigation menu" type="FAILURE">
<![CDATA[  [chromium] › dashboard/dashboard-navigation.spec.ts:16:7 › Dashboard Navigation › should display main navigation menu 

    Error: browserType.launch: Executable doesn't exist at /home/ricardo-filipebondor/.cache/ms-playwright/chromium_headless_shell-1187/chrome-linux/headless_shell
    ╔═════════════════════════════════════════════════════════════════════════╗
    ║ Looks like Playwright Test or Playwright was just installed or updated. ║
    ║ Please run the following command to download new browsers:              ║
    ║                                                                         ║
    ║     npx playwright install                                              ║
    ║                                                                         ║
    ║ <3 Playwright Team                                                      ║
    ╚═════════════════════════════════════════════════════════════════════════╝
]]>
</failure>
</testcase>
<testcase name="Dashboard Navigation › should navigate to dashboard page" classname="dashboard/dashboard-navigation.spec.ts" time="0.013">
<failure message="dashboard-navigation.spec.ts:25:7 should navigate to dashboard page" type="FAILURE">
<![CDATA[  [chromium] › dashboard/dashboard-navigation.spec.ts:25:7 › Dashboard Navigation › should navigate to dashboard page 

    Error: browserType.launch: Executable doesn't exist at /home/ricardo-filipebondor/.cache/ms-playwright/chromium_headless_shell-1187/chrome-linux/headless_shell
    ╔═════════════════════════════════════════════════════════════════════════╗
    ║ Looks like Playwright Test or Playwright was just installed or updated. ║
    ║ Please run the following command to download new browsers:              ║
    ║                                                                         ║
    ║     npx playwright install                                              ║
    ║                                                                         ║
    ║ <3 Playwright Team                                                      ║
    ╚═════════════════════════════════════════════════════════════════════════╝
]]>
</failure>
</testcase>
<testcase name="Dashboard Navigation › should navigate to database management page" classname="dashboard/dashboard-navigation.spec.ts" time="0.012">
<failure message="dashboard-navigation.spec.ts:33:7 should navigate to database management page" type="FAILURE">
<![CDATA[  [chromium] › dashboard/dashboard-navigation.spec.ts:33:7 › Dashboard Navigation › should navigate to database management page 

    Error: browserType.launch: Executable doesn't exist at /home/ricardo-filipebondor/.cache/ms-playwright/chromium_headless_shell-1187/chrome-linux/headless_shell
    ╔═════════════════════════════════════════════════════════════════════════╗
    ║ Looks like Playwright Test or Playwright was just installed or updated. ║
    ║ Please run the following command to download new browsers:              ║
    ║                                                                         ║
    ║     npx playwright install                                              ║
    ║                                                                         ║
    ║ <3 Playwright Team                                                      ║
    ╚═════════════════════════════════════════════════════════════════════════╝
]]>
</failure>
</testcase>
<testcase name="Dashboard Navigation › should navigate to analytics page" classname="dashboard/dashboard-navigation.spec.ts" time="0.011">
<failure message="dashboard-navigation.spec.ts:41:7 should navigate to analytics page" type="FAILURE">
<![CDATA[  [chromium] › dashboard/dashboard-navigation.spec.ts:41:7 › Dashboard Navigation › should navigate to analytics page 

    Error: browserType.launch: Executable doesn't exist at /home/ricardo-filipebondor/.cache/ms-playwright/chromium_headless_shell-1187/chrome-linux/headless_shell
    ╔═════════════════════════════════════════════════════════════════════════╗
    ║ Looks like Playwright Test or Playwright was just installed or updated. ║
    ║ Please run the following command to download new browsers:              ║
    ║                                                                         ║
    ║     npx playwright install                                              ║
    ║                                                                         ║
    ║ <3 Playwright Team                                                      ║
    ╚═════════════════════════════════════════════════════════════════════════╝
]]>
</failure>
</testcase>
<testcase name="Dashboard Navigation › should navigate to settings page" classname="dashboard/dashboard-navigation.spec.ts" time="0.009">
<failure message="dashboard-navigation.spec.ts:49:7 should navigate to settings page" type="FAILURE">
<![CDATA[  [chromium] › dashboard/dashboard-navigation.spec.ts:49:7 › Dashboard Navigation › should navigate to settings page 

    Error: browserType.launch: Executable doesn't exist at /home/ricardo-filipebondor/.cache/ms-playwright/chromium_headless_shell-1187/chrome-linux/headless_shell
    ╔═════════════════════════════════════════════════════════════════════════╗
    ║ Looks like Playwright Test or Playwright was just installed or updated. ║
    ║ Please run the following command to download new browsers:              ║
    ║                                                                         ║
    ║     npx playwright install                                              ║
    ║                                                                         ║
    ║ <3 Playwright Team                                                      ║
    ╚═════════════════════════════════════════════════════════════════════════╝
]]>
</failure>
</testcase>
<testcase name="Dashboard Navigation › should display user profile menu" classname="dashboard/dashboard-navigation.spec.ts" time="0.009">
<failure message="dashboard-navigation.spec.ts:57:7 should display user profile menu" type="FAILURE">
<![CDATA[  [chromium] › dashboard/dashboard-navigation.spec.ts:57:7 › Dashboard Navigation › should display user profile menu 

    Error: browserType.launch: Executable doesn't exist at /home/ricardo-filipebondor/.cache/ms-playwright/chromium_headless_shell-1187/chrome-linux/headless_shell
    ╔═════════════════════════════════════════════════════════════════════════╗
    ║ Looks like Playwright Test or Playwright was just installed or updated. ║
    ║ Please run the following command to download new browsers:              ║
    ║                                                                         ║
    ║     npx playwright install                                              ║
    ║                                                                         ║
    ║ <3 Playwright Team                                                      ║
    ╚═════════════════════════════════════════════════════════════════════════╝
]]>
</failure>
</testcase>
<testcase name="Dashboard Navigation › should navigate to user profile" classname="dashboard/dashboard-navigation.spec.ts" time="0.018">
<failure message="dashboard-navigation.spec.ts:67:7 should navigate to user profile" type="FAILURE">
<![CDATA[  [chromium] › dashboard/dashboard-navigation.spec.ts:67:7 › Dashboard Navigation › should navigate to user profile 

    Error: browserType.launch: Executable doesn't exist at /home/ricardo-filipebondor/.cache/ms-playwright/chromium_headless_shell-1187/chrome-linux/headless_shell
    ╔═════════════════════════════════════════════════════════════════════════╗
    ║ Looks like Playwright Test or Playwright was just installed or updated. ║
    ║ Please run the following command to download new browsers:              ║
    ║                                                                         ║
    ║     npx playwright install                                              ║
    ║                                                                         ║
    ║ <3 Playwright Team                                                      ║
    ╚═════════════════════════════════════════════════════════════════════════╝
]]>
</failure>
</testcase>
<testcase name="Dashboard Navigation › should logout successfully" classname="dashboard/dashboard-navigation.spec.ts" time="0.009">
<failure message="dashboard-navigation.spec.ts:75:7 should logout successfully" type="FAILURE">
<![CDATA[  [chromium] › dashboard/dashboard-navigation.spec.ts:75:7 › Dashboard Navigation › should logout successfully 

    Error: browserType.launch: Executable doesn't exist at /home/ricardo-filipebondor/.cache/ms-playwright/chromium_headless_shell-1187/chrome-linux/headless_shell
    ╔═════════════════════════════════════════════════════════════════════════╗
    ║ Looks like Playwright Test or Playwright was just installed or updated. ║
    ║ Please run the following command to download new browsers:              ║
    ║                                                                         ║
    ║     npx playwright install                                              ║
    ║                                                                         ║
    ║ <3 Playwright Team                                                      ║
    ╚═════════════════════════════════════════════════════════════════════════╝
]]>
</failure>
</testcase>
<testcase name="Dashboard Navigation › should show active navigation state" classname="dashboard/dashboard-navigation.spec.ts" time="0.015">
<failure message="dashboard-navigation.spec.ts:84:7 should show active navigation state" type="FAILURE">
<![CDATA[  [chromium] › dashboard/dashboard-navigation.spec.ts:84:7 › Dashboard Navigation › should show active navigation state 

    Error: browserType.launch: Executable doesn't exist at /home/ricardo-filipebondor/.cache/ms-playwright/chromium_headless_shell-1187/chrome-linux/headless_shell
    ╔═════════════════════════════════════════════════════════════════════════╗
    ║ Looks like Playwright Test or Playwright was just installed or updated. ║
    ║ Please run the following command to download new browsers:              ║
    ║                                                                         ║
    ║     npx playwright install                                              ║
    ║                                                                         ║
    ║ <3 Playwright Team                                                      ║
    ╚═════════════════════════════════════════════════════════════════════════╝
]]>
</failure>
</testcase>
<testcase name="Dashboard Navigation › should handle mobile navigation menu" classname="dashboard/dashboard-navigation.spec.ts" time="0.016">
<failure message="dashboard-navigation.spec.ts:95:7 should handle mobile navigation menu" type="FAILURE">
<![CDATA[  [chromium] › dashboard/dashboard-navigation.spec.ts:95:7 › Dashboard Navigation › should handle mobile navigation menu 

    Error: browserType.launch: Executable doesn't exist at /home/ricardo-filipebondor/.cache/ms-playwright/chromium_headless_shell-1187/chrome-linux/headless_shell
    ╔═════════════════════════════════════════════════════════════════════════╗
    ║ Looks like Playwright Test or Playwright was just installed or updated. ║
    ║ Please run the following command to download new browsers:              ║
    ║                                                                         ║
    ║     npx playwright install                                              ║
    ║                                                                         ║
    ║ <3 Playwright Team                                                      ║
    ╚═════════════════════════════════════════════════════════════════════════╝
]]>
</failure>
</testcase>
<testcase name="Dashboard Navigation › should display breadcrumbs for nested pages" classname="dashboard/dashboard-navigation.spec.ts" time="0.015">
<failure message="dashboard-navigation.spec.ts:112:7 should display breadcrumbs for nested pages" type="FAILURE">
<![CDATA[  [chromium] › dashboard/dashboard-navigation.spec.ts:112:7 › Dashboard Navigation › should display breadcrumbs for nested pages 

    Error: browserType.launch: Executable doesn't exist at /home/ricardo-filipebondor/.cache/ms-playwright/chromium_headless_shell-1187/chrome-linux/headless_shell
    ╔═════════════════════════════════════════════════════════════════════════╗
    ║ Looks like Playwright Test or Playwright was just installed or updated. ║
    ║ Please run the following command to download new browsers:              ║
    ║                                                                         ║
    ║     npx playwright install                                              ║
    ║                                                                         ║
    ║ <3 Playwright Team                                                      ║
    ╚═════════════════════════════════════════════════════════════════════════╝
]]>
</failure>
</testcase>
<testcase name="Dashboard Navigation › should handle keyboard navigation" classname="dashboard/dashboard-navigation.spec.ts" time="0.02">
<failure message="dashboard-navigation.spec.ts:125:7 should handle keyboard navigation" type="FAILURE">
<![CDATA[  [chromium] › dashboard/dashboard-navigation.spec.ts:125:7 › Dashboard Navigation › should handle keyboard navigation 

    Error: browserType.launch: Executable doesn't exist at /home/ricardo-filipebondor/.cache/ms-playwright/chromium_headless_shell-1187/chrome-linux/headless_shell
    ╔═════════════════════════════════════════════════════════════════════════╗
    ║ Looks like Playwright Test or Playwright was just installed or updated. ║
    ║ Please run the following command to download new browsers:              ║
    ║                                                                         ║
    ║     npx playwright install                                              ║
    ║                                                                         ║
    ║ <3 Playwright Team                                                      ║
    ╚═════════════════════════════════════════════════════════════════════════╝
]]>
</failure>
</testcase>
<testcase name="Dashboard Navigation › should display notifications" classname="dashboard/dashboard-navigation.spec.ts" time="0.022">
<failure message="dashboard-navigation.spec.ts:136:7 should display notifications" type="FAILURE">
<![CDATA[  [chromium] › dashboard/dashboard-navigation.spec.ts:136:7 › Dashboard Navigation › should display notifications 

    Error: browserType.launch: Executable doesn't exist at /home/ricardo-filipebondor/.cache/ms-playwright/chromium_headless_shell-1187/chrome-linux/headless_shell
    ╔═════════════════════════════════════════════════════════════════════════╗
    ║ Looks like Playwright Test or Playwright was just installed or updated. ║
    ║ Please run the following command to download new browsers:              ║
    ║                                                                         ║
    ║     npx playwright install                                              ║
    ║                                                                         ║
    ║ <3 Playwright Team                                                      ║
    ╚═════════════════════════════════════════════════════════════════════════╝
]]>
</failure>
</testcase>
<testcase name="Dashboard Navigation › should handle search functionality" classname="dashboard/dashboard-navigation.spec.ts" time="0.008">
<failure message="dashboard-navigation.spec.ts:147:7 should handle search functionality" type="FAILURE">
<![CDATA[  [chromium] › dashboard/dashboard-navigation.spec.ts:147:7 › Dashboard Navigation › should handle search functionality 

    Error: browserType.launch: Executable doesn't exist at /home/ricardo-filipebondor/.cache/ms-playwright/chromium_headless_shell-1187/chrome-linux/headless_shell
    ╔═════════════════════════════════════════════════════════════════════════╗
    ║ Looks like Playwright Test or Playwright was just installed or updated. ║
    ║ Please run the following command to download new browsers:              ║
    ║                                                                         ║
    ║     npx playwright install                                              ║
    ║                                                                         ║
    ║ <3 Playwright Team                                                      ║
    ╚═════════════════════════════════════════════════════════════════════════╝
]]>
</failure>
</testcase>
<testcase name="Dashboard Navigation › should display tenant information" classname="dashboard/dashboard-navigation.spec.ts" time="0.014">
<failure message="dashboard-navigation.spec.ts:159:7 should display tenant information" type="FAILURE">
<![CDATA[  [chromium] › dashboard/dashboard-navigation.spec.ts:159:7 › Dashboard Navigation › should display tenant information 

    Error: browserType.launch: Executable doesn't exist at /home/ricardo-filipebondor/.cache/ms-playwright/chromium_headless_shell-1187/chrome-linux/headless_shell
    ╔═════════════════════════════════════════════════════════════════════════╗
    ║ Looks like Playwright Test or Playwright was just installed or updated. ║
    ║ Please run the following command to download new browsers:              ║
    ║                                                                         ║
    ║     npx playwright install                                              ║
    ║                                                                         ║
    ║ <3 Playwright Team                                                      ║
    ╚═════════════════════════════════════════════════════════════════════════╝
]]>
</failure>
</testcase>
<testcase name="Dashboard Navigation › should handle theme switching" classname="dashboard/dashboard-navigation.spec.ts" time="0.009">
<failure message="dashboard-navigation.spec.ts:167:7 should handle theme switching" type="FAILURE">
<![CDATA[  [chromium] › dashboard/dashboard-navigation.spec.ts:167:7 › Dashboard Navigation › should handle theme switching 

    Error: browserType.launch: Executable doesn't exist at /home/ricardo-filipebondor/.cache/ms-playwright/chromium_headless_shell-1187/chrome-linux/headless_shell
    ╔═════════════════════════════════════════════════════════════════════════╗
    ║ Looks like Playwright Test or Playwright was just installed or updated. ║
    ║ Please run the following command to download new browsers:              ║
    ║                                                                         ║
    ║     npx playwright install                                              ║
    ║                                                                         ║
    ║ <3 Playwright Team                                                      ║
    ╚═════════════════════════════════════════════════════════════════════════╝
]]>
</failure>
</testcase>
<testcase name="Dashboard Navigation › should display language selector" classname="dashboard/dashboard-navigation.spec.ts" time="0.015">
<failure message="dashboard-navigation.spec.ts:180:7 should display language selector" type="FAILURE">
<![CDATA[  [chromium] › dashboard/dashboard-navigation.spec.ts:180:7 › Dashboard Navigation › should display language selector 

    Error: browserType.launch: Executable doesn't exist at /home/ricardo-filipebondor/.cache/ms-playwright/chromium_headless_shell-1187/chrome-linux/headless_shell
    ╔═════════════════════════════════════════════════════════════════════════╗
    ║ Looks like Playwright Test or Playwright was just installed or updated. ║
    ║ Please run the following command to download new browsers:              ║
    ║                                                                         ║
    ║     npx playwright install                                              ║
    ║                                                                         ║
    ║ <3 Playwright Team                                                      ║
    ╚═════════════════════════════════════════════════════════════════════════╝
]]>
</failure>
</testcase>
<testcase name="Dashboard Navigation › should handle responsive navigation" classname="dashboard/dashboard-navigation.spec.ts" time="0.009">
<failure message="dashboard-navigation.spec.ts:193:7 should handle responsive navigation" type="FAILURE">
<![CDATA[  [chromium] › dashboard/dashboard-navigation.spec.ts:193:7 › Dashboard Navigation › should handle responsive navigation 

    Error: browserType.launch: Executable doesn't exist at /home/ricardo-filipebondor/.cache/ms-playwright/chromium_headless_shell-1187/chrome-linux/headless_shell
    ╔═════════════════════════════════════════════════════════════════════════╗
    ║ Looks like Playwright Test or Playwright was just installed or updated. ║
    ║ Please run the following command to download new browsers:              ║
    ║                                                                         ║
    ║     npx playwright install                                              ║
    ║                                                                         ║
    ║ <3 Playwright Team                                                      ║
    ╚═════════════════════════════════════════════════════════════════════════╝
]]>
</failure>
</testcase>
<testcase name="Dashboard Navigation › should handle navigation with browser back/forward" classname="dashboard/dashboard-navigation.spec.ts" time="0.007">
<failure message="dashboard-navigation.spec.ts:214:7 should handle navigation with browser back/forward" type="FAILURE">
<![CDATA[  [chromium] › dashboard/dashboard-navigation.spec.ts:214:7 › Dashboard Navigation › should handle navigation with browser back/forward 

    Error: browserType.launch: Executable doesn't exist at /home/ricardo-filipebondor/.cache/ms-playwright/chromium_headless_shell-1187/chrome-linux/headless_shell
    ╔═════════════════════════════════════════════════════════════════════════╗
    ║ Looks like Playwright Test or Playwright was just installed or updated. ║
    ║ Please run the following command to download new browsers:              ║
    ║                                                                         ║
    ║     npx playwright install                                              ║
    ║                                                                         ║
    ║ <3 Playwright Team                                                      ║
    ╚═════════════════════════════════════════════════════════════════════════╝
]]>
</failure>
</testcase>
<testcase name="Dashboard Navigation › should handle navigation errors gracefully" classname="dashboard/dashboard-navigation.spec.ts" time="0.009">
<failure message="dashboard-navigation.spec.ts:237:7 should handle navigation errors gracefully" type="FAILURE">
<![CDATA[  [chromium] › dashboard/dashboard-navigation.spec.ts:237:7 › Dashboard Navigation › should handle navigation errors gracefully 

    Error: browserType.launch: Executable doesn't exist at /home/ricardo-filipebondor/.cache/ms-playwright/chromium_headless_shell-1187/chrome-linux/headless_shell
    ╔═════════════════════════════════════════════════════════════════════════╗
    ║ Looks like Playwright Test or Playwright was just installed or updated. ║
    ║ Please run the following command to download new browsers:              ║
    ║                                                                         ║
    ║     npx playwright install                                              ║
    ║                                                                         ║
    ║ <3 Playwright Team                                                      ║
    ╚═════════════════════════════════════════════════════════════════════════╝
]]>
</failure>
</testcase>
<testcase name="Dashboard Navigation › should maintain navigation state during page refresh" classname="dashboard/dashboard-navigation.spec.ts" time="0.007">
<failure message="dashboard-navigation.spec.ts:247:7 should maintain navigation state during page refresh" type="FAILURE">
<![CDATA[  [chromium] › dashboard/dashboard-navigation.spec.ts:247:7 › Dashboard Navigation › should maintain navigation state during page refresh 

    Error: browserType.launch: Executable doesn't exist at /home/ricardo-filipebondor/.cache/ms-playwright/chromium_headless_shell-1187/chrome-linux/headless_shell
    ╔═════════════════════════════════════════════════════════════════════════╗
    ║ Looks like Playwright Test or Playwright was just installed or updated. ║
    ║ Please run the following command to download new browsers:              ║
    ║                                                                         ║
    ║     npx playwright install                                              ║
    ║                                                                         ║
    ║ <3 Playwright Team                                                      ║
    ╚═════════════════════════════════════════════════════════════════════════╝
]]>
</failure>
</testcase>
</testsuite>
<testsuite name="database/table-management.spec.ts" timestamp="2025-09-07T12:53:54.762Z" hostname="chromium" tests="22" failures="22" skipped="0" time="0.198" errors="0">
<testcase name="Database Table Management › should display existing tables" classname="database/table-management.spec.ts" time="0.014">
<failure message="table-management.spec.ts:18:7 should display existing tables" type="FAILURE">
<![CDATA[  [chromium] › database/table-management.spec.ts:18:7 › Database Table Management › should display existing tables 

    Error: browserType.launch: Executable doesn't exist at /home/ricardo-filipebondor/.cache/ms-playwright/chromium_headless_shell-1187/chrome-linux/headless_shell
    ╔═════════════════════════════════════════════════════════════════════════╗
    ║ Looks like Playwright Test or Playwright was just installed or updated. ║
    ║ Please run the following command to download new browsers:              ║
    ║                                                                         ║
    ║     npx playwright install                                              ║
    ║                                                                         ║
    ║ <3 Playwright Team                                                      ║
    ╚═════════════════════════════════════════════════════════════════════════╝
]]>
</failure>
</testcase>
<testcase name="Database Table Management › should create a new table" classname="database/table-management.spec.ts" time="0.009">
<failure message="table-management.spec.ts:27:7 should create a new table" type="FAILURE">
<![CDATA[  [chromium] › database/table-management.spec.ts:27:7 › Database Table Management › should create a new table 

    Error: browserType.launch: Executable doesn't exist at /home/ricardo-filipebondor/.cache/ms-playwright/chromium_headless_shell-1187/chrome-linux/headless_shell
    ╔═════════════════════════════════════════════════════════════════════════╗
    ║ Looks like Playwright Test or Playwright was just installed or updated. ║
    ║ Please run the following command to download new browsers:              ║
    ║                                                                         ║
    ║     npx playwright install                                              ║
    ║                                                                         ║
    ║ <3 Playwright Team                                                      ║
    ╚═════════════════════════════════════════════════════════════════════════╝
]]>
</failure>
</testcase>
<testcase name="Database Table Management › should edit an existing table" classname="database/table-management.spec.ts" time="0.008">
<failure message="table-management.spec.ts:58:7 should edit an existing table" type="FAILURE">
<![CDATA[  [chromium] › database/table-management.spec.ts:58:7 › Database Table Management › should edit an existing table 

    Error: browserType.launch: Executable doesn't exist at /home/ricardo-filipebondor/.cache/ms-playwright/chromium_headless_shell-1187/chrome-linux/headless_shell
    ╔═════════════════════════════════════════════════════════════════════════╗
    ║ Looks like Playwright Test or Playwright was just installed or updated. ║
    ║ Please run the following command to download new browsers:              ║
    ║                                                                         ║
    ║     npx playwright install                                              ║
    ║                                                                         ║
    ║ <3 Playwright Team                                                      ║
    ╚═════════════════════════════════════════════════════════════════════════╝
]]>
</failure>
</testcase>
<testcase name="Database Table Management › should delete a table" classname="database/table-management.spec.ts" time="0.009">
<failure message="table-management.spec.ts:76:7 should delete a table" type="FAILURE">
<![CDATA[  [chromium] › database/table-management.spec.ts:76:7 › Database Table Management › should delete a table 

    Error: browserType.launch: Executable doesn't exist at /home/ricardo-filipebondor/.cache/ms-playwright/chromium_headless_shell-1187/chrome-linux/headless_shell
    ╔═════════════════════════════════════════════════════════════════════════╗
    ║ Looks like Playwright Test or Playwright was just installed or updated. ║
    ║ Please run the following command to download new browsers:              ║
    ║                                                                         ║
    ║     npx playwright install                                              ║
    ║                                                                         ║
    ║ <3 Playwright Team                                                      ║
    ╚═════════════════════════════════════════════════════════════════════════╝
]]>
</failure>
</testcase>
<testcase name="Database Table Management › should add columns to existing table" classname="database/table-management.spec.ts" time="0.007">
<failure message="table-management.spec.ts:91:7 should add columns to existing table" type="FAILURE">
<![CDATA[  [chromium] › database/table-management.spec.ts:91:7 › Database Table Management › should add columns to existing table 

    Error: browserType.launch: Executable doesn't exist at /home/ricardo-filipebondor/.cache/ms-playwright/chromium_headless_shell-1187/chrome-linux/headless_shell
    ╔═════════════════════════════════════════════════════════════════════════╗
    ║ Looks like Playwright Test or Playwright was just installed or updated. ║
    ║ Please run the following command to download new browsers:              ║
    ║                                                                         ║
    ║     npx playwright install                                              ║
    ║                                                                         ║
    ║ <3 Playwright Team                                                      ║
    ╚═════════════════════════════════════════════════════════════════════════╝
]]>
</failure>
</testcase>
<testcase name="Database Table Management › should edit table columns" classname="database/table-management.spec.ts" time="0.011">
<failure message="table-management.spec.ts:114:7 should edit table columns" type="FAILURE">
<![CDATA[  [chromium] › database/table-management.spec.ts:114:7 › Database Table Management › should edit table columns 

    Error: browserType.launch: Executable doesn't exist at /home/ricardo-filipebondor/.cache/ms-playwright/chromium_headless_shell-1187/chrome-linux/headless_shell
    ╔═════════════════════════════════════════════════════════════════════════╗
    ║ Looks like Playwright Test or Playwright was just installed or updated. ║
    ║ Please run the following command to download new browsers:              ║
    ║                                                                         ║
    ║     npx playwright install                                              ║
    ║                                                                         ║
    ║ <3 Playwright Team                                                      ║
    ╚═════════════════════════════════════════════════════════════════════════╝
]]>
</failure>
</testcase>
<testcase name="Database Table Management › should delete table columns" classname="database/table-management.spec.ts" time="0.008">
<failure message="table-management.spec.ts:136:7 should delete table columns" type="FAILURE">
<![CDATA[  [chromium] › database/table-management.spec.ts:136:7 › Database Table Management › should delete table columns 

    Error: browserType.launch: Executable doesn't exist at /home/ricardo-filipebondor/.cache/ms-playwright/chromium_headless_shell-1187/chrome-linux/headless_shell
    ╔═════════════════════════════════════════════════════════════════════════╗
    ║ Looks like Playwright Test or Playwright was just installed or updated. ║
    ║ Please run the following command to download new browsers:              ║
    ║                                                                         ║
    ║     npx playwright install                                              ║
    ║                                                                         ║
    ║ <3 Playwright Team                                                      ║
    ╚═════════════════════════════════════════════════════════════════════════╝
]]>
</failure>
</testcase>
<testcase name="Database Table Management › should handle table validation errors" classname="database/table-management.spec.ts" time="0.008">
<failure message="table-management.spec.ts:151:7 should handle table validation errors" type="FAILURE">
<![CDATA[  [chromium] › database/table-management.spec.ts:151:7 › Database Table Management › should handle table validation errors 

    Error: browserType.launch: Executable doesn't exist at /home/ricardo-filipebondor/.cache/ms-playwright/chromium_headless_shell-1187/chrome-linux/headless_shell
    ╔═════════════════════════════════════════════════════════════════════════╗
    ║ Looks like Playwright Test or Playwright was just installed or updated. ║
    ║ Please run the following command to download new browsers:              ║
    ║                                                                         ║
    ║     npx playwright install                                              ║
    ║                                                                         ║
    ║ <3 Playwright Team                                                      ║
    ╚═════════════════════════════════════════════════════════════════════════╝
]]>
</failure>
</testcase>
<testcase name="Database Table Management › should handle duplicate table names" classname="database/table-management.spec.ts" time="0.009">
<failure message="table-management.spec.ts:163:7 should handle duplicate table names" type="FAILURE">
<![CDATA[  [chromium] › database/table-management.spec.ts:163:7 › Database Table Management › should handle duplicate table names 

    Error: browserType.launch: Executable doesn't exist at /home/ricardo-filipebondor/.cache/ms-playwright/chromium_headless_shell-1187/chrome-linux/headless_shell
    ╔═════════════════════════════════════════════════════════════════════════╗
    ║ Looks like Playwright Test or Playwright was just installed or updated. ║
    ║ Please run the following command to download new browsers:              ║
    ║                                                                         ║
    ║     npx playwright install                                              ║
    ║                                                                         ║
    ║ <3 Playwright Team                                                      ║
    ╚═════════════════════════════════════════════════════════════════════════╝
]]>
</failure>
</testcase>
<testcase name="Database Table Management › should handle column validation errors" classname="database/table-management.spec.ts" time="0.011">
<failure message="table-management.spec.ts:183:7 should handle column validation errors" type="FAILURE">
<![CDATA[  [chromium] › database/table-management.spec.ts:183:7 › Database Table Management › should handle column validation errors 

    Error: browserType.launch: Executable doesn't exist at /home/ricardo-filipebondor/.cache/ms-playwright/chromium_headless_shell-1187/chrome-linux/headless_shell
    ╔═════════════════════════════════════════════════════════════════════════╗
    ║ Looks like Playwright Test or Playwright was just installed or updated. ║
    ║ Please run the following command to download new browsers:              ║
    ║                                                                         ║
    ║     npx playwright install                                              ║
    ║                                                                         ║
    ║ <3 Playwright Team                                                      ║
    ╚═════════════════════════════════════════════════════════════════════════╝
]]>
</failure>
</testcase>
<testcase name="Database Table Management › should handle duplicate column names" classname="database/table-management.spec.ts" time="0.009">
<failure message="table-management.spec.ts:202:7 should handle duplicate column names" type="FAILURE">
<![CDATA[  [chromium] › database/table-management.spec.ts:202:7 › Database Table Management › should handle duplicate column names 

    Error: browserType.launch: Executable doesn't exist at /home/ricardo-filipebondor/.cache/ms-playwright/chromium_headless_shell-1187/chrome-linux/headless_shell
    ╔═════════════════════════════════════════════════════════════════════════╗
    ║ Looks like Playwright Test or Playwright was just installed or updated. ║
    ║ Please run the following command to download new browsers:              ║
    ║                                                                         ║
    ║     npx playwright install                                              ║
    ║                                                                         ║
    ║ <3 Playwright Team                                                      ║
    ╚═════════════════════════════════════════════════════════════════════════╝
]]>
</failure>
</testcase>
<testcase name="Database Table Management › should handle table permissions" classname="database/table-management.spec.ts" time="0.008">
<failure message="table-management.spec.ts:225:7 should handle table permissions" type="FAILURE">
<![CDATA[  [chromium] › database/table-management.spec.ts:225:7 › Database Table Management › should handle table permissions 

    Error: browserType.launch: Executable doesn't exist at /home/ricardo-filipebondor/.cache/ms-playwright/chromium_headless_shell-1187/chrome-linux/headless_shell
    ╔═════════════════════════════════════════════════════════════════════════╗
    ║ Looks like Playwright Test or Playwright was just installed or updated. ║
    ║ Please run the following command to download new browsers:              ║
    ║                                                                         ║
    ║     npx playwright install                                              ║
    ║                                                                         ║
    ║ <3 Playwright Team                                                      ║
    ╚═════════════════════════════════════════════════════════════════════════╝
]]>
</failure>
</testcase>
<testcase name="Database Table Management › should handle table search and filtering" classname="database/table-management.spec.ts" time="0.016">
<failure message="table-management.spec.ts:234:7 should handle table search and filtering" type="FAILURE">
<![CDATA[  [chromium] › database/table-management.spec.ts:234:7 › Database Table Management › should handle table search and filtering 

    Error: browserType.launch: Executable doesn't exist at /home/ricardo-filipebondor/.cache/ms-playwright/chromium_headless_shell-1187/chrome-linux/headless_shell
    ╔═════════════════════════════════════════════════════════════════════════╗
    ║ Looks like Playwright Test or Playwright was just installed or updated. ║
    ║ Please run the following command to download new browsers:              ║
    ║                                                                         ║
    ║     npx playwright install                                              ║
    ║                                                                         ║
    ║ <3 Playwright Team                                                      ║
    ╚═════════════════════════════════════════════════════════════════════════╝
]]>
</failure>
</testcase>
<testcase name="Database Table Management › should handle table sorting" classname="database/table-management.spec.ts" time="0.007">
<failure message="table-management.spec.ts:255:7 should handle table sorting" type="FAILURE">
<![CDATA[  [chromium] › database/table-management.spec.ts:255:7 › Database Table Management › should handle table sorting 

    Error: browserType.launch: Executable doesn't exist at /home/ricardo-filipebondor/.cache/ms-playwright/chromium_headless_shell-1187/chrome-linux/headless_shell
    ╔═════════════════════════════════════════════════════════════════════════╗
    ║ Looks like Playwright Test or Playwright was just installed or updated. ║
    ║ Please run the following command to download new browsers:              ║
    ║                                                                         ║
    ║     npx playwright install                                              ║
    ║                                                                         ║
    ║ <3 Playwright Team                                                      ║
    ╚═════════════════════════════════════════════════════════════════════════╝
]]>
</failure>
</testcase>
<testcase name="Database Table Management › should handle table pagination" classname="database/table-management.spec.ts" time="0.012">
<failure message="table-management.spec.ts:268:7 should handle table pagination" type="FAILURE">
<![CDATA[  [chromium] › database/table-management.spec.ts:268:7 › Database Table Management › should handle table pagination 

    Error: browserType.launch: Executable doesn't exist at /home/ricardo-filipebondor/.cache/ms-playwright/chromium_headless_shell-1187/chrome-linux/headless_shell
    ╔═════════════════════════════════════════════════════════════════════════╗
    ║ Looks like Playwright Test or Playwright was just installed or updated. ║
    ║ Please run the following command to download new browsers:              ║
    ║                                                                         ║
    ║     npx playwright install                                              ║
    ║                                                                         ║
    ║ <3 Playwright Team                                                      ║
    ╚═════════════════════════════════════════════════════════════════════════╝
]]>
</failure>
</testcase>
<testcase name="Database Table Management › should handle table export functionality" classname="database/table-management.spec.ts" time="0.007">
<failure message="table-management.spec.ts:280:7 should handle table export functionality" type="FAILURE">
<![CDATA[  [chromium] › database/table-management.spec.ts:280:7 › Database Table Management › should handle table export functionality 

    Error: browserType.launch: Executable doesn't exist at /home/ricardo-filipebondor/.cache/ms-playwright/chromium_headless_shell-1187/chrome-linux/headless_shell
    ╔═════════════════════════════════════════════════════════════════════════╗
    ║ Looks like Playwright Test or Playwright was just installed or updated. ║
    ║ Please run the following command to download new browsers:              ║
    ║                                                                         ║
    ║     npx playwright install                                              ║
    ║                                                                         ║
    ║ <3 Playwright Team                                                      ║
    ╚═════════════════════════════════════════════════════════════════════════╝
]]>
</failure>
</testcase>
<testcase name="Database Table Management › should handle table import functionality" classname="database/table-management.spec.ts" time="0.007">
<failure message="table-management.spec.ts:293:7 should handle table import functionality" type="FAILURE">
<![CDATA[  [chromium] › database/table-management.spec.ts:293:7 › Database Table Management › should handle table import functionality 

    Error: browserType.launch: Executable doesn't exist at /home/ricardo-filipebondor/.cache/ms-playwright/chromium_headless_shell-1187/chrome-linux/headless_shell
    ╔═════════════════════════════════════════════════════════════════════════╗
    ║ Looks like Playwright Test or Playwright was just installed or updated. ║
    ║ Please run the following command to download new browsers:              ║
    ║                                                                         ║
    ║     npx playwright install                                              ║
    ║                                                                         ║
    ║ <3 Playwright Team                                                      ║
    ╚═════════════════════════════════════════════════════════════════════════╝
]]>
</failure>
</testcase>
<testcase name="Database Table Management › should handle table relationships" classname="database/table-management.spec.ts" time="0.007">
<failure message="table-management.spec.ts:305:7 should handle table relationships" type="FAILURE">
<![CDATA[  [chromium] › database/table-management.spec.ts:305:7 › Database Table Management › should handle table relationships 

    Error: browserType.launch: Executable doesn't exist at /home/ricardo-filipebondor/.cache/ms-playwright/chromium_headless_shell-1187/chrome-linux/headless_shell
    ╔═════════════════════════════════════════════════════════════════════════╗
    ║ Looks like Playwright Test or Playwright was just installed or updated. ║
    ║ Please run the following command to download new browsers:              ║
    ║                                                                         ║
    ║     npx playwright install                                              ║
    ║                                                                         ║
    ║ <3 Playwright Team                                                      ║
    ╚═════════════════════════════════════════════════════════════════════════╝
]]>
</failure>
</testcase>
<testcase name="Database Table Management › should handle table indexes" classname="database/table-management.spec.ts" time="0.008">
<failure message="table-management.spec.ts:317:7 should handle table indexes" type="FAILURE">
<![CDATA[  [chromium] › database/table-management.spec.ts:317:7 › Database Table Management › should handle table indexes 

    Error: browserType.launch: Executable doesn't exist at /home/ricardo-filipebondor/.cache/ms-playwright/chromium_headless_shell-1187/chrome-linux/headless_shell
    ╔═════════════════════════════════════════════════════════════════════════╗
    ║ Looks like Playwright Test or Playwright was just installed or updated. ║
    ║ Please run the following command to download new browsers:              ║
    ║                                                                         ║
    ║     npx playwright install                                              ║
    ║                                                                         ║
    ║ <3 Playwright Team                                                      ║
    ╚═════════════════════════════════════════════════════════════════════════╝
]]>
</failure>
</testcase>
<testcase name="Database Table Management › should handle table constraints" classname="database/table-management.spec.ts" time="0.008">
<failure message="table-management.spec.ts:329:7 should handle table constraints" type="FAILURE">
<![CDATA[  [chromium] › database/table-management.spec.ts:329:7 › Database Table Management › should handle table constraints 

    Error: browserType.launch: Executable doesn't exist at /home/ricardo-filipebondor/.cache/ms-playwright/chromium_headless_shell-1187/chrome-linux/headless_shell
    ╔═════════════════════════════════════════════════════════════════════════╗
    ║ Looks like Playwright Test or Playwright was just installed or updated. ║
    ║ Please run the following command to download new browsers:              ║
    ║                                                                         ║
    ║     npx playwright install                                              ║
    ║                                                                         ║
    ║ <3 Playwright Team                                                      ║
    ╚═════════════════════════════════════════════════════════════════════════╝
]]>
</failure>
</testcase>
<testcase name="Database Table Management › should handle table statistics" classname="database/table-management.spec.ts" time="0.008">
<failure message="table-management.spec.ts:342:7 should handle table statistics" type="FAILURE">
<![CDATA[  [chromium] › database/table-management.spec.ts:342:7 › Database Table Management › should handle table statistics 

    Error: browserType.launch: Executable doesn't exist at /home/ricardo-filipebondor/.cache/ms-playwright/chromium_headless_shell-1187/chrome-linux/headless_shell
    ╔═════════════════════════════════════════════════════════════════════════╗
    ║ Looks like Playwright Test or Playwright was just installed or updated. ║
    ║ Please run the following command to download new browsers:              ║
    ║                                                                         ║
    ║     npx playwright install                                              ║
    ║                                                                         ║
    ║ <3 Playwright Team                                                      ║
    ╚═════════════════════════════════════════════════════════════════════════╝
]]>
</failure>
</testcase>
<testcase name="Database Table Management › should handle table backup and restore" classname="database/table-management.spec.ts" time="0.007">
<failure message="table-management.spec.ts:355:7 should handle table backup and restore" type="FAILURE">
<![CDATA[  [chromium] › database/table-management.spec.ts:355:7 › Database Table Management › should handle table backup and restore 

    Error: browserType.launch: Executable doesn't exist at /home/ricardo-filipebondor/.cache/ms-playwright/chromium_headless_shell-1187/chrome-linux/headless_shell
    ╔═════════════════════════════════════════════════════════════════════════╗
    ║ Looks like Playwright Test or Playwright was just installed or updated. ║
    ║ Please run the following command to download new browsers:              ║
    ║                                                                         ║
    ║     npx playwright install                                              ║
    ║                                                                         ║
    ║ <3 Playwright Team                                                      ║
    ╚═════════════════════════════════════════════════════════════════════════╝
]]>
</failure>
</testcase>
</testsuite>
<testsuite name="invoice/invoice-creation.spec.ts" timestamp="2025-09-07T12:53:54.762Z" hostname="chromium" tests="4" failures="4" skipped="0" time="0.029" errors="0">
<testcase name="Invoice Creation Flow › should create invoice successfully" classname="invoice/invoice-creation.spec.ts" time="0.007">
<failure message="invoice-creation.spec.ts:111:6 should create invoice successfully" type="FAILURE">
<![CDATA[  [chromium] › invoice/invoice-creation.spec.ts:111:6 › Invoice Creation Flow › should create invoice successfully 

    Error: browserType.launch: Executable doesn't exist at /home/ricardo-filipebondor/.cache/ms-playwright/chromium_headless_shell-1187/chrome-linux/headless_shell
    ╔═════════════════════════════════════════════════════════════════════════╗
    ║ Looks like Playwright Test or Playwright was just installed or updated. ║
    ║ Please run the following command to download new browsers:              ║
    ║                                                                         ║
    ║     npx playwright install                                              ║
    ║                                                                         ║
    ║ <3 Playwright Team                                                      ║
    ╚═════════════════════════════════════════════════════════════════════════╝
]]>
</failure>
</testcase>
<testcase name="Invoice Creation Flow › should validate required fields" classname="invoice/invoice-creation.spec.ts" time="0.008">
<failure message="invoice-creation.spec.ts:162:6 should validate required fields" type="FAILURE">
<![CDATA[  [chromium] › invoice/invoice-creation.spec.ts:162:6 › Invoice Creation Flow › should validate required fields 

    Error: browserType.launch: Executable doesn't exist at /home/ricardo-filipebondor/.cache/ms-playwright/chromium_headless_shell-1187/chrome-linux/headless_shell
    ╔═════════════════════════════════════════════════════════════════════════╗
    ║ Looks like Playwright Test or Playwright was just installed or updated. ║
    ║ Please run the following command to download new browsers:              ║
    ║                                                                         ║
    ║     npx playwright install                                              ║
    ║                                                                         ║
    ║ <3 Playwright Team                                                      ║
    ╚═════════════════════════════════════════════════════════════════════════╝
]]>
</failure>
</testcase>
<testcase name="Invoice Creation Flow › should handle currency conversion" classname="invoice/invoice-creation.spec.ts" time="0.007">
<failure message="invoice-creation.spec.ts:176:6 should handle currency conversion" type="FAILURE">
<![CDATA[  [chromium] › invoice/invoice-creation.spec.ts:176:6 › Invoice Creation Flow › should handle currency conversion 

    Error: browserType.launch: Executable doesn't exist at /home/ricardo-filipebondor/.cache/ms-playwright/chromium_headless_shell-1187/chrome-linux/headless_shell
    ╔═════════════════════════════════════════════════════════════════════════╗
    ║ Looks like Playwright Test or Playwright was just installed or updated. ║
    ║ Please run the following command to download new browsers:              ║
    ║                                                                         ║
    ║     npx playwright install                                              ║
    ║                                                                         ║
    ║ <3 Playwright Team                                                      ║
    ╚═════════════════════════════════════════════════════════════════════════╝
]]>
</failure>
</testcase>
<testcase name="Invoice Creation Flow › should edit existing invoice" classname="invoice/invoice-creation.spec.ts" time="0.007">
<failure message="invoice-creation.spec.ts:223:6 should edit existing invoice" type="FAILURE">
<![CDATA[  [chromium] › invoice/invoice-creation.spec.ts:223:6 › Invoice Creation Flow › should edit existing invoice 

    Error: browserType.launch: Executable doesn't exist at /home/ricardo-filipebondor/.cache/ms-playwright/chromium_headless_shell-1187/chrome-linux/headless_shell
    ╔═════════════════════════════════════════════════════════════════════════╗
    ║ Looks like Playwright Test or Playwright was just installed or updated. ║
    ║ Please run the following command to download new browsers:              ║
    ║                                                                         ║
    ║     npx playwright install                                              ║
    ║                                                                         ║
    ║ <3 Playwright Team                                                      ║
    ╚═════════════════════════════════════════════════════════════════════════╝
]]>
</failure>
</testcase>
</testsuite>
<testsuite name="auth/user-login.spec.ts" timestamp="2025-09-07T12:53:54.762Z" hostname="firefox" tests="16" failures="16" skipped="0" time="0.126" errors="0">
<testcase name="User Login Flow › should login successfully with valid credentials" classname="auth/user-login.spec.ts" time="0.007">
<failure message="user-login.spec.ts:8:7 should login successfully with valid credentials" type="FAILURE">
<![CDATA[  [firefox] › auth/user-login.spec.ts:8:7 › User Login Flow › should login successfully with valid credentials 

    Error: browserType.launch: Executable doesn't exist at /home/ricardo-filipebondor/.cache/ms-playwright/firefox-1490/firefox/firefox
    ╔═════════════════════════════════════════════════════════════════════════╗
    ║ Looks like Playwright Test or Playwright was just installed or updated. ║
    ║ Please run the following command to download new browsers:              ║
    ║                                                                         ║
    ║     npx playwright install                                              ║
    ║                                                                         ║
    ║ <3 Playwright Team                                                      ║
    ╚═════════════════════════════════════════════════════════════════════════╝
]]>
</failure>
</testcase>
<testcase name="User Login Flow › should show error for invalid credentials" classname="auth/user-login.spec.ts" time="0.008">
<failure message="user-login.spec.ts:27:7 should show error for invalid credentials" type="FAILURE">
<![CDATA[  [firefox] › auth/user-login.spec.ts:27:7 › User Login Flow › should show error for invalid credentials 

    Error: browserType.launch: Executable doesn't exist at /home/ricardo-filipebondor/.cache/ms-playwright/firefox-1490/firefox/firefox
    ╔═════════════════════════════════════════════════════════════════════════╗
    ║ Looks like Playwright Test or Playwright was just installed or updated. ║
    ║ Please run the following command to download new browsers:              ║
    ║                                                                         ║
    ║     npx playwright install                                              ║
    ║                                                                         ║
    ║ <3 Playwright Team                                                      ║
    ╚═════════════════════════════════════════════════════════════════════════╝
]]>
</failure>
</testcase>
<testcase name="User Login Flow › should show error for non-existent user" classname="auth/user-login.spec.ts" time="0.009">
<failure message="user-login.spec.ts:39:7 should show error for non-existent user" type="FAILURE">
<![CDATA[  [firefox] › auth/user-login.spec.ts:39:7 › User Login Flow › should show error for non-existent user 

    Error: browserType.launch: Executable doesn't exist at /home/ricardo-filipebondor/.cache/ms-playwright/firefox-1490/firefox/firefox
    ╔═════════════════════════════════════════════════════════════════════════╗
    ║ Looks like Playwright Test or Playwright was just installed or updated. ║
    ║ Please run the following command to download new browsers:              ║
    ║                                                                         ║
    ║     npx playwright install                                              ║
    ║                                                                         ║
    ║ <3 Playwright Team                                                      ║
    ╚═════════════════════════════════════════════════════════════════════════╝
]]>
</failure>
</testcase>
<testcase name="User Login Flow › should show validation errors for empty fields" classname="auth/user-login.spec.ts" time="0.007">
<failure message="user-login.spec.ts:51:7 should show validation errors for empty fields" type="FAILURE">
<![CDATA[  [firefox] › auth/user-login.spec.ts:51:7 › User Login Flow › should show validation errors for empty fields 

    Error: browserType.launch: Executable doesn't exist at /home/ricardo-filipebondor/.cache/ms-playwright/firefox-1490/firefox/firefox
    ╔═════════════════════════════════════════════════════════════════════════╗
    ║ Looks like Playwright Test or Playwright was just installed or updated. ║
    ║ Please run the following command to download new browsers:              ║
    ║                                                                         ║
    ║     npx playwright install                                              ║
    ║                                                                         ║
    ║ <3 Playwright Team                                                      ║
    ╚═════════════════════════════════════════════════════════════════════════╝
]]>
</failure>
</testcase>
<testcase name="User Login Flow › should show error for invalid email format" classname="auth/user-login.spec.ts" time="0.007">
<failure message="user-login.spec.ts:63:7 should show error for invalid email format" type="FAILURE">
<![CDATA[  [firefox] › auth/user-login.spec.ts:63:7 › User Login Flow › should show error for invalid email format 

    Error: browserType.launch: Executable doesn't exist at /home/ricardo-filipebondor/.cache/ms-playwright/firefox-1490/firefox/firefox
    ╔═════════════════════════════════════════════════════════════════════════╗
    ║ Looks like Playwright Test or Playwright was just installed or updated. ║
    ║ Please run the following command to download new browsers:              ║
    ║                                                                         ║
    ║     npx playwright install                                              ║
    ║                                                                         ║
    ║ <3 Playwright Team                                                      ║
    ╚═════════════════════════════════════════════════════════════════════════╝
]]>
</failure>
</testcase>
<testcase name="User Login Flow › should navigate to registration page from login" classname="auth/user-login.spec.ts" time="0.007">
<failure message="user-login.spec.ts:75:7 should navigate to registration page from login" type="FAILURE">
<![CDATA[  [firefox] › auth/user-login.spec.ts:75:7 › User Login Flow › should navigate to registration page from login 

    Error: browserType.launch: Executable doesn't exist at /home/ricardo-filipebondor/.cache/ms-playwright/firefox-1490/firefox/firefox
    ╔═════════════════════════════════════════════════════════════════════════╗
    ║ Looks like Playwright Test or Playwright was just installed or updated. ║
    ║ Please run the following command to download new browsers:              ║
    ║                                                                         ║
    ║     npx playwright install                                              ║
    ║                                                                         ║
    ║ <3 Playwright Team                                                      ║
    ╚═════════════════════════════════════════════════════════════════════════╝
]]>
</failure>
</testcase>
<testcase name="User Login Flow › should navigate to forgot password page" classname="auth/user-login.spec.ts" time="0.009">
<failure message="user-login.spec.ts:83:7 should navigate to forgot password page" type="FAILURE">
<![CDATA[  [firefox] › auth/user-login.spec.ts:83:7 › User Login Flow › should navigate to forgot password page 

    Error: browserType.launch: Executable doesn't exist at /home/ricardo-filipebondor/.cache/ms-playwright/firefox-1490/firefox/firefox
    ╔═════════════════════════════════════════════════════════════════════════╗
    ║ Looks like Playwright Test or Playwright was just installed or updated. ║
    ║ Please run the following command to download new browsers:              ║
    ║                                                                         ║
    ║     npx playwright install                                              ║
    ║                                                                         ║
    ║ <3 Playwright Team                                                      ║
    ╚═════════════════════════════════════════════════════════════════════════╝
]]>
</failure>
</testcase>
<testcase name="User Login Flow › should handle network errors gracefully" classname="auth/user-login.spec.ts" time="0.008">
<failure message="user-login.spec.ts:91:7 should handle network errors gracefully" type="FAILURE">
<![CDATA[  [firefox] › auth/user-login.spec.ts:91:7 › User Login Flow › should handle network errors gracefully 

    Error: browserType.launch: Executable doesn't exist at /home/ricardo-filipebondor/.cache/ms-playwright/firefox-1490/firefox/firefox
    ╔═════════════════════════════════════════════════════════════════════════╗
    ║ Looks like Playwright Test or Playwright was just installed or updated. ║
    ║ Please run the following command to download new browsers:              ║
    ║                                                                         ║
    ║     npx playwright install                                              ║
    ║                                                                         ║
    ║ <3 Playwright Team                                                      ║
    ╚═════════════════════════════════════════════════════════════════════════╝
]]>
</failure>
</testcase>
<testcase name="User Login Flow › should show loading state during login" classname="auth/user-login.spec.ts" time="0.008">
<failure message="user-login.spec.ts:106:7 should show loading state during login" type="FAILURE">
<![CDATA[  [firefox] › auth/user-login.spec.ts:106:7 › User Login Flow › should show loading state during login 

    Error: browserType.launch: Executable doesn't exist at /home/ricardo-filipebondor/.cache/ms-playwright/firefox-1490/firefox/firefox
    ╔═════════════════════════════════════════════════════════════════════════╗
    ║ Looks like Playwright Test or Playwright was just installed or updated. ║
    ║ Please run the following command to download new browsers:              ║
    ║                                                                         ║
    ║     npx playwright install                                              ║
    ║                                                                         ║
    ║ <3 Playwright Team                                                      ║
    ╚═════════════════════════════════════════════════════════════════════════╝
]]>
</failure>
</testcase>
<testcase name="User Login Flow › should remember login state after page refresh" classname="auth/user-login.spec.ts" time="0.008">
<failure message="user-login.spec.ts:126:7 should remember login state after page refresh" type="FAILURE">
<![CDATA[  [firefox] › auth/user-login.spec.ts:126:7 › User Login Flow › should remember login state after page refresh 

    Error: browserType.launch: Executable doesn't exist at /home/ricardo-filipebondor/.cache/ms-playwright/firefox-1490/firefox/firefox
    ╔═════════════════════════════════════════════════════════════════════════╗
    ║ Looks like Playwright Test or Playwright was just installed or updated. ║
    ║ Please run the following command to download new browsers:              ║
    ║                                                                         ║
    ║     npx playwright install                                              ║
    ║                                                                         ║
    ║ <3 Playwright Team                                                      ║
    ╚═════════════════════════════════════════════════════════════════════════╝
]]>
</failure>
</testcase>
<testcase name="User Login Flow › should support remember me functionality" classname="auth/user-login.spec.ts" time="0.008">
<failure message="user-login.spec.ts:146:7 should support remember me functionality" type="FAILURE">
<![CDATA[  [firefox] › auth/user-login.spec.ts:146:7 › User Login Flow › should support remember me functionality 

    Error: browserType.launch: Executable doesn't exist at /home/ricardo-filipebondor/.cache/ms-playwright/firefox-1490/firefox/firefox
    ╔═════════════════════════════════════════════════════════════════════════╗
    ║ Looks like Playwright Test or Playwright was just installed or updated. ║
    ║ Please run the following command to download new browsers:              ║
    ║                                                                         ║
    ║     npx playwright install                                              ║
    ║                                                                         ║
    ║ <3 Playwright Team                                                      ║
    ╚═════════════════════════════════════════════════════════════════════════╝
]]>
</failure>
</testcase>
<testcase name="User Login Flow › should handle OAuth login with Google" classname="auth/user-login.spec.ts" time="0.008">
<failure message="user-login.spec.ts:176:7 should handle OAuth login with Google" type="FAILURE">
<![CDATA[  [firefox] › auth/user-login.spec.ts:176:7 › User Login Flow › should handle OAuth login with Google 

    Error: browserType.launch: Executable doesn't exist at /home/ricardo-filipebondor/.cache/ms-playwright/firefox-1490/firefox/firefox
    ╔═════════════════════════════════════════════════════════════════════════╗
    ║ Looks like Playwright Test or Playwright was just installed or updated. ║
    ║ Please run the following command to download new browsers:              ║
    ║                                                                         ║
    ║     npx playwright install                                              ║
    ║                                                                         ║
    ║ <3 Playwright Team                                                      ║
    ╚═════════════════════════════════════════════════════════════════════════╝
]]>
</failure>
</testcase>
<testcase name="User Login Flow › should handle case sensitivity in email" classname="auth/user-login.spec.ts" time="0.007">
<failure message="user-login.spec.ts:205:7 should handle case sensitivity in email" type="FAILURE">
<![CDATA[  [firefox] › auth/user-login.spec.ts:205:7 › User Login Flow › should handle case sensitivity in email 

    Error: browserType.launch: Executable doesn't exist at /home/ricardo-filipebondor/.cache/ms-playwright/firefox-1490/firefox/firefox
    ╔═════════════════════════════════════════════════════════════════════════╗
    ║ Looks like Playwright Test or Playwright was just installed or updated. ║
    ║ Please run the following command to download new browsers:              ║
    ║                                                                         ║
    ║     npx playwright install                                              ║
    ║                                                                         ║
    ║ <3 Playwright Team                                                      ║
    ╚═════════════════════════════════════════════════════════════════════════╝
]]>
</failure>
</testcase>
<testcase name="User Login Flow › should handle special characters in password" classname="auth/user-login.spec.ts" time="0.008">
<failure message="user-login.spec.ts:222:7 should handle special characters in password" type="FAILURE">
<![CDATA[  [firefox] › auth/user-login.spec.ts:222:7 › User Login Flow › should handle special characters in password 

    Error: browserType.launch: Executable doesn't exist at /home/ricardo-filipebondor/.cache/ms-playwright/firefox-1490/firefox/firefox
    ╔═════════════════════════════════════════════════════════════════════════╗
    ║ Looks like Playwright Test or Playwright was just installed or updated. ║
    ║ Please run the following command to download new browsers:              ║
    ║                                                                         ║
    ║     npx playwright install                                              ║
    ║                                                                         ║
    ║ <3 Playwright Team                                                      ║
    ╚═════════════════════════════════════════════════════════════════════════╝
]]>
</failure>
</testcase>
<testcase name="User Login Flow › should prevent multiple simultaneous login attempts" classname="auth/user-login.spec.ts" time="0.009">
<failure message="user-login.spec.ts:238:7 should prevent multiple simultaneous login attempts" type="FAILURE">
<![CDATA[  [firefox] › auth/user-login.spec.ts:238:7 › User Login Flow › should prevent multiple simultaneous login attempts 

    Error: browserType.launch: Executable doesn't exist at /home/ricardo-filipebondor/.cache/ms-playwright/firefox-1490/firefox/firefox
    ╔═════════════════════════════════════════════════════════════════════════╗
    ║ Looks like Playwright Test or Playwright was just installed or updated. ║
    ║ Please run the following command to download new browsers:              ║
    ║                                                                         ║
    ║     npx playwright install                                              ║
    ║                                                                         ║
    ║ <3 Playwright Team                                                      ║
    ╚═════════════════════════════════════════════════════════════════════════╝
]]>
</failure>
</testcase>
<testcase name="User Login Flow › should clear form errors when user starts typing" classname="auth/user-login.spec.ts" time="0.008">
<failure message="user-login.spec.ts:254:7 should clear form errors when user starts typing" type="FAILURE">
<![CDATA[  [firefox] › auth/user-login.spec.ts:254:7 › User Login Flow › should clear form errors when user starts typing 

    Error: browserType.launch: Executable doesn't exist at /home/ricardo-filipebondor/.cache/ms-playwright/firefox-1490/firefox/firefox
    ╔═════════════════════════════════════════════════════════════════════════╗
    ║ Looks like Playwright Test or Playwright was just installed or updated. ║
    ║ Please run the following command to download new browsers:              ║
    ║                                                                         ║
    ║     npx playwright install                                              ║
    ║                                                                         ║
    ║ <3 Playwright Team                                                      ║
    ╚═════════════════════════════════════════════════════════════════════════╝
]]>
</failure>
</testcase>
</testsuite>
<testsuite name="auth/user-registration.spec.ts" timestamp="2025-09-07T12:53:54.762Z" hostname="firefox" tests="11" failures="11" skipped="0" time="0.086" errors="0">
<testcase name="User Registration Flow › should complete user registration successfully" classname="auth/user-registration.spec.ts" time="0.011">
<failure message="user-registration.spec.ts:8:7 should complete user registration successfully" type="FAILURE">
<![CDATA[  [firefox] › auth/user-registration.spec.ts:8:7 › User Registration Flow › should complete user registration successfully 

    Error: browserType.launch: Executable doesn't exist at /home/ricardo-filipebondor/.cache/ms-playwright/firefox-1490/firefox/firefox
    ╔═════════════════════════════════════════════════════════════════════════╗
    ║ Looks like Playwright Test or Playwright was just installed or updated. ║
    ║ Please run the following command to download new browsers:              ║
    ║                                                                         ║
    ║     npx playwright install                                              ║
    ║                                                                         ║
    ║ <3 Playwright Team                                                      ║
    ╚═════════════════════════════════════════════════════════════════════════╝
]]>
</failure>
</testcase>
<testcase name="User Registration Flow › should show validation errors for invalid input" classname="auth/user-registration.spec.ts" time="0.008">
<failure message="user-registration.spec.ts:30:7 should show validation errors for invalid input" type="FAILURE">
<![CDATA[  [firefox] › auth/user-registration.spec.ts:30:7 › User Registration Flow › should show validation errors for invalid input 

    Error: browserType.launch: Executable doesn't exist at /home/ricardo-filipebondor/.cache/ms-playwright/firefox-1490/firefox/firefox
    ╔═════════════════════════════════════════════════════════════════════════╗
    ║ Looks like Playwright Test or Playwright was just installed or updated. ║
    ║ Please run the following command to download new browsers:              ║
    ║                                                                         ║
    ║     npx playwright install                                              ║
    ║                                                                         ║
    ║ <3 Playwright Team                                                      ║
    ╚═════════════════════════════════════════════════════════════════════════╝
]]>
</failure>
</testcase>
<testcase name="User Registration Flow › should show error for invalid email format" classname="auth/user-registration.spec.ts" time="0.008">
<failure message="user-registration.spec.ts:44:7 should show error for invalid email format" type="FAILURE">
<![CDATA[  [firefox] › auth/user-registration.spec.ts:44:7 › User Registration Flow › should show error for invalid email format 

    Error: browserType.launch: Executable doesn't exist at /home/ricardo-filipebondor/.cache/ms-playwright/firefox-1490/firefox/firefox
    ╔═════════════════════════════════════════════════════════════════════════╗
    ║ Looks like Playwright Test or Playwright was just installed or updated. ║
    ║ Please run the following command to download new browsers:              ║
    ║                                                                         ║
    ║     npx playwright install                                              ║
    ║                                                                         ║
    ║ <3 Playwright Team                                                      ║
    ╚═════════════════════════════════════════════════════════════════════════╝
]]>
</failure>
</testcase>
<testcase name="User Registration Flow › should show error for weak password" classname="auth/user-registration.spec.ts" time="0.007">
<failure message="user-registration.spec.ts:59:7 should show error for weak password" type="FAILURE">
<![CDATA[  [firefox] › auth/user-registration.spec.ts:59:7 › User Registration Flow › should show error for weak password 

    Error: browserType.launch: Executable doesn't exist at /home/ricardo-filipebondor/.cache/ms-playwright/firefox-1490/firefox/firefox
    ╔═════════════════════════════════════════════════════════════════════════╗
    ║ Looks like Playwright Test or Playwright was just installed or updated. ║
    ║ Please run the following command to download new browsers:              ║
    ║                                                                         ║
    ║     npx playwright install                                              ║
    ║                                                                         ║
    ║ <3 Playwright Team                                                      ║
    ╚═════════════════════════════════════════════════════════════════════════╝
]]>
</failure>
</testcase>
<testcase name="User Registration Flow › should show error for existing email" classname="auth/user-registration.spec.ts" time="0.007">
<failure message="user-registration.spec.ts:74:7 should show error for existing email" type="FAILURE">
<![CDATA[  [firefox] › auth/user-registration.spec.ts:74:7 › User Registration Flow › should show error for existing email 

    Error: browserType.launch: Executable doesn't exist at /home/ricardo-filipebondor/.cache/ms-playwright/firefox-1490/firefox/firefox
    ╔═════════════════════════════════════════════════════════════════════════╗
    ║ Looks like Playwright Test or Playwright was just installed or updated. ║
    ║ Please run the following command to download new browsers:              ║
    ║                                                                         ║
    ║     npx playwright install                                              ║
    ║                                                                         ║
    ║ <3 Playwright Team                                                      ║
    ╚═════════════════════════════════════════════════════════════════════════╝
]]>
</failure>
</testcase>
<testcase name="User Registration Flow › should navigate to login page from registration" classname="auth/user-registration.spec.ts" time="0.009">
<failure message="user-registration.spec.ts:90:7 should navigate to login page from registration" type="FAILURE">
<![CDATA[  [firefox] › auth/user-registration.spec.ts:90:7 › User Registration Flow › should navigate to login page from registration 

    Error: browserType.launch: Executable doesn't exist at /home/ricardo-filipebondor/.cache/ms-playwright/firefox-1490/firefox/firefox
    ╔═════════════════════════════════════════════════════════════════════════╗
    ║ Looks like Playwright Test or Playwright was just installed or updated. ║
    ║ Please run the following command to download new browsers:              ║
    ║                                                                         ║
    ║     npx playwright install                                              ║
    ║                                                                         ║
    ║ <3 Playwright Team                                                      ║
    ╚═════════════════════════════════════════════════════════════════════════╝
]]>
</failure>
</testcase>
<testcase name="User Registration Flow › should handle network errors gracefully" classname="auth/user-registration.spec.ts" time="0.007">
<failure message="user-registration.spec.ts:98:7 should handle network errors gracefully" type="FAILURE">
<![CDATA[  [firefox] › auth/user-registration.spec.ts:98:7 › User Registration Flow › should handle network errors gracefully 

    Error: browserType.launch: Executable doesn't exist at /home/ricardo-filipebondor/.cache/ms-playwright/firefox-1490/firefox/firefox
    ╔═════════════════════════════════════════════════════════════════════════╗
    ║ Looks like Playwright Test or Playwright was just installed or updated. ║
    ║ Please run the following command to download new browsers:              ║
    ║                                                                         ║
    ║     npx playwright install                                              ║
    ║                                                                         ║
    ║ <3 Playwright Team                                                      ║
    ╚═════════════════════════════════════════════════════════════════════════╝
]]>
</failure>
</testcase>
<testcase name="User Registration Flow › should show loading state during registration" classname="auth/user-registration.spec.ts" time="0.007">
<failure message="user-registration.spec.ts:116:7 should show loading state during registration" type="FAILURE">
<![CDATA[  [firefox] › auth/user-registration.spec.ts:116:7 › User Registration Flow › should show loading state during registration 

    Error: browserType.launch: Executable doesn't exist at /home/ricardo-filipebondor/.cache/ms-playwright/firefox-1490/firefox/firefox
    ╔═════════════════════════════════════════════════════════════════════════╗
    ║ Looks like Playwright Test or Playwright was just installed or updated. ║
    ║ Please run the following command to download new browsers:              ║
    ║                                                                         ║
    ║     npx playwright install                                              ║
    ║                                                                         ║
    ║ <3 Playwright Team                                                      ║
    ╚═════════════════════════════════════════════════════════════════════════╝
]]>
</failure>
</testcase>
<testcase name="User Registration Flow › should support different user roles" classname="auth/user-registration.spec.ts" time="0.007">
<failure message="user-registration.spec.ts:139:7 should support different user roles" type="FAILURE">
<![CDATA[  [firefox] › auth/user-registration.spec.ts:139:7 › User Registration Flow › should support different user roles 

    Error: browserType.launch: Executable doesn't exist at /home/ricardo-filipebondor/.cache/ms-playwright/firefox-1490/firefox/firefox
    ╔═════════════════════════════════════════════════════════════════════════╗
    ║ Looks like Playwright Test or Playwright was just installed or updated. ║
    ║ Please run the following command to download new browsers:              ║
    ║                                                                         ║
    ║     npx playwright install                                              ║
    ║                                                                         ║
    ║ <3 Playwright Team                                                      ║
    ╚═════════════════════════════════════════════════════════════════════════╝
]]>
</failure>
</testcase>
<testcase name="User Registration Flow › should validate password confirmation if field exists" classname="auth/user-registration.spec.ts" time="0.007">
<failure message="user-registration.spec.ts:162:7 should validate password confirmation if field exists" type="FAILURE">
<![CDATA[  [firefox] › auth/user-registration.spec.ts:162:7 › User Registration Flow › should validate password confirmation if field exists 

    Error: browserType.launch: Executable doesn't exist at /home/ricardo-filipebondor/.cache/ms-playwright/firefox-1490/firefox/firefox
    ╔═════════════════════════════════════════════════════════════════════════╗
    ║ Looks like Playwright Test or Playwright was just installed or updated. ║
    ║ Please run the following command to download new browsers:              ║
    ║                                                                         ║
    ║     npx playwright install                                              ║
    ║                                                                         ║
    ║ <3 Playwright Team                                                      ║
    ╚═════════════════════════════════════════════════════════════════════════╝
]]>
</failure>
</testcase>
<testcase name="User Registration Flow › should handle form reset" classname="auth/user-registration.spec.ts" time="0.008">
<failure message="user-registration.spec.ts:182:7 should handle form reset" type="FAILURE">
<![CDATA[  [firefox] › auth/user-registration.spec.ts:182:7 › User Registration Flow › should handle form reset 

    Error: browserType.launch: Executable doesn't exist at /home/ricardo-filipebondor/.cache/ms-playwright/firefox-1490/firefox/firefox
    ╔═════════════════════════════════════════════════════════════════════════╗
    ║ Looks like Playwright Test or Playwright was just installed or updated. ║
    ║ Please run the following command to download new browsers:              ║
    ║                                                                         ║
    ║     npx playwright install                                              ║
    ║                                                                         ║
    ║ <3 Playwright Team                                                      ║
    ╚═════════════════════════════════════════════════════════════════════════╝
]]>
</failure>
</testcase>
</testsuite>
<testsuite name="dashboard/dashboard-navigation.spec.ts" timestamp="2025-09-07T12:53:54.762Z" hostname="firefox" tests="21" failures="21" skipped="0" time="0.163" errors="0">
<testcase name="Dashboard Navigation › should display main navigation menu" classname="dashboard/dashboard-navigation.spec.ts" time="0.007">
<failure message="dashboard-navigation.spec.ts:16:7 should display main navigation menu" type="FAILURE">
<![CDATA[  [firefox] › dashboard/dashboard-navigation.spec.ts:16:7 › Dashboard Navigation › should display main navigation menu 

    Error: browserType.launch: Executable doesn't exist at /home/ricardo-filipebondor/.cache/ms-playwright/firefox-1490/firefox/firefox
    ╔═════════════════════════════════════════════════════════════════════════╗
    ║ Looks like Playwright Test or Playwright was just installed or updated. ║
    ║ Please run the following command to download new browsers:              ║
    ║                                                                         ║
    ║     npx playwright install                                              ║
    ║                                                                         ║
    ║ <3 Playwright Team                                                      ║
    ╚═════════════════════════════════════════════════════════════════════════╝
]]>
</failure>
</testcase>
<testcase name="Dashboard Navigation › should navigate to dashboard page" classname="dashboard/dashboard-navigation.spec.ts" time="0.008">
<failure message="dashboard-navigation.spec.ts:25:7 should navigate to dashboard page" type="FAILURE">
<![CDATA[  [firefox] › dashboard/dashboard-navigation.spec.ts:25:7 › Dashboard Navigation › should navigate to dashboard page 

    Error: browserType.launch: Executable doesn't exist at /home/ricardo-filipebondor/.cache/ms-playwright/firefox-1490/firefox/firefox
    ╔═════════════════════════════════════════════════════════════════════════╗
    ║ Looks like Playwright Test or Playwright was just installed or updated. ║
    ║ Please run the following command to download new browsers:              ║
    ║                                                                         ║
    ║     npx playwright install                                              ║
    ║                                                                         ║
    ║ <3 Playwright Team                                                      ║
    ╚═════════════════════════════════════════════════════════════════════════╝
]]>
</failure>
</testcase>
<testcase name="Dashboard Navigation › should navigate to database management page" classname="dashboard/dashboard-navigation.spec.ts" time="0.007">
<failure message="dashboard-navigation.spec.ts:33:7 should navigate to database management page" type="FAILURE">
<![CDATA[  [firefox] › dashboard/dashboard-navigation.spec.ts:33:7 › Dashboard Navigation › should navigate to database management page 

    Error: browserType.launch: Executable doesn't exist at /home/ricardo-filipebondor/.cache/ms-playwright/firefox-1490/firefox/firefox
    ╔═════════════════════════════════════════════════════════════════════════╗
    ║ Looks like Playwright Test or Playwright was just installed or updated. ║
    ║ Please run the following command to download new browsers:              ║
    ║                                                                         ║
    ║     npx playwright install                                              ║
    ║                                                                         ║
    ║ <3 Playwright Team                                                      ║
    ╚═════════════════════════════════════════════════════════════════════════╝
]]>
</failure>
</testcase>
<testcase name="Dashboard Navigation › should navigate to analytics page" classname="dashboard/dashboard-navigation.spec.ts" time="0.007">
<failure message="dashboard-navigation.spec.ts:41:7 should navigate to analytics page" type="FAILURE">
<![CDATA[  [firefox] › dashboard/dashboard-navigation.spec.ts:41:7 › Dashboard Navigation › should navigate to analytics page 

    Error: browserType.launch: Executable doesn't exist at /home/ricardo-filipebondor/.cache/ms-playwright/firefox-1490/firefox/firefox
    ╔═════════════════════════════════════════════════════════════════════════╗
    ║ Looks like Playwright Test or Playwright was just installed or updated. ║
    ║ Please run the following command to download new browsers:              ║
    ║                                                                         ║
    ║     npx playwright install                                              ║
    ║                                                                         ║
    ║ <3 Playwright Team                                                      ║
    ╚═════════════════════════════════════════════════════════════════════════╝
]]>
</failure>
</testcase>
<testcase name="Dashboard Navigation › should navigate to settings page" classname="dashboard/dashboard-navigation.spec.ts" time="0.007">
<failure message="dashboard-navigation.spec.ts:49:7 should navigate to settings page" type="FAILURE">
<![CDATA[  [firefox] › dashboard/dashboard-navigation.spec.ts:49:7 › Dashboard Navigation › should navigate to settings page 

    Error: browserType.launch: Executable doesn't exist at /home/ricardo-filipebondor/.cache/ms-playwright/firefox-1490/firefox/firefox
    ╔═════════════════════════════════════════════════════════════════════════╗
    ║ Looks like Playwright Test or Playwright was just installed or updated. ║
    ║ Please run the following command to download new browsers:              ║
    ║                                                                         ║
    ║     npx playwright install                                              ║
    ║                                                                         ║
    ║ <3 Playwright Team                                                      ║
    ╚═════════════════════════════════════════════════════════════════════════╝
]]>
</failure>
</testcase>
<testcase name="Dashboard Navigation › should display user profile menu" classname="dashboard/dashboard-navigation.spec.ts" time="0.008">
<failure message="dashboard-navigation.spec.ts:57:7 should display user profile menu" type="FAILURE">
<![CDATA[  [firefox] › dashboard/dashboard-navigation.spec.ts:57:7 › Dashboard Navigation › should display user profile menu 

    Error: browserType.launch: Executable doesn't exist at /home/ricardo-filipebondor/.cache/ms-playwright/firefox-1490/firefox/firefox
    ╔═════════════════════════════════════════════════════════════════════════╗
    ║ Looks like Playwright Test or Playwright was just installed or updated. ║
    ║ Please run the following command to download new browsers:              ║
    ║                                                                         ║
    ║     npx playwright install                                              ║
    ║                                                                         ║
    ║ <3 Playwright Team                                                      ║
    ╚═════════════════════════════════════════════════════════════════════════╝
]]>
</failure>
</testcase>
<testcase name="Dashboard Navigation › should navigate to user profile" classname="dashboard/dashboard-navigation.spec.ts" time="0.007">
<failure message="dashboard-navigation.spec.ts:67:7 should navigate to user profile" type="FAILURE">
<![CDATA[  [firefox] › dashboard/dashboard-navigation.spec.ts:67:7 › Dashboard Navigation › should navigate to user profile 

    Error: browserType.launch: Executable doesn't exist at /home/ricardo-filipebondor/.cache/ms-playwright/firefox-1490/firefox/firefox
    ╔═════════════════════════════════════════════════════════════════════════╗
    ║ Looks like Playwright Test or Playwright was just installed or updated. ║
    ║ Please run the following command to download new browsers:              ║
    ║                                                                         ║
    ║     npx playwright install                                              ║
    ║                                                                         ║
    ║ <3 Playwright Team                                                      ║
    ╚═════════════════════════════════════════════════════════════════════════╝
]]>
</failure>
</testcase>
<testcase name="Dashboard Navigation › should logout successfully" classname="dashboard/dashboard-navigation.spec.ts" time="0.012">
<failure message="dashboard-navigation.spec.ts:75:7 should logout successfully" type="FAILURE">
<![CDATA[  [firefox] › dashboard/dashboard-navigation.spec.ts:75:7 › Dashboard Navigation › should logout successfully 

    Error: browserType.launch: Executable doesn't exist at /home/ricardo-filipebondor/.cache/ms-playwright/firefox-1490/firefox/firefox
    ╔═════════════════════════════════════════════════════════════════════════╗
    ║ Looks like Playwright Test or Playwright was just installed or updated. ║
    ║ Please run the following command to download new browsers:              ║
    ║                                                                         ║
    ║     npx playwright install                                              ║
    ║                                                                         ║
    ║ <3 Playwright Team                                                      ║
    ╚═════════════════════════════════════════════════════════════════════════╝
]]>
</failure>
</testcase>
<testcase name="Dashboard Navigation › should show active navigation state" classname="dashboard/dashboard-navigation.spec.ts" time="0.006">
<failure message="dashboard-navigation.spec.ts:84:7 should show active navigation state" type="FAILURE">
<![CDATA[  [firefox] › dashboard/dashboard-navigation.spec.ts:84:7 › Dashboard Navigation › should show active navigation state 

    Error: browserType.launch: Executable doesn't exist at /home/ricardo-filipebondor/.cache/ms-playwright/firefox-1490/firefox/firefox
    ╔═════════════════════════════════════════════════════════════════════════╗
    ║ Looks like Playwright Test or Playwright was just installed or updated. ║
    ║ Please run the following command to download new browsers:              ║
    ║                                                                         ║
    ║     npx playwright install                                              ║
    ║                                                                         ║
    ║ <3 Playwright Team                                                      ║
    ╚═════════════════════════════════════════════════════════════════════════╝
]]>
</failure>
</testcase>
<testcase name="Dashboard Navigation › should handle mobile navigation menu" classname="dashboard/dashboard-navigation.spec.ts" time="0.008">
<failure message="dashboard-navigation.spec.ts:95:7 should handle mobile navigation menu" type="FAILURE">
<![CDATA[  [firefox] › dashboard/dashboard-navigation.spec.ts:95:7 › Dashboard Navigation › should handle mobile navigation menu 

    Error: browserType.launch: Executable doesn't exist at /home/ricardo-filipebondor/.cache/ms-playwright/firefox-1490/firefox/firefox
    ╔═════════════════════════════════════════════════════════════════════════╗
    ║ Looks like Playwright Test or Playwright was just installed or updated. ║
    ║ Please run the following command to download new browsers:              ║
    ║                                                                         ║
    ║     npx playwright install                                              ║
    ║                                                                         ║
    ║ <3 Playwright Team                                                      ║
    ╚═════════════════════════════════════════════════════════════════════════╝
]]>
</failure>
</testcase>
<testcase name="Dashboard Navigation › should display breadcrumbs for nested pages" classname="dashboard/dashboard-navigation.spec.ts" time="0.006">
<failure message="dashboard-navigation.spec.ts:112:7 should display breadcrumbs for nested pages" type="FAILURE">
<![CDATA[  [firefox] › dashboard/dashboard-navigation.spec.ts:112:7 › Dashboard Navigation › should display breadcrumbs for nested pages 

    Error: browserType.launch: Executable doesn't exist at /home/ricardo-filipebondor/.cache/ms-playwright/firefox-1490/firefox/firefox
    ╔═════════════════════════════════════════════════════════════════════════╗
    ║ Looks like Playwright Test or Playwright was just installed or updated. ║
    ║ Please run the following command to download new browsers:              ║
    ║                                                                         ║
    ║     npx playwright install                                              ║
    ║                                                                         ║
    ║ <3 Playwright Team                                                      ║
    ╚═════════════════════════════════════════════════════════════════════════╝
]]>
</failure>
</testcase>
<testcase name="Dashboard Navigation › should handle keyboard navigation" classname="dashboard/dashboard-navigation.spec.ts" time="0.007">
<failure message="dashboard-navigation.spec.ts:125:7 should handle keyboard navigation" type="FAILURE">
<![CDATA[  [firefox] › dashboard/dashboard-navigation.spec.ts:125:7 › Dashboard Navigation › should handle keyboard navigation 

    Error: browserType.launch: Executable doesn't exist at /home/ricardo-filipebondor/.cache/ms-playwright/firefox-1490/firefox/firefox
    ╔═════════════════════════════════════════════════════════════════════════╗
    ║ Looks like Playwright Test or Playwright was just installed or updated. ║
    ║ Please run the following command to download new browsers:              ║
    ║                                                                         ║
    ║     npx playwright install                                              ║
    ║                                                                         ║
    ║ <3 Playwright Team                                                      ║
    ╚═════════════════════════════════════════════════════════════════════════╝
]]>
</failure>
</testcase>
<testcase name="Dashboard Navigation › should display notifications" classname="dashboard/dashboard-navigation.spec.ts" time="0.007">
<failure message="dashboard-navigation.spec.ts:136:7 should display notifications" type="FAILURE">
<![CDATA[  [firefox] › dashboard/dashboard-navigation.spec.ts:136:7 › Dashboard Navigation › should display notifications 

    Error: browserType.launch: Executable doesn't exist at /home/ricardo-filipebondor/.cache/ms-playwright/firefox-1490/firefox/firefox
    ╔═════════════════════════════════════════════════════════════════════════╗
    ║ Looks like Playwright Test or Playwright was just installed or updated. ║
    ║ Please run the following command to download new browsers:              ║
    ║                                                                         ║
    ║     npx playwright install                                              ║
    ║                                                                         ║
    ║ <3 Playwright Team                                                      ║
    ╚═════════════════════════════════════════════════════════════════════════╝
]]>
</failure>
</testcase>
<testcase name="Dashboard Navigation › should handle search functionality" classname="dashboard/dashboard-navigation.spec.ts" time="0.011">
<failure message="dashboard-navigation.spec.ts:147:7 should handle search functionality" type="FAILURE">
<![CDATA[  [firefox] › dashboard/dashboard-navigation.spec.ts:147:7 › Dashboard Navigation › should handle search functionality 

    Error: browserType.launch: Executable doesn't exist at /home/ricardo-filipebondor/.cache/ms-playwright/firefox-1490/firefox/firefox
    ╔═════════════════════════════════════════════════════════════════════════╗
    ║ Looks like Playwright Test or Playwright was just installed or updated. ║
    ║ Please run the following command to download new browsers:              ║
    ║                                                                         ║
    ║     npx playwright install                                              ║
    ║                                                                         ║
    ║ <3 Playwright Team                                                      ║
    ╚═════════════════════════════════════════════════════════════════════════╝
]]>
</failure>
</testcase>
<testcase name="Dashboard Navigation › should display tenant information" classname="dashboard/dashboard-navigation.spec.ts" time="0.008">
<failure message="dashboard-navigation.spec.ts:159:7 should display tenant information" type="FAILURE">
<![CDATA[  [firefox] › dashboard/dashboard-navigation.spec.ts:159:7 › Dashboard Navigation › should display tenant information 

    Error: browserType.launch: Executable doesn't exist at /home/ricardo-filipebondor/.cache/ms-playwright/firefox-1490/firefox/firefox
    ╔═════════════════════════════════════════════════════════════════════════╗
    ║ Looks like Playwright Test or Playwright was just installed or updated. ║
    ║ Please run the following command to download new browsers:              ║
    ║                                                                         ║
    ║     npx playwright install                                              ║
    ║                                                                         ║
    ║ <3 Playwright Team                                                      ║
    ╚═════════════════════════════════════════════════════════════════════════╝
]]>
</failure>
</testcase>
<testcase name="Dashboard Navigation › should handle theme switching" classname="dashboard/dashboard-navigation.spec.ts" time="0.008">
<failure message="dashboard-navigation.spec.ts:167:7 should handle theme switching" type="FAILURE">
<![CDATA[  [firefox] › dashboard/dashboard-navigation.spec.ts:167:7 › Dashboard Navigation › should handle theme switching 

    Error: browserType.launch: Executable doesn't exist at /home/ricardo-filipebondor/.cache/ms-playwright/firefox-1490/firefox/firefox
    ╔═════════════════════════════════════════════════════════════════════════╗
    ║ Looks like Playwright Test or Playwright was just installed or updated. ║
    ║ Please run the following command to download new browsers:              ║
    ║                                                                         ║
    ║     npx playwright install                                              ║
    ║                                                                         ║
    ║ <3 Playwright Team                                                      ║
    ╚═════════════════════════════════════════════════════════════════════════╝
]]>
</failure>
</testcase>
<testcase name="Dashboard Navigation › should display language selector" classname="dashboard/dashboard-navigation.spec.ts" time="0.008">
<failure message="dashboard-navigation.spec.ts:180:7 should display language selector" type="FAILURE">
<![CDATA[  [firefox] › dashboard/dashboard-navigation.spec.ts:180:7 › Dashboard Navigation › should display language selector 

    Error: browserType.launch: Executable doesn't exist at /home/ricardo-filipebondor/.cache/ms-playwright/firefox-1490/firefox/firefox
    ╔═════════════════════════════════════════════════════════════════════════╗
    ║ Looks like Playwright Test or Playwright was just installed or updated. ║
    ║ Please run the following command to download new browsers:              ║
    ║                                                                         ║
    ║     npx playwright install                                              ║
    ║                                                                         ║
    ║ <3 Playwright Team                                                      ║
    ╚═════════════════════════════════════════════════════════════════════════╝
]]>
</failure>
</testcase>
<testcase name="Dashboard Navigation › should handle responsive navigation" classname="dashboard/dashboard-navigation.spec.ts" time="0.007">
<failure message="dashboard-navigation.spec.ts:193:7 should handle responsive navigation" type="FAILURE">
<![CDATA[  [firefox] › dashboard/dashboard-navigation.spec.ts:193:7 › Dashboard Navigation › should handle responsive navigation 

    Error: browserType.launch: Executable doesn't exist at /home/ricardo-filipebondor/.cache/ms-playwright/firefox-1490/firefox/firefox
    ╔═════════════════════════════════════════════════════════════════════════╗
    ║ Looks like Playwright Test or Playwright was just installed or updated. ║
    ║ Please run the following command to download new browsers:              ║
    ║                                                                         ║
    ║     npx playwright install                                              ║
    ║                                                                         ║
    ║ <3 Playwright Team                                                      ║
    ╚═════════════════════════════════════════════════════════════════════════╝
]]>
</failure>
</testcase>
<testcase name="Dashboard Navigation › should handle navigation with browser back/forward" classname="dashboard/dashboard-navigation.spec.ts" time="0.008">
<failure message="dashboard-navigation.spec.ts:214:7 should handle navigation with browser back/forward" type="FAILURE">
<![CDATA[  [firefox] › dashboard/dashboard-navigation.spec.ts:214:7 › Dashboard Navigation › should handle navigation with browser back/forward 

    Error: browserType.launch: Executable doesn't exist at /home/ricardo-filipebondor/.cache/ms-playwright/firefox-1490/firefox/firefox
    ╔═════════════════════════════════════════════════════════════════════════╗
    ║ Looks like Playwright Test or Playwright was just installed or updated. ║
    ║ Please run the following command to download new browsers:              ║
    ║                                                                         ║
    ║     npx playwright install                                              ║
    ║                                                                         ║
    ║ <3 Playwright Team                                                      ║
    ╚═════════════════════════════════════════════════════════════════════════╝
]]>
</failure>
</testcase>
<testcase name="Dashboard Navigation › should handle navigation errors gracefully" classname="dashboard/dashboard-navigation.spec.ts" time="0.008">
<failure message="dashboard-navigation.spec.ts:237:7 should handle navigation errors gracefully" type="FAILURE">
<![CDATA[  [firefox] › dashboard/dashboard-navigation.spec.ts:237:7 › Dashboard Navigation › should handle navigation errors gracefully 

    Error: browserType.launch: Executable doesn't exist at /home/ricardo-filipebondor/.cache/ms-playwright/firefox-1490/firefox/firefox
    ╔═════════════════════════════════════════════════════════════════════════╗
    ║ Looks like Playwright Test or Playwright was just installed or updated. ║
    ║ Please run the following command to download new browsers:              ║
    ║                                                                         ║
    ║     npx playwright install                                              ║
    ║                                                                         ║
    ║ <3 Playwright Team                                                      ║
    ╚═════════════════════════════════════════════════════════════════════════╝
]]>
</failure>
</testcase>
<testcase name="Dashboard Navigation › should maintain navigation state during page refresh" classname="dashboard/dashboard-navigation.spec.ts" time="0.008">
<failure message="dashboard-navigation.spec.ts:247:7 should maintain navigation state during page refresh" type="FAILURE">
<![CDATA[  [firefox] › dashboard/dashboard-navigation.spec.ts:247:7 › Dashboard Navigation › should maintain navigation state during page refresh 

    Error: browserType.launch: Executable doesn't exist at /home/ricardo-filipebondor/.cache/ms-playwright/firefox-1490/firefox/firefox
    ╔═════════════════════════════════════════════════════════════════════════╗
    ║ Looks like Playwright Test or Playwright was just installed or updated. ║
    ║ Please run the following command to download new browsers:              ║
    ║                                                                         ║
    ║     npx playwright install                                              ║
    ║                                                                         ║
    ║ <3 Playwright Team                                                      ║
    ╚═════════════════════════════════════════════════════════════════════════╝
]]>
</failure>
</testcase>
</testsuite>
<testsuite name="database/table-management.spec.ts" timestamp="2025-09-07T12:53:54.762Z" hostname="firefox" tests="22" failures="22" skipped="0" time="0.154" errors="0">
<testcase name="Database Table Management › should display existing tables" classname="database/table-management.spec.ts" time="0.007">
<failure message="table-management.spec.ts:18:7 should display existing tables" type="FAILURE">
<![CDATA[  [firefox] › database/table-management.spec.ts:18:7 › Database Table Management › should display existing tables 

    Error: browserType.launch: Executable doesn't exist at /home/ricardo-filipebondor/.cache/ms-playwright/firefox-1490/firefox/firefox
    ╔═════════════════════════════════════════════════════════════════════════╗
    ║ Looks like Playwright Test or Playwright was just installed or updated. ║
    ║ Please run the following command to download new browsers:              ║
    ║                                                                         ║
    ║     npx playwright install                                              ║
    ║                                                                         ║
    ║ <3 Playwright Team                                                      ║
    ╚═════════════════════════════════════════════════════════════════════════╝
]]>
</failure>
</testcase>
<testcase name="Database Table Management › should create a new table" classname="database/table-management.spec.ts" time="0.006">
<failure message="table-management.spec.ts:27:7 should create a new table" type="FAILURE">
<![CDATA[  [firefox] › database/table-management.spec.ts:27:7 › Database Table Management › should create a new table 

    Error: browserType.launch: Executable doesn't exist at /home/ricardo-filipebondor/.cache/ms-playwright/firefox-1490/firefox/firefox
    ╔═════════════════════════════════════════════════════════════════════════╗
    ║ Looks like Playwright Test or Playwright was just installed or updated. ║
    ║ Please run the following command to download new browsers:              ║
    ║                                                                         ║
    ║     npx playwright install                                              ║
    ║                                                                         ║
    ║ <3 Playwright Team                                                      ║
    ╚═════════════════════════════════════════════════════════════════════════╝
]]>
</failure>
</testcase>
<testcase name="Database Table Management › should edit an existing table" classname="database/table-management.spec.ts" time="0.008">
<failure message="table-management.spec.ts:58:7 should edit an existing table" type="FAILURE">
<![CDATA[  [firefox] › database/table-management.spec.ts:58:7 › Database Table Management › should edit an existing table 

    Error: browserType.launch: Executable doesn't exist at /home/ricardo-filipebondor/.cache/ms-playwright/firefox-1490/firefox/firefox
    ╔═════════════════════════════════════════════════════════════════════════╗
    ║ Looks like Playwright Test or Playwright was just installed or updated. ║
    ║ Please run the following command to download new browsers:              ║
    ║                                                                         ║
    ║     npx playwright install                                              ║
    ║                                                                         ║
    ║ <3 Playwright Team                                                      ║
    ╚═════════════════════════════════════════════════════════════════════════╝
]]>
</failure>
</testcase>
<testcase name="Database Table Management › should delete a table" classname="database/table-management.spec.ts" time="0.007">
<failure message="table-management.spec.ts:76:7 should delete a table" type="FAILURE">
<![CDATA[  [firefox] › database/table-management.spec.ts:76:7 › Database Table Management › should delete a table 

    Error: browserType.launch: Executable doesn't exist at /home/ricardo-filipebondor/.cache/ms-playwright/firefox-1490/firefox/firefox
    ╔═════════════════════════════════════════════════════════════════════════╗
    ║ Looks like Playwright Test or Playwright was just installed or updated. ║
    ║ Please run the following command to download new browsers:              ║
    ║                                                                         ║
    ║     npx playwright install                                              ║
    ║                                                                         ║
    ║ <3 Playwright Team                                                      ║
    ╚═════════════════════════════════════════════════════════════════════════╝
]]>
</failure>
</testcase>
<testcase name="Database Table Management › should add columns to existing table" classname="database/table-management.spec.ts" time="0.006">
<failure message="table-management.spec.ts:91:7 should add columns to existing table" type="FAILURE">
<![CDATA[  [firefox] › database/table-management.spec.ts:91:7 › Database Table Management › should add columns to existing table 

    Error: browserType.launch: Executable doesn't exist at /home/ricardo-filipebondor/.cache/ms-playwright/firefox-1490/firefox/firefox
    ╔═════════════════════════════════════════════════════════════════════════╗
    ║ Looks like Playwright Test or Playwright was just installed or updated. ║
    ║ Please run the following command to download new browsers:              ║
    ║                                                                         ║
    ║     npx playwright install                                              ║
    ║                                                                         ║
    ║ <3 Playwright Team                                                      ║
    ╚═════════════════════════════════════════════════════════════════════════╝
]]>
</failure>
</testcase>
<testcase name="Database Table Management › should edit table columns" classname="database/table-management.spec.ts" time="0.007">
<failure message="table-management.spec.ts:114:7 should edit table columns" type="FAILURE">
<![CDATA[  [firefox] › database/table-management.spec.ts:114:7 › Database Table Management › should edit table columns 

    Error: browserType.launch: Executable doesn't exist at /home/ricardo-filipebondor/.cache/ms-playwright/firefox-1490/firefox/firefox
    ╔═════════════════════════════════════════════════════════════════════════╗
    ║ Looks like Playwright Test or Playwright was just installed or updated. ║
    ║ Please run the following command to download new browsers:              ║
    ║                                                                         ║
    ║     npx playwright install                                              ║
    ║                                                                         ║
    ║ <3 Playwright Team                                                      ║
    ╚═════════════════════════════════════════════════════════════════════════╝
]]>
</failure>
</testcase>
<testcase name="Database Table Management › should delete table columns" classname="database/table-management.spec.ts" time="0.01">
<failure message="table-management.spec.ts:136:7 should delete table columns" type="FAILURE">
<![CDATA[  [firefox] › database/table-management.spec.ts:136:7 › Database Table Management › should delete table columns 

    Error: browserType.launch: Executable doesn't exist at /home/ricardo-filipebondor/.cache/ms-playwright/firefox-1490/firefox/firefox
    ╔═════════════════════════════════════════════════════════════════════════╗
    ║ Looks like Playwright Test or Playwright was just installed or updated. ║
    ║ Please run the following command to download new browsers:              ║
    ║                                                                         ║
    ║     npx playwright install                                              ║
    ║                                                                         ║
    ║ <3 Playwright Team                                                      ║
    ╚═════════════════════════════════════════════════════════════════════════╝
]]>
</failure>
</testcase>
<testcase name="Database Table Management › should handle table validation errors" classname="database/table-management.spec.ts" time="0.008">
<failure message="table-management.spec.ts:151:7 should handle table validation errors" type="FAILURE">
<![CDATA[  [firefox] › database/table-management.spec.ts:151:7 › Database Table Management › should handle table validation errors 

    Error: browserType.launch: Executable doesn't exist at /home/ricardo-filipebondor/.cache/ms-playwright/firefox-1490/firefox/firefox
    ╔═════════════════════════════════════════════════════════════════════════╗
    ║ Looks like Playwright Test or Playwright was just installed or updated. ║
    ║ Please run the following command to download new browsers:              ║
    ║                                                                         ║
    ║     npx playwright install                                              ║
    ║                                                                         ║
    ║ <3 Playwright Team                                                      ║
    ╚═════════════════════════════════════════════════════════════════════════╝
]]>
</failure>
</testcase>
<testcase name="Database Table Management › should handle duplicate table names" classname="database/table-management.spec.ts" time="0.009">
<failure message="table-management.spec.ts:163:7 should handle duplicate table names" type="FAILURE">
<![CDATA[  [firefox] › database/table-management.spec.ts:163:7 › Database Table Management › should handle duplicate table names 

    Error: browserType.launch: Executable doesn't exist at /home/ricardo-filipebondor/.cache/ms-playwright/firefox-1490/firefox/firefox
    ╔═════════════════════════════════════════════════════════════════════════╗
    ║ Looks like Playwright Test or Playwright was just installed or updated. ║
    ║ Please run the following command to download new browsers:              ║
    ║                                                                         ║
    ║     npx playwright install                                              ║
    ║                                                                         ║
    ║ <3 Playwright Team                                                      ║
    ╚═════════════════════════════════════════════════════════════════════════╝
]]>
</failure>
</testcase>
<testcase name="Database Table Management › should handle column validation errors" classname="database/table-management.spec.ts" time="0.007">
<failure message="table-management.spec.ts:183:7 should handle column validation errors" type="FAILURE">
<![CDATA[  [firefox] › database/table-management.spec.ts:183:7 › Database Table Management › should handle column validation errors 

    Error: browserType.launch: Executable doesn't exist at /home/ricardo-filipebondor/.cache/ms-playwright/firefox-1490/firefox/firefox
    ╔═════════════════════════════════════════════════════════════════════════╗
    ║ Looks like Playwright Test or Playwright was just installed or updated. ║
    ║ Please run the following command to download new browsers:              ║
    ║                                                                         ║
    ║     npx playwright install                                              ║
    ║                                                                         ║
    ║ <3 Playwright Team                                                      ║
    ╚═════════════════════════════════════════════════════════════════════════╝
]]>
</failure>
</testcase>
<testcase name="Database Table Management › should handle duplicate column names" classname="database/table-management.spec.ts" time="0.007">
<failure message="table-management.spec.ts:202:7 should handle duplicate column names" type="FAILURE">
<![CDATA[  [firefox] › database/table-management.spec.ts:202:7 › Database Table Management › should handle duplicate column names 

    Error: browserType.launch: Executable doesn't exist at /home/ricardo-filipebondor/.cache/ms-playwright/firefox-1490/firefox/firefox
    ╔═════════════════════════════════════════════════════════════════════════╗
    ║ Looks like Playwright Test or Playwright was just installed or updated. ║
    ║ Please run the following command to download new browsers:              ║
    ║                                                                         ║
    ║     npx playwright install                                              ║
    ║                                                                         ║
    ║ <3 Playwright Team                                                      ║
    ╚═════════════════════════════════════════════════════════════════════════╝
]]>
</failure>
</testcase>
<testcase name="Database Table Management › should handle table permissions" classname="database/table-management.spec.ts" time="0.007">
<failure message="table-management.spec.ts:225:7 should handle table permissions" type="FAILURE">
<![CDATA[  [firefox] › database/table-management.spec.ts:225:7 › Database Table Management › should handle table permissions 

    Error: browserType.launch: Executable doesn't exist at /home/ricardo-filipebondor/.cache/ms-playwright/firefox-1490/firefox/firefox
    ╔═════════════════════════════════════════════════════════════════════════╗
    ║ Looks like Playwright Test or Playwright was just installed or updated. ║
    ║ Please run the following command to download new browsers:              ║
    ║                                                                         ║
    ║     npx playwright install                                              ║
    ║                                                                         ║
    ║ <3 Playwright Team                                                      ║
    ╚═════════════════════════════════════════════════════════════════════════╝
]]>
</failure>
</testcase>
<testcase name="Database Table Management › should handle table search and filtering" classname="database/table-management.spec.ts" time="0.007">
<failure message="table-management.spec.ts:234:7 should handle table search and filtering" type="FAILURE">
<![CDATA[  [firefox] › database/table-management.spec.ts:234:7 › Database Table Management › should handle table search and filtering 

    Error: browserType.launch: Executable doesn't exist at /home/ricardo-filipebondor/.cache/ms-playwright/firefox-1490/firefox/firefox
    ╔═════════════════════════════════════════════════════════════════════════╗
    ║ Looks like Playwright Test or Playwright was just installed or updated. ║
    ║ Please run the following command to download new browsers:              ║
    ║                                                                         ║
    ║     npx playwright install                                              ║
    ║                                                                         ║
    ║ <3 Playwright Team                                                      ║
    ╚═════════════════════════════════════════════════════════════════════════╝
]]>
</failure>
</testcase>
<testcase name="Database Table Management › should handle table sorting" classname="database/table-management.spec.ts" time="0.006">
<failure message="table-management.spec.ts:255:7 should handle table sorting" type="FAILURE">
<![CDATA[  [firefox] › database/table-management.spec.ts:255:7 › Database Table Management › should handle table sorting 

    Error: browserType.launch: Executable doesn't exist at /home/ricardo-filipebondor/.cache/ms-playwright/firefox-1490/firefox/firefox
    ╔═════════════════════════════════════════════════════════════════════════╗
    ║ Looks like Playwright Test or Playwright was just installed or updated. ║
    ║ Please run the following command to download new browsers:              ║
    ║                                                                         ║
    ║     npx playwright install                                              ║
    ║                                                                         ║
    ║ <3 Playwright Team                                                      ║
    ╚═════════════════════════════════════════════════════════════════════════╝
]]>
</failure>
</testcase>
<testcase name="Database Table Management › should handle table pagination" classname="database/table-management.spec.ts" time="0.008">
<failure message="table-management.spec.ts:268:7 should handle table pagination" type="FAILURE">
<![CDATA[  [firefox] › database/table-management.spec.ts:268:7 › Database Table Management › should handle table pagination 

    Error: browserType.launch: Executable doesn't exist at /home/ricardo-filipebondor/.cache/ms-playwright/firefox-1490/firefox/firefox
    ╔═════════════════════════════════════════════════════════════════════════╗
    ║ Looks like Playwright Test or Playwright was just installed or updated. ║
    ║ Please run the following command to download new browsers:              ║
    ║                                                                         ║
    ║     npx playwright install                                              ║
    ║                                                                         ║
    ║ <3 Playwright Team                                                      ║
    ╚═════════════════════════════════════════════════════════════════════════╝
]]>
</failure>
</testcase>
<testcase name="Database Table Management › should handle table export functionality" classname="database/table-management.spec.ts" time="0.007">
<failure message="table-management.spec.ts:280:7 should handle table export functionality" type="FAILURE">
<![CDATA[  [firefox] › database/table-management.spec.ts:280:7 › Database Table Management › should handle table export functionality 

    Error: browserType.launch: Executable doesn't exist at /home/ricardo-filipebondor/.cache/ms-playwright/firefox-1490/firefox/firefox
    ╔═════════════════════════════════════════════════════════════════════════╗
    ║ Looks like Playwright Test or Playwright was just installed or updated. ║
    ║ Please run the following command to download new browsers:              ║
    ║                                                                         ║
    ║     npx playwright install                                              ║
    ║                                                                         ║
    ║ <3 Playwright Team                                                      ║
    ╚═════════════════════════════════════════════════════════════════════════╝
]]>
</failure>
</testcase>
<testcase name="Database Table Management › should handle table import functionality" classname="database/table-management.spec.ts" time="0.007">
<failure message="table-management.spec.ts:293:7 should handle table import functionality" type="FAILURE">
<![CDATA[  [firefox] › database/table-management.spec.ts:293:7 › Database Table Management › should handle table import functionality 

    Error: browserType.launch: Executable doesn't exist at /home/ricardo-filipebondor/.cache/ms-playwright/firefox-1490/firefox/firefox
    ╔═════════════════════════════════════════════════════════════════════════╗
    ║ Looks like Playwright Test or Playwright was just installed or updated. ║
    ║ Please run the following command to download new browsers:              ║
    ║                                                                         ║
    ║     npx playwright install                                              ║
    ║                                                                         ║
    ║ <3 Playwright Team                                                      ║
    ╚═════════════════════════════════════════════════════════════════════════╝
]]>
</failure>
</testcase>
<testcase name="Database Table Management › should handle table relationships" classname="database/table-management.spec.ts" time="0.008">
<failure message="table-management.spec.ts:305:7 should handle table relationships" type="FAILURE">
<![CDATA[  [firefox] › database/table-management.spec.ts:305:7 › Database Table Management › should handle table relationships 

    Error: browserType.launch: Executable doesn't exist at /home/ricardo-filipebondor/.cache/ms-playwright/firefox-1490/firefox/firefox
    ╔═════════════════════════════════════════════════════════════════════════╗
    ║ Looks like Playwright Test or Playwright was just installed or updated. ║
    ║ Please run the following command to download new browsers:              ║
    ║                                                                         ║
    ║     npx playwright install                                              ║
    ║                                                                         ║
    ║ <3 Playwright Team                                                      ║
    ╚═════════════════════════════════════════════════════════════════════════╝
]]>
</failure>
</testcase>
<testcase name="Database Table Management › should handle table indexes" classname="database/table-management.spec.ts" time="0.007">
<failure message="table-management.spec.ts:317:7 should handle table indexes" type="FAILURE">
<![CDATA[  [firefox] › database/table-management.spec.ts:317:7 › Database Table Management › should handle table indexes 

    Error: browserType.launch: Executable doesn't exist at /home/ricardo-filipebondor/.cache/ms-playwright/firefox-1490/firefox/firefox
    ╔═════════════════════════════════════════════════════════════════════════╗
    ║ Looks like Playwright Test or Playwright was just installed or updated. ║
    ║ Please run the following command to download new browsers:              ║
    ║                                                                         ║
    ║     npx playwright install                                              ║
    ║                                                                         ║
    ║ <3 Playwright Team                                                      ║
    ╚═════════════════════════════════════════════════════════════════════════╝
]]>
</failure>
</testcase>
<testcase name="Database Table Management › should handle table constraints" classname="database/table-management.spec.ts" time="0.006">
<failure message="table-management.spec.ts:329:7 should handle table constraints" type="FAILURE">
<![CDATA[  [firefox] › database/table-management.spec.ts:329:7 › Database Table Management › should handle table constraints 

    Error: browserType.launch: Executable doesn't exist at /home/ricardo-filipebondor/.cache/ms-playwright/firefox-1490/firefox/firefox
    ╔═════════════════════════════════════════════════════════════════════════╗
    ║ Looks like Playwright Test or Playwright was just installed or updated. ║
    ║ Please run the following command to download new browsers:              ║
    ║                                                                         ║
    ║     npx playwright install                                              ║
    ║                                                                         ║
    ║ <3 Playwright Team                                                      ║
    ╚═════════════════════════════════════════════════════════════════════════╝
]]>
</failure>
</testcase>
<testcase name="Database Table Management › should handle table statistics" classname="database/table-management.spec.ts" time="0.005">
<failure message="table-management.spec.ts:342:7 should handle table statistics" type="FAILURE">
<![CDATA[  [firefox] › database/table-management.spec.ts:342:7 › Database Table Management › should handle table statistics 

    Error: browserType.launch: Executable doesn't exist at /home/ricardo-filipebondor/.cache/ms-playwright/firefox-1490/firefox/firefox
    ╔═════════════════════════════════════════════════════════════════════════╗
    ║ Looks like Playwright Test or Playwright was just installed or updated. ║
    ║ Please run the following command to download new browsers:              ║
    ║                                                                         ║
    ║     npx playwright install                                              ║
    ║                                                                         ║
    ║ <3 Playwright Team                                                      ║
    ╚═════════════════════════════════════════════════════════════════════════╝
]]>
</failure>
</testcase>
<testcase name="Database Table Management › should handle table backup and restore" classname="database/table-management.spec.ts" time="0.004">
<failure message="table-management.spec.ts:355:7 should handle table backup and restore" type="FAILURE">
<![CDATA[  [firefox] › database/table-management.spec.ts:355:7 › Database Table Management › should handle table backup and restore 

    Error: browserType.launch: Executable doesn't exist at /home/ricardo-filipebondor/.cache/ms-playwright/firefox-1490/firefox/firefox
    ╔═════════════════════════════════════════════════════════════════════════╗
    ║ Looks like Playwright Test or Playwright was just installed or updated. ║
    ║ Please run the following command to download new browsers:              ║
    ║                                                                         ║
    ║     npx playwright install                                              ║
    ║                                                                         ║
    ║ <3 Playwright Team                                                      ║
    ╚═════════════════════════════════════════════════════════════════════════╝
]]>
</failure>
</testcase>
</testsuite>
<testsuite name="invoice/invoice-creation.spec.ts" timestamp="2025-09-07T12:53:54.762Z" hostname="firefox" tests="4" failures="4" skipped="0" time="0.027" errors="0">
<testcase name="Invoice Creation Flow › should create invoice successfully" classname="invoice/invoice-creation.spec.ts" time="0.006">
<failure message="invoice-creation.spec.ts:111:6 should create invoice successfully" type="FAILURE">
<![CDATA[  [firefox] › invoice/invoice-creation.spec.ts:111:6 › Invoice Creation Flow › should create invoice successfully 

    Error: browserType.launch: Executable doesn't exist at /home/ricardo-filipebondor/.cache/ms-playwright/firefox-1490/firefox/firefox
    ╔═════════════════════════════════════════════════════════════════════════╗
    ║ Looks like Playwright Test or Playwright was just installed or updated. ║
    ║ Please run the following command to download new browsers:              ║
    ║                                                                         ║
    ║     npx playwright install                                              ║
    ║                                                                         ║
    ║ <3 Playwright Team                                                      ║
    ╚═════════════════════════════════════════════════════════════════════════╝
]]>
</failure>
</testcase>
<testcase name="Invoice Creation Flow › should validate required fields" classname="invoice/invoice-creation.spec.ts" time="0.008">
<failure message="invoice-creation.spec.ts:162:6 should validate required fields" type="FAILURE">
<![CDATA[  [firefox] › invoice/invoice-creation.spec.ts:162:6 › Invoice Creation Flow › should validate required fields 

    Error: browserType.launch: Executable doesn't exist at /home/ricardo-filipebondor/.cache/ms-playwright/firefox-1490/firefox/firefox
    ╔═════════════════════════════════════════════════════════════════════════╗
    ║ Looks like Playwright Test or Playwright was just installed or updated. ║
    ║ Please run the following command to download new browsers:              ║
    ║                                                                         ║
    ║     npx playwright install                                              ║
    ║                                                                         ║
    ║ <3 Playwright Team                                                      ║
    ╚═════════════════════════════════════════════════════════════════════════╝
]]>
</failure>
</testcase>
<testcase name="Invoice Creation Flow › should handle currency conversion" classname="invoice/invoice-creation.spec.ts" time="0.006">
<failure message="invoice-creation.spec.ts:176:6 should handle currency conversion" type="FAILURE">
<![CDATA[  [firefox] › invoice/invoice-creation.spec.ts:176:6 › Invoice Creation Flow › should handle currency conversion 

    Error: browserType.launch: Executable doesn't exist at /home/ricardo-filipebondor/.cache/ms-playwright/firefox-1490/firefox/firefox
    ╔═════════════════════════════════════════════════════════════════════════╗
    ║ Looks like Playwright Test or Playwright was just installed or updated. ║
    ║ Please run the following command to download new browsers:              ║
    ║                                                                         ║
    ║     npx playwright install                                              ║
    ║                                                                         ║
    ║ <3 Playwright Team                                                      ║
    ╚═════════════════════════════════════════════════════════════════════════╝
]]>
</failure>
</testcase>
<testcase name="Invoice Creation Flow › should edit existing invoice" classname="invoice/invoice-creation.spec.ts" time="0.007">
<failure message="invoice-creation.spec.ts:223:6 should edit existing invoice" type="FAILURE">
<![CDATA[  [firefox] › invoice/invoice-creation.spec.ts:223:6 › Invoice Creation Flow › should edit existing invoice 

    Error: browserType.launch: Executable doesn't exist at /home/ricardo-filipebondor/.cache/ms-playwright/firefox-1490/firefox/firefox
    ╔═════════════════════════════════════════════════════════════════════════╗
    ║ Looks like Playwright Test or Playwright was just installed or updated. ║
    ║ Please run the following command to download new browsers:              ║
    ║                                                                         ║
    ║     npx playwright install                                              ║
    ║                                                                         ║
    ║ <3 Playwright Team                                                      ║
    ╚═════════════════════════════════════════════════════════════════════════╝
]]>
</failure>
</testcase>
</testsuite>
<testsuite name="auth/user-login.spec.ts" timestamp="2025-09-07T12:53:54.762Z" hostname="webkit" tests="16" failures="16" skipped="0" time="0.11" errors="0">
<testcase name="User Login Flow › should login successfully with valid credentials" classname="auth/user-login.spec.ts" time="0.007">
<failure message="user-login.spec.ts:8:7 should login successfully with valid credentials" type="FAILURE">
<![CDATA[  [webkit] › auth/user-login.spec.ts:8:7 › User Login Flow › should login successfully with valid credentials 

    Error: browserType.launch: Executable doesn't exist at /home/ricardo-filipebondor/.cache/ms-playwright/webkit-2203/pw_run.sh
    ╔═════════════════════════════════════════════════════════════════════════╗
    ║ Looks like Playwright Test or Playwright was just installed or updated. ║
    ║ Please run the following command to download new browsers:              ║
    ║                                                                         ║
    ║     npx playwright install                                              ║
    ║                                                                         ║
    ║ <3 Playwright Team                                                      ║
    ╚═════════════════════════════════════════════════════════════════════════╝
]]>
</failure>
</testcase>
<testcase name="User Login Flow › should show error for invalid credentials" classname="auth/user-login.spec.ts" time="0.008">
<failure message="user-login.spec.ts:27:7 should show error for invalid credentials" type="FAILURE">
<![CDATA[  [webkit] › auth/user-login.spec.ts:27:7 › User Login Flow › should show error for invalid credentials 

    Error: browserType.launch: Executable doesn't exist at /home/ricardo-filipebondor/.cache/ms-playwright/webkit-2203/pw_run.sh
    ╔═════════════════════════════════════════════════════════════════════════╗
    ║ Looks like Playwright Test or Playwright was just installed or updated. ║
    ║ Please run the following command to download new browsers:              ║
    ║                                                                         ║
    ║     npx playwright install                                              ║
    ║                                                                         ║
    ║ <3 Playwright Team                                                      ║
    ╚═════════════════════════════════════════════════════════════════════════╝
]]>
</failure>
</testcase>
<testcase name="User Login Flow › should show error for non-existent user" classname="auth/user-login.spec.ts" time="0.007">
<failure message="user-login.spec.ts:39:7 should show error for non-existent user" type="FAILURE">
<![CDATA[  [webkit] › auth/user-login.spec.ts:39:7 › User Login Flow › should show error for non-existent user 

    Error: browserType.launch: Executable doesn't exist at /home/ricardo-filipebondor/.cache/ms-playwright/webkit-2203/pw_run.sh
    ╔═════════════════════════════════════════════════════════════════════════╗
    ║ Looks like Playwright Test or Playwright was just installed or updated. ║
    ║ Please run the following command to download new browsers:              ║
    ║                                                                         ║
    ║     npx playwright install                                              ║
    ║                                                                         ║
    ║ <3 Playwright Team                                                      ║
    ╚═════════════════════════════════════════════════════════════════════════╝
]]>
</failure>
</testcase>
<testcase name="User Login Flow › should show validation errors for empty fields" classname="auth/user-login.spec.ts" time="0.006">
<failure message="user-login.spec.ts:51:7 should show validation errors for empty fields" type="FAILURE">
<![CDATA[  [webkit] › auth/user-login.spec.ts:51:7 › User Login Flow › should show validation errors for empty fields 

    Error: browserType.launch: Executable doesn't exist at /home/ricardo-filipebondor/.cache/ms-playwright/webkit-2203/pw_run.sh
    ╔═════════════════════════════════════════════════════════════════════════╗
    ║ Looks like Playwright Test or Playwright was just installed or updated. ║
    ║ Please run the following command to download new browsers:              ║
    ║                                                                         ║
    ║     npx playwright install                                              ║
    ║                                                                         ║
    ║ <3 Playwright Team                                                      ║
    ╚═════════════════════════════════════════════════════════════════════════╝
]]>
</failure>
</testcase>
<testcase name="User Login Flow › should show error for invalid email format" classname="auth/user-login.spec.ts" time="0.006">
<failure message="user-login.spec.ts:63:7 should show error for invalid email format" type="FAILURE">
<![CDATA[  [webkit] › auth/user-login.spec.ts:63:7 › User Login Flow › should show error for invalid email format 

    Error: browserType.launch: Executable doesn't exist at /home/ricardo-filipebondor/.cache/ms-playwright/webkit-2203/pw_run.sh
    ╔═════════════════════════════════════════════════════════════════════════╗
    ║ Looks like Playwright Test or Playwright was just installed or updated. ║
    ║ Please run the following command to download new browsers:              ║
    ║                                                                         ║
    ║     npx playwright install                                              ║
    ║                                                                         ║
    ║ <3 Playwright Team                                                      ║
    ╚═════════════════════════════════════════════════════════════════════════╝
]]>
</failure>
</testcase>
<testcase name="User Login Flow › should navigate to registration page from login" classname="auth/user-login.spec.ts" time="0.007">
<failure message="user-login.spec.ts:75:7 should navigate to registration page from login" type="FAILURE">
<![CDATA[  [webkit] › auth/user-login.spec.ts:75:7 › User Login Flow › should navigate to registration page from login 

    Error: browserType.launch: Executable doesn't exist at /home/ricardo-filipebondor/.cache/ms-playwright/webkit-2203/pw_run.sh
    ╔═════════════════════════════════════════════════════════════════════════╗
    ║ Looks like Playwright Test or Playwright was just installed or updated. ║
    ║ Please run the following command to download new browsers:              ║
    ║                                                                         ║
    ║     npx playwright install                                              ║
    ║                                                                         ║
    ║ <3 Playwright Team                                                      ║
    ╚═════════════════════════════════════════════════════════════════════════╝
]]>
</failure>
</testcase>
<testcase name="User Login Flow › should navigate to forgot password page" classname="auth/user-login.spec.ts" time="0.007">
<failure message="user-login.spec.ts:83:7 should navigate to forgot password page" type="FAILURE">
<![CDATA[  [webkit] › auth/user-login.spec.ts:83:7 › User Login Flow › should navigate to forgot password page 

    Error: browserType.launch: Executable doesn't exist at /home/ricardo-filipebondor/.cache/ms-playwright/webkit-2203/pw_run.sh
    ╔═════════════════════════════════════════════════════════════════════════╗
    ║ Looks like Playwright Test or Playwright was just installed or updated. ║
    ║ Please run the following command to download new browsers:              ║
    ║                                                                         ║
    ║     npx playwright install                                              ║
    ║                                                                         ║
    ║ <3 Playwright Team                                                      ║
    ╚═════════════════════════════════════════════════════════════════════════╝
]]>
</failure>
</testcase>
<testcase name="User Login Flow › should handle network errors gracefully" classname="auth/user-login.spec.ts" time="0.007">
<failure message="user-login.spec.ts:91:7 should handle network errors gracefully" type="FAILURE">
<![CDATA[  [webkit] › auth/user-login.spec.ts:91:7 › User Login Flow › should handle network errors gracefully 

    Error: browserType.launch: Executable doesn't exist at /home/ricardo-filipebondor/.cache/ms-playwright/webkit-2203/pw_run.sh
    ╔═════════════════════════════════════════════════════════════════════════╗
    ║ Looks like Playwright Test or Playwright was just installed or updated. ║
    ║ Please run the following command to download new browsers:              ║
    ║                                                                         ║
    ║     npx playwright install                                              ║
    ║                                                                         ║
    ║ <3 Playwright Team                                                      ║
    ╚═════════════════════════════════════════════════════════════════════════╝
]]>
</failure>
</testcase>
<testcase name="User Login Flow › should show loading state during login" classname="auth/user-login.spec.ts" time="0.006">
<failure message="user-login.spec.ts:106:7 should show loading state during login" type="FAILURE">
<![CDATA[  [webkit] › auth/user-login.spec.ts:106:7 › User Login Flow › should show loading state during login 

    Error: browserType.launch: Executable doesn't exist at /home/ricardo-filipebondor/.cache/ms-playwright/webkit-2203/pw_run.sh
    ╔═════════════════════════════════════════════════════════════════════════╗
    ║ Looks like Playwright Test or Playwright was just installed or updated. ║
    ║ Please run the following command to download new browsers:              ║
    ║                                                                         ║
    ║     npx playwright install                                              ║
    ║                                                                         ║
    ║ <3 Playwright Team                                                      ║
    ╚═════════════════════════════════════════════════════════════════════════╝
]]>
</failure>
</testcase>
<testcase name="User Login Flow › should remember login state after page refresh" classname="auth/user-login.spec.ts" time="0.008">
<failure message="user-login.spec.ts:126:7 should remember login state after page refresh" type="FAILURE">
<![CDATA[  [webkit] › auth/user-login.spec.ts:126:7 › User Login Flow › should remember login state after page refresh 

    Error: browserType.launch: Executable doesn't exist at /home/ricardo-filipebondor/.cache/ms-playwright/webkit-2203/pw_run.sh
    ╔═════════════════════════════════════════════════════════════════════════╗
    ║ Looks like Playwright Test or Playwright was just installed or updated. ║
    ║ Please run the following command to download new browsers:              ║
    ║                                                                         ║
    ║     npx playwright install                                              ║
    ║                                                                         ║
    ║ <3 Playwright Team                                                      ║
    ╚═════════════════════════════════════════════════════════════════════════╝
]]>
</failure>
</testcase>
<testcase name="User Login Flow › should support remember me functionality" classname="auth/user-login.spec.ts" time="0.007">
<failure message="user-login.spec.ts:146:7 should support remember me functionality" type="FAILURE">
<![CDATA[  [webkit] › auth/user-login.spec.ts:146:7 › User Login Flow › should support remember me functionality 

    Error: browserType.launch: Executable doesn't exist at /home/ricardo-filipebondor/.cache/ms-playwright/webkit-2203/pw_run.sh
    ╔═════════════════════════════════════════════════════════════════════════╗
    ║ Looks like Playwright Test or Playwright was just installed or updated. ║
    ║ Please run the following command to download new browsers:              ║
    ║                                                                         ║
    ║     npx playwright install                                              ║
    ║                                                                         ║
    ║ <3 Playwright Team                                                      ║
    ╚═════════════════════════════════════════════════════════════════════════╝
]]>
</failure>
</testcase>
<testcase name="User Login Flow › should handle OAuth login with Google" classname="auth/user-login.spec.ts" time="0.007">
<failure message="user-login.spec.ts:176:7 should handle OAuth login with Google" type="FAILURE">
<![CDATA[  [webkit] › auth/user-login.spec.ts:176:7 › User Login Flow › should handle OAuth login with Google 

    Error: browserType.launch: Executable doesn't exist at /home/ricardo-filipebondor/.cache/ms-playwright/webkit-2203/pw_run.sh
    ╔═════════════════════════════════════════════════════════════════════════╗
    ║ Looks like Playwright Test or Playwright was just installed or updated. ║
    ║ Please run the following command to download new browsers:              ║
    ║                                                                         ║
    ║     npx playwright install                                              ║
    ║                                                                         ║
    ║ <3 Playwright Team                                                      ║
    ╚═════════════════════════════════════════════════════════════════════════╝
]]>
</failure>
</testcase>
<testcase name="User Login Flow › should handle case sensitivity in email" classname="auth/user-login.spec.ts" time="0.006">
<failure message="user-login.spec.ts:205:7 should handle case sensitivity in email" type="FAILURE">
<![CDATA[  [webkit] › auth/user-login.spec.ts:205:7 › User Login Flow › should handle case sensitivity in email 

    Error: browserType.launch: Executable doesn't exist at /home/ricardo-filipebondor/.cache/ms-playwright/webkit-2203/pw_run.sh
    ╔═════════════════════════════════════════════════════════════════════════╗
    ║ Looks like Playwright Test or Playwright was just installed or updated. ║
    ║ Please run the following command to download new browsers:              ║
    ║                                                                         ║
    ║     npx playwright install                                              ║
    ║                                                                         ║
    ║ <3 Playwright Team                                                      ║
    ╚═════════════════════════════════════════════════════════════════════════╝
]]>
</failure>
</testcase>
<testcase name="User Login Flow › should handle special characters in password" classname="auth/user-login.spec.ts" time="0.007">
<failure message="user-login.spec.ts:222:7 should handle special characters in password" type="FAILURE">
<![CDATA[  [webkit] › auth/user-login.spec.ts:222:7 › User Login Flow › should handle special characters in password 

    Error: browserType.launch: Executable doesn't exist at /home/ricardo-filipebondor/.cache/ms-playwright/webkit-2203/pw_run.sh
    ╔═════════════════════════════════════════════════════════════════════════╗
    ║ Looks like Playwright Test or Playwright was just installed or updated. ║
    ║ Please run the following command to download new browsers:              ║
    ║                                                                         ║
    ║     npx playwright install                                              ║
    ║                                                                         ║
    ║ <3 Playwright Team                                                      ║
    ╚═════════════════════════════════════════════════════════════════════════╝
]]>
</failure>
</testcase>
<testcase name="User Login Flow › should prevent multiple simultaneous login attempts" classname="auth/user-login.spec.ts" time="0.007">
<failure message="user-login.spec.ts:238:7 should prevent multiple simultaneous login attempts" type="FAILURE">
<![CDATA[  [webkit] › auth/user-login.spec.ts:238:7 › User Login Flow › should prevent multiple simultaneous login attempts 

    Error: browserType.launch: Executable doesn't exist at /home/ricardo-filipebondor/.cache/ms-playwright/webkit-2203/pw_run.sh
    ╔═════════════════════════════════════════════════════════════════════════╗
    ║ Looks like Playwright Test or Playwright was just installed or updated. ║
    ║ Please run the following command to download new browsers:              ║
    ║                                                                         ║
    ║     npx playwright install                                              ║
    ║                                                                         ║
    ║ <3 Playwright Team                                                      ║
    ╚═════════════════════════════════════════════════════════════════════════╝
]]>
</failure>
</testcase>
<testcase name="User Login Flow › should clear form errors when user starts typing" classname="auth/user-login.spec.ts" time="0.007">
<failure message="user-login.spec.ts:254:7 should clear form errors when user starts typing" type="FAILURE">
<![CDATA[  [webkit] › auth/user-login.spec.ts:254:7 › User Login Flow › should clear form errors when user starts typing 

    Error: browserType.launch: Executable doesn't exist at /home/ricardo-filipebondor/.cache/ms-playwright/webkit-2203/pw_run.sh
    ╔═════════════════════════════════════════════════════════════════════════╗
    ║ Looks like Playwright Test or Playwright was just installed or updated. ║
    ║ Please run the following command to download new browsers:              ║
    ║                                                                         ║
    ║     npx playwright install                                              ║
    ║                                                                         ║
    ║ <3 Playwright Team                                                      ║
    ╚═════════════════════════════════════════════════════════════════════════╝
]]>
</failure>
</testcase>
</testsuite>
<testsuite name="auth/user-registration.spec.ts" timestamp="2025-09-07T12:53:54.762Z" hostname="webkit" tests="11" failures="11" skipped="0" time="0.079" errors="0">
<testcase name="User Registration Flow › should complete user registration successfully" classname="auth/user-registration.spec.ts" time="0.008">
<failure message="user-registration.spec.ts:8:7 should complete user registration successfully" type="FAILURE">
<![CDATA[  [webkit] › auth/user-registration.spec.ts:8:7 › User Registration Flow › should complete user registration successfully 

    Error: browserType.launch: Executable doesn't exist at /home/ricardo-filipebondor/.cache/ms-playwright/webkit-2203/pw_run.sh
    ╔═════════════════════════════════════════════════════════════════════════╗
    ║ Looks like Playwright Test or Playwright was just installed or updated. ║
    ║ Please run the following command to download new browsers:              ║
    ║                                                                         ║
    ║     npx playwright install                                              ║
    ║                                                                         ║
    ║ <3 Playwright Team                                                      ║
    ╚═════════════════════════════════════════════════════════════════════════╝
]]>
</failure>
</testcase>
<testcase name="User Registration Flow › should show validation errors for invalid input" classname="auth/user-registration.spec.ts" time="0.007">
<failure message="user-registration.spec.ts:30:7 should show validation errors for invalid input" type="FAILURE">
<![CDATA[  [webkit] › auth/user-registration.spec.ts:30:7 › User Registration Flow › should show validation errors for invalid input 

    Error: browserType.launch: Executable doesn't exist at /home/ricardo-filipebondor/.cache/ms-playwright/webkit-2203/pw_run.sh
    ╔═════════════════════════════════════════════════════════════════════════╗
    ║ Looks like Playwright Test or Playwright was just installed or updated. ║
    ║ Please run the following command to download new browsers:              ║
    ║                                                                         ║
    ║     npx playwright install                                              ║
    ║                                                                         ║
    ║ <3 Playwright Team                                                      ║
    ╚═════════════════════════════════════════════════════════════════════════╝
]]>
</failure>
</testcase>
<testcase name="User Registration Flow › should show error for invalid email format" classname="auth/user-registration.spec.ts" time="0.006">
<failure message="user-registration.spec.ts:44:7 should show error for invalid email format" type="FAILURE">
<![CDATA[  [webkit] › auth/user-registration.spec.ts:44:7 › User Registration Flow › should show error for invalid email format 

    Error: browserType.launch: Executable doesn't exist at /home/ricardo-filipebondor/.cache/ms-playwright/webkit-2203/pw_run.sh
    ╔═════════════════════════════════════════════════════════════════════════╗
    ║ Looks like Playwright Test or Playwright was just installed or updated. ║
    ║ Please run the following command to download new browsers:              ║
    ║                                                                         ║
    ║     npx playwright install                                              ║
    ║                                                                         ║
    ║ <3 Playwright Team                                                      ║
    ╚═════════════════════════════════════════════════════════════════════════╝
]]>
</failure>
</testcase>
<testcase name="User Registration Flow › should show error for weak password" classname="auth/user-registration.spec.ts" time="0.008">
<failure message="user-registration.spec.ts:59:7 should show error for weak password" type="FAILURE">
<![CDATA[  [webkit] › auth/user-registration.spec.ts:59:7 › User Registration Flow › should show error for weak password 

    Error: browserType.launch: Executable doesn't exist at /home/ricardo-filipebondor/.cache/ms-playwright/webkit-2203/pw_run.sh
    ╔═════════════════════════════════════════════════════════════════════════╗
    ║ Looks like Playwright Test or Playwright was just installed or updated. ║
    ║ Please run the following command to download new browsers:              ║
    ║                                                                         ║
    ║     npx playwright install                                              ║
    ║                                                                         ║
    ║ <3 Playwright Team                                                      ║
    ╚═════════════════════════════════════════════════════════════════════════╝
]]>
</failure>
</testcase>
<testcase name="User Registration Flow › should show error for existing email" classname="auth/user-registration.spec.ts" time="0.008">
<failure message="user-registration.spec.ts:74:7 should show error for existing email" type="FAILURE">
<![CDATA[  [webkit] › auth/user-registration.spec.ts:74:7 › User Registration Flow › should show error for existing email 

    Error: browserType.launch: Executable doesn't exist at /home/ricardo-filipebondor/.cache/ms-playwright/webkit-2203/pw_run.sh
    ╔═════════════════════════════════════════════════════════════════════════╗
    ║ Looks like Playwright Test or Playwright was just installed or updated. ║
    ║ Please run the following command to download new browsers:              ║
    ║                                                                         ║
    ║     npx playwright install                                              ║
    ║                                                                         ║
    ║ <3 Playwright Team                                                      ║
    ╚═════════════════════════════════════════════════════════════════════════╝
]]>
</failure>
</testcase>
<testcase name="User Registration Flow › should navigate to login page from registration" classname="auth/user-registration.spec.ts" time="0.007">
<failure message="user-registration.spec.ts:90:7 should navigate to login page from registration" type="FAILURE">
<![CDATA[  [webkit] › auth/user-registration.spec.ts:90:7 › User Registration Flow › should navigate to login page from registration 

    Error: browserType.launch: Executable doesn't exist at /home/ricardo-filipebondor/.cache/ms-playwright/webkit-2203/pw_run.sh
    ╔═════════════════════════════════════════════════════════════════════════╗
    ║ Looks like Playwright Test or Playwright was just installed or updated. ║
    ║ Please run the following command to download new browsers:              ║
    ║                                                                         ║
    ║     npx playwright install                                              ║
    ║                                                                         ║
    ║ <3 Playwright Team                                                      ║
    ╚═════════════════════════════════════════════════════════════════════════╝
]]>
</failure>
</testcase>
<testcase name="User Registration Flow › should handle network errors gracefully" classname="auth/user-registration.spec.ts" time="0.006">
<failure message="user-registration.spec.ts:98:7 should handle network errors gracefully" type="FAILURE">
<![CDATA[  [webkit] › auth/user-registration.spec.ts:98:7 › User Registration Flow › should handle network errors gracefully 

    Error: browserType.launch: Executable doesn't exist at /home/ricardo-filipebondor/.cache/ms-playwright/webkit-2203/pw_run.sh
    ╔═════════════════════════════════════════════════════════════════════════╗
    ║ Looks like Playwright Test or Playwright was just installed or updated. ║
    ║ Please run the following command to download new browsers:              ║
    ║                                                                         ║
    ║     npx playwright install                                              ║
    ║                                                                         ║
    ║ <3 Playwright Team                                                      ║
    ╚═════════════════════════════════════════════════════════════════════════╝
]]>
</failure>
</testcase>
<testcase name="User Registration Flow › should show loading state during registration" classname="auth/user-registration.spec.ts" time="0.008">
<failure message="user-registration.spec.ts:116:7 should show loading state during registration" type="FAILURE">
<![CDATA[  [webkit] › auth/user-registration.spec.ts:116:7 › User Registration Flow › should show loading state during registration 

    Error: browserType.launch: Executable doesn't exist at /home/ricardo-filipebondor/.cache/ms-playwright/webkit-2203/pw_run.sh
    ╔═════════════════════════════════════════════════════════════════════════╗
    ║ Looks like Playwright Test or Playwright was just installed or updated. ║
    ║ Please run the following command to download new browsers:              ║
    ║                                                                         ║
    ║     npx playwright install                                              ║
    ║                                                                         ║
    ║ <3 Playwright Team                                                      ║
    ╚═════════════════════════════════════════════════════════════════════════╝
]]>
</failure>
</testcase>
<testcase name="User Registration Flow › should support different user roles" classname="auth/user-registration.spec.ts" time="0.007">
<failure message="user-registration.spec.ts:139:7 should support different user roles" type="FAILURE">
<![CDATA[  [webkit] › auth/user-registration.spec.ts:139:7 › User Registration Flow › should support different user roles 

    Error: browserType.launch: Executable doesn't exist at /home/ricardo-filipebondor/.cache/ms-playwright/webkit-2203/pw_run.sh
    ╔═════════════════════════════════════════════════════════════════════════╗
    ║ Looks like Playwright Test or Playwright was just installed or updated. ║
    ║ Please run the following command to download new browsers:              ║
    ║                                                                         ║
    ║     npx playwright install                                              ║
    ║                                                                         ║
    ║ <3 Playwright Team                                                      ║
    ╚═════════════════════════════════════════════════════════════════════════╝
]]>
</failure>
</testcase>
<testcase name="User Registration Flow › should validate password confirmation if field exists" classname="auth/user-registration.spec.ts" time="0.006">
<failure message="user-registration.spec.ts:162:7 should validate password confirmation if field exists" type="FAILURE">
<![CDATA[  [webkit] › auth/user-registration.spec.ts:162:7 › User Registration Flow › should validate password confirmation if field exists 

    Error: browserType.launch: Executable doesn't exist at /home/ricardo-filipebondor/.cache/ms-playwright/webkit-2203/pw_run.sh
    ╔═════════════════════════════════════════════════════════════════════════╗
    ║ Looks like Playwright Test or Playwright was just installed or updated. ║
    ║ Please run the following command to download new browsers:              ║
    ║                                                                         ║
    ║     npx playwright install                                              ║
    ║                                                                         ║
    ║ <3 Playwright Team                                                      ║
    ╚═════════════════════════════════════════════════════════════════════════╝
]]>
</failure>
</testcase>
<testcase name="User Registration Flow › should handle form reset" classname="auth/user-registration.spec.ts" time="0.008">
<failure message="user-registration.spec.ts:182:7 should handle form reset" type="FAILURE">
<![CDATA[  [webkit] › auth/user-registration.spec.ts:182:7 › User Registration Flow › should handle form reset 

    Error: browserType.launch: Executable doesn't exist at /home/ricardo-filipebondor/.cache/ms-playwright/webkit-2203/pw_run.sh
    ╔═════════════════════════════════════════════════════════════════════════╗
    ║ Looks like Playwright Test or Playwright was just installed or updated. ║
    ║ Please run the following command to download new browsers:              ║
    ║                                                                         ║
    ║     npx playwright install                                              ║
    ║                                                                         ║
    ║ <3 Playwright Team                                                      ║
    ╚═════════════════════════════════════════════════════════════════════════╝
]]>
</failure>
</testcase>
</testsuite>
<testsuite name="dashboard/dashboard-navigation.spec.ts" timestamp="2025-09-07T12:53:54.762Z" hostname="webkit" tests="21" failures="21" skipped="0" time="0.165" errors="0">
<testcase name="Dashboard Navigation › should display main navigation menu" classname="dashboard/dashboard-navigation.spec.ts" time="0.007">
<failure message="dashboard-navigation.spec.ts:16:7 should display main navigation menu" type="FAILURE">
<![CDATA[  [webkit] › dashboard/dashboard-navigation.spec.ts:16:7 › Dashboard Navigation › should display main navigation menu 

    Error: browserType.launch: Executable doesn't exist at /home/ricardo-filipebondor/.cache/ms-playwright/webkit-2203/pw_run.sh
    ╔═════════════════════════════════════════════════════════════════════════╗
    ║ Looks like Playwright Test or Playwright was just installed or updated. ║
    ║ Please run the following command to download new browsers:              ║
    ║                                                                         ║
    ║     npx playwright install                                              ║
    ║                                                                         ║
    ║ <3 Playwright Team                                                      ║
    ╚═════════════════════════════════════════════════════════════════════════╝
]]>
</failure>
</testcase>
<testcase name="Dashboard Navigation › should navigate to dashboard page" classname="dashboard/dashboard-navigation.spec.ts" time="0.007">
<failure message="dashboard-navigation.spec.ts:25:7 should navigate to dashboard page" type="FAILURE">
<![CDATA[  [webkit] › dashboard/dashboard-navigation.spec.ts:25:7 › Dashboard Navigation › should navigate to dashboard page 

    Error: browserType.launch: Executable doesn't exist at /home/ricardo-filipebondor/.cache/ms-playwright/webkit-2203/pw_run.sh
    ╔═════════════════════════════════════════════════════════════════════════╗
    ║ Looks like Playwright Test or Playwright was just installed or updated. ║
    ║ Please run the following command to download new browsers:              ║
    ║                                                                         ║
    ║     npx playwright install                                              ║
    ║                                                                         ║
    ║ <3 Playwright Team                                                      ║
    ╚═════════════════════════════════════════════════════════════════════════╝
]]>
</failure>
</testcase>
<testcase name="Dashboard Navigation › should navigate to database management page" classname="dashboard/dashboard-navigation.spec.ts" time="0.007">
<failure message="dashboard-navigation.spec.ts:33:7 should navigate to database management page" type="FAILURE">
<![CDATA[  [webkit] › dashboard/dashboard-navigation.spec.ts:33:7 › Dashboard Navigation › should navigate to database management page 

    Error: browserType.launch: Executable doesn't exist at /home/ricardo-filipebondor/.cache/ms-playwright/webkit-2203/pw_run.sh
    ╔═════════════════════════════════════════════════════════════════════════╗
    ║ Looks like Playwright Test or Playwright was just installed or updated. ║
    ║ Please run the following command to download new browsers:              ║
    ║                                                                         ║
    ║     npx playwright install                                              ║
    ║                                                                         ║
    ║ <3 Playwright Team                                                      ║
    ╚═════════════════════════════════════════════════════════════════════════╝
]]>
</failure>
</testcase>
<testcase name="Dashboard Navigation › should navigate to analytics page" classname="dashboard/dashboard-navigation.spec.ts" time="0.008">
<failure message="dashboard-navigation.spec.ts:41:7 should navigate to analytics page" type="FAILURE">
<![CDATA[  [webkit] › dashboard/dashboard-navigation.spec.ts:41:7 › Dashboard Navigation › should navigate to analytics page 

    Error: browserType.launch: Executable doesn't exist at /home/ricardo-filipebondor/.cache/ms-playwright/webkit-2203/pw_run.sh
    ╔═════════════════════════════════════════════════════════════════════════╗
    ║ Looks like Playwright Test or Playwright was just installed or updated. ║
    ║ Please run the following command to download new browsers:              ║
    ║                                                                         ║
    ║     npx playwright install                                              ║
    ║                                                                         ║
    ║ <3 Playwright Team                                                      ║
    ╚═════════════════════════════════════════════════════════════════════════╝
]]>
</failure>
</testcase>
<testcase name="Dashboard Navigation › should navigate to settings page" classname="dashboard/dashboard-navigation.spec.ts" time="0.007">
<failure message="dashboard-navigation.spec.ts:49:7 should navigate to settings page" type="FAILURE">
<![CDATA[  [webkit] › dashboard/dashboard-navigation.spec.ts:49:7 › Dashboard Navigation › should navigate to settings page 

    Error: browserType.launch: Executable doesn't exist at /home/ricardo-filipebondor/.cache/ms-playwright/webkit-2203/pw_run.sh
    ╔═════════════════════════════════════════════════════════════════════════╗
    ║ Looks like Playwright Test or Playwright was just installed or updated. ║
    ║ Please run the following command to download new browsers:              ║
    ║                                                                         ║
    ║     npx playwright install                                              ║
    ║                                                                         ║
    ║ <3 Playwright Team                                                      ║
    ╚═════════════════════════════════════════════════════════════════════════╝
]]>
</failure>
</testcase>
<testcase name="Dashboard Navigation › should display user profile menu" classname="dashboard/dashboard-navigation.spec.ts" time="0.007">
<failure message="dashboard-navigation.spec.ts:57:7 should display user profile menu" type="FAILURE">
<![CDATA[  [webkit] › dashboard/dashboard-navigation.spec.ts:57:7 › Dashboard Navigation › should display user profile menu 

    Error: browserType.launch: Executable doesn't exist at /home/ricardo-filipebondor/.cache/ms-playwright/webkit-2203/pw_run.sh
    ╔═════════════════════════════════════════════════════════════════════════╗
    ║ Looks like Playwright Test or Playwright was just installed or updated. ║
    ║ Please run the following command to download new browsers:              ║
    ║                                                                         ║
    ║     npx playwright install                                              ║
    ║                                                                         ║
    ║ <3 Playwright Team                                                      ║
    ╚═════════════════════════════════════════════════════════════════════════╝
]]>
</failure>
</testcase>
<testcase name="Dashboard Navigation › should navigate to user profile" classname="dashboard/dashboard-navigation.spec.ts" time="0.009">
<failure message="dashboard-navigation.spec.ts:67:7 should navigate to user profile" type="FAILURE">
<![CDATA[  [webkit] › dashboard/dashboard-navigation.spec.ts:67:7 › Dashboard Navigation › should navigate to user profile 

    Error: browserType.launch: Executable doesn't exist at /home/ricardo-filipebondor/.cache/ms-playwright/webkit-2203/pw_run.sh
    ╔═════════════════════════════════════════════════════════════════════════╗
    ║ Looks like Playwright Test or Playwright was just installed or updated. ║
    ║ Please run the following command to download new browsers:              ║
    ║                                                                         ║
    ║     npx playwright install                                              ║
    ║                                                                         ║
    ║ <3 Playwright Team                                                      ║
    ╚═════════════════════════════════════════════════════════════════════════╝
]]>
</failure>
</testcase>
<testcase name="Dashboard Navigation › should logout successfully" classname="dashboard/dashboard-navigation.spec.ts" time="0.016">
<failure message="dashboard-navigation.spec.ts:75:7 should logout successfully" type="FAILURE">
<![CDATA[  [webkit] › dashboard/dashboard-navigation.spec.ts:75:7 › Dashboard Navigation › should logout successfully 

    Error: browserType.launch: Executable doesn't exist at /home/ricardo-filipebondor/.cache/ms-playwright/webkit-2203/pw_run.sh
    ╔═════════════════════════════════════════════════════════════════════════╗
    ║ Looks like Playwright Test or Playwright was just installed or updated. ║
    ║ Please run the following command to download new browsers:              ║
    ║                                                                         ║
    ║     npx playwright install                                              ║
    ║                                                                         ║
    ║ <3 Playwright Team                                                      ║
    ╚═════════════════════════════════════════════════════════════════════════╝
]]>
</failure>
</testcase>
<testcase name="Dashboard Navigation › should show active navigation state" classname="dashboard/dashboard-navigation.spec.ts" time="0.009">
<failure message="dashboard-navigation.spec.ts:84:7 should show active navigation state" type="FAILURE">
<![CDATA[  [webkit] › dashboard/dashboard-navigation.spec.ts:84:7 › Dashboard Navigation › should show active navigation state 

    Error: browserType.launch: Executable doesn't exist at /home/ricardo-filipebondor/.cache/ms-playwright/webkit-2203/pw_run.sh
    ╔═════════════════════════════════════════════════════════════════════════╗
    ║ Looks like Playwright Test or Playwright was just installed or updated. ║
    ║ Please run the following command to download new browsers:              ║
    ║                                                                         ║
    ║     npx playwright install                                              ║
    ║                                                                         ║
    ║ <3 Playwright Team                                                      ║
    ╚═════════════════════════════════════════════════════════════════════════╝
]]>
</failure>
</testcase>
<testcase name="Dashboard Navigation › should handle mobile navigation menu" classname="dashboard/dashboard-navigation.spec.ts" time="0.009">
<failure message="dashboard-navigation.spec.ts:95:7 should handle mobile navigation menu" type="FAILURE">
<![CDATA[  [webkit] › dashboard/dashboard-navigation.spec.ts:95:7 › Dashboard Navigation › should handle mobile navigation menu 

    Error: browserType.launch: Executable doesn't exist at /home/ricardo-filipebondor/.cache/ms-playwright/webkit-2203/pw_run.sh
    ╔═════════════════════════════════════════════════════════════════════════╗
    ║ Looks like Playwright Test or Playwright was just installed or updated. ║
    ║ Please run the following command to download new browsers:              ║
    ║                                                                         ║
    ║     npx playwright install                                              ║
    ║                                                                         ║
    ║ <3 Playwright Team                                                      ║
    ╚═════════════════════════════════════════════════════════════════════════╝
]]>
</failure>
</testcase>
<testcase name="Dashboard Navigation › should display breadcrumbs for nested pages" classname="dashboard/dashboard-navigation.spec.ts" time="0.007">
<failure message="dashboard-navigation.spec.ts:112:7 should display breadcrumbs for nested pages" type="FAILURE">
<![CDATA[  [webkit] › dashboard/dashboard-navigation.spec.ts:112:7 › Dashboard Navigation › should display breadcrumbs for nested pages 

    Error: browserType.launch: Executable doesn't exist at /home/ricardo-filipebondor/.cache/ms-playwright/webkit-2203/pw_run.sh
    ╔═════════════════════════════════════════════════════════════════════════╗
    ║ Looks like Playwright Test or Playwright was just installed or updated. ║
    ║ Please run the following command to download new browsers:              ║
    ║                                                                         ║
    ║     npx playwright install                                              ║
    ║                                                                         ║
    ║ <3 Playwright Team                                                      ║
    ╚═════════════════════════════════════════════════════════════════════════╝
]]>
</failure>
</testcase>
<testcase name="Dashboard Navigation › should handle keyboard navigation" classname="dashboard/dashboard-navigation.spec.ts" time="0.008">
<failure message="dashboard-navigation.spec.ts:125:7 should handle keyboard navigation" type="FAILURE">
<![CDATA[  [webkit] › dashboard/dashboard-navigation.spec.ts:125:7 › Dashboard Navigation › should handle keyboard navigation 

    Error: browserType.launch: Executable doesn't exist at /home/ricardo-filipebondor/.cache/ms-playwright/webkit-2203/pw_run.sh
    ╔═════════════════════════════════════════════════════════════════════════╗
    ║ Looks like Playwright Test or Playwright was just installed or updated. ║
    ║ Please run the following command to download new browsers:              ║
    ║                                                                         ║
    ║     npx playwright install                                              ║
    ║                                                                         ║
    ║ <3 Playwright Team                                                      ║
    ╚═════════════════════════════════════════════════════════════════════════╝
]]>
</failure>
</testcase>
<testcase name="Dashboard Navigation › should display notifications" classname="dashboard/dashboard-navigation.spec.ts" time="0.008">
<failure message="dashboard-navigation.spec.ts:136:7 should display notifications" type="FAILURE">
<![CDATA[  [webkit] › dashboard/dashboard-navigation.spec.ts:136:7 › Dashboard Navigation › should display notifications 

    Error: browserType.launch: Executable doesn't exist at /home/ricardo-filipebondor/.cache/ms-playwright/webkit-2203/pw_run.sh
    ╔═════════════════════════════════════════════════════════════════════════╗
    ║ Looks like Playwright Test or Playwright was just installed or updated. ║
    ║ Please run the following command to download new browsers:              ║
    ║                                                                         ║
    ║     npx playwright install                                              ║
    ║                                                                         ║
    ║ <3 Playwright Team                                                      ║
    ╚═════════════════════════════════════════════════════════════════════════╝
]]>
</failure>
</testcase>
<testcase name="Dashboard Navigation › should handle search functionality" classname="dashboard/dashboard-navigation.spec.ts" time="0.007">
<failure message="dashboard-navigation.spec.ts:147:7 should handle search functionality" type="FAILURE">
<![CDATA[  [webkit] › dashboard/dashboard-navigation.spec.ts:147:7 › Dashboard Navigation › should handle search functionality 

    Error: browserType.launch: Executable doesn't exist at /home/ricardo-filipebondor/.cache/ms-playwright/webkit-2203/pw_run.sh
    ╔═════════════════════════════════════════════════════════════════════════╗
    ║ Looks like Playwright Test or Playwright was just installed or updated. ║
    ║ Please run the following command to download new browsers:              ║
    ║                                                                         ║
    ║     npx playwright install                                              ║
    ║                                                                         ║
    ║ <3 Playwright Team                                                      ║
    ╚═════════════════════════════════════════════════════════════════════════╝
]]>
</failure>
</testcase>
<testcase name="Dashboard Navigation › should display tenant information" classname="dashboard/dashboard-navigation.spec.ts" time="0.007">
<failure message="dashboard-navigation.spec.ts:159:7 should display tenant information" type="FAILURE">
<![CDATA[  [webkit] › dashboard/dashboard-navigation.spec.ts:159:7 › Dashboard Navigation › should display tenant information 

    Error: browserType.launch: Executable doesn't exist at /home/ricardo-filipebondor/.cache/ms-playwright/webkit-2203/pw_run.sh
    ╔═════════════════════════════════════════════════════════════════════════╗
    ║ Looks like Playwright Test or Playwright was just installed or updated. ║
    ║ Please run the following command to download new browsers:              ║
    ║                                                                         ║
    ║     npx playwright install                                              ║
    ║                                                                         ║
    ║ <3 Playwright Team                                                      ║
    ╚═════════════════════════════════════════════════════════════════════════╝
]]>
</failure>
</testcase>
<testcase name="Dashboard Navigation › should handle theme switching" classname="dashboard/dashboard-navigation.spec.ts" time="0.008">
<failure message="dashboard-navigation.spec.ts:167:7 should handle theme switching" type="FAILURE">
<![CDATA[  [webkit] › dashboard/dashboard-navigation.spec.ts:167:7 › Dashboard Navigation › should handle theme switching 

    Error: browserType.launch: Executable doesn't exist at /home/ricardo-filipebondor/.cache/ms-playwright/webkit-2203/pw_run.sh
    ╔═════════════════════════════════════════════════════════════════════════╗
    ║ Looks like Playwright Test or Playwright was just installed or updated. ║
    ║ Please run the following command to download new browsers:              ║
    ║                                                                         ║
    ║     npx playwright install                                              ║
    ║                                                                         ║
    ║ <3 Playwright Team                                                      ║
    ╚═════════════════════════════════════════════════════════════════════════╝
]]>
</failure>
</testcase>
<testcase name="Dashboard Navigation › should display language selector" classname="dashboard/dashboard-navigation.spec.ts" time="0.007">
<failure message="dashboard-navigation.spec.ts:180:7 should display language selector" type="FAILURE">
<![CDATA[  [webkit] › dashboard/dashboard-navigation.spec.ts:180:7 › Dashboard Navigation › should display language selector 

    Error: browserType.launch: Executable doesn't exist at /home/ricardo-filipebondor/.cache/ms-playwright/webkit-2203/pw_run.sh
    ╔═════════════════════════════════════════════════════════════════════════╗
    ║ Looks like Playwright Test or Playwright was just installed or updated. ║
    ║ Please run the following command to download new browsers:              ║
    ║                                                                         ║
    ║     npx playwright install                                              ║
    ║                                                                         ║
    ║ <3 Playwright Team                                                      ║
    ╚═════════════════════════════════════════════════════════════════════════╝
]]>
</failure>
</testcase>
<testcase name="Dashboard Navigation › should handle responsive navigation" classname="dashboard/dashboard-navigation.spec.ts" time="0.006">
<failure message="dashboard-navigation.spec.ts:193:7 should handle responsive navigation" type="FAILURE">
<![CDATA[  [webkit] › dashboard/dashboard-navigation.spec.ts:193:7 › Dashboard Navigation › should handle responsive navigation 

    Error: browserType.launch: Executable doesn't exist at /home/ricardo-filipebondor/.cache/ms-playwright/webkit-2203/pw_run.sh
    ╔═════════════════════════════════════════════════════════════════════════╗
    ║ Looks like Playwright Test or Playwright was just installed or updated. ║
    ║ Please run the following command to download new browsers:              ║
    ║                                                                         ║
    ║     npx playwright install                                              ║
    ║                                                                         ║
    ║ <3 Playwright Team                                                      ║
    ╚═════════════════════════════════════════════════════════════════════════╝
]]>
</failure>
</testcase>
<testcase name="Dashboard Navigation › should handle navigation with browser back/forward" classname="dashboard/dashboard-navigation.spec.ts" time="0.007">
<failure message="dashboard-navigation.spec.ts:214:7 should handle navigation with browser back/forward" type="FAILURE">
<![CDATA[  [webkit] › dashboard/dashboard-navigation.spec.ts:214:7 › Dashboard Navigation › should handle navigation with browser back/forward 

    Error: browserType.launch: Executable doesn't exist at /home/ricardo-filipebondor/.cache/ms-playwright/webkit-2203/pw_run.sh
    ╔═════════════════════════════════════════════════════════════════════════╗
    ║ Looks like Playwright Test or Playwright was just installed or updated. ║
    ║ Please run the following command to download new browsers:              ║
    ║                                                                         ║
    ║     npx playwright install                                              ║
    ║                                                                         ║
    ║ <3 Playwright Team                                                      ║
    ╚═════════════════════════════════════════════════════════════════════════╝
]]>
</failure>
</testcase>
<testcase name="Dashboard Navigation › should handle navigation errors gracefully" classname="dashboard/dashboard-navigation.spec.ts" time="0.007">
<failure message="dashboard-navigation.spec.ts:237:7 should handle navigation errors gracefully" type="FAILURE">
<![CDATA[  [webkit] › dashboard/dashboard-navigation.spec.ts:237:7 › Dashboard Navigation › should handle navigation errors gracefully 

    Error: browserType.launch: Executable doesn't exist at /home/ricardo-filipebondor/.cache/ms-playwright/webkit-2203/pw_run.sh
    ╔═════════════════════════════════════════════════════════════════════════╗
    ║ Looks like Playwright Test or Playwright was just installed or updated. ║
    ║ Please run the following command to download new browsers:              ║
    ║                                                                         ║
    ║     npx playwright install                                              ║
    ║                                                                         ║
    ║ <3 Playwright Team                                                      ║
    ╚═════════════════════════════════════════════════════════════════════════╝
]]>
</failure>
</testcase>
<testcase name="Dashboard Navigation › should maintain navigation state during page refresh" classname="dashboard/dashboard-navigation.spec.ts" time="0.007">
<failure message="dashboard-navigation.spec.ts:247:7 should maintain navigation state during page refresh" type="FAILURE">
<![CDATA[  [webkit] › dashboard/dashboard-navigation.spec.ts:247:7 › Dashboard Navigation › should maintain navigation state during page refresh 

    Error: browserType.launch: Executable doesn't exist at /home/ricardo-filipebondor/.cache/ms-playwright/webkit-2203/pw_run.sh
    ╔═════════════════════════════════════════════════════════════════════════╗
    ║ Looks like Playwright Test or Playwright was just installed or updated. ║
    ║ Please run the following command to download new browsers:              ║
    ║                                                                         ║
    ║     npx playwright install                                              ║
    ║                                                                         ║
    ║ <3 Playwright Team                                                      ║
    ╚═════════════════════════════════════════════════════════════════════════╝
]]>
</failure>
</testcase>
</testsuite>
<testsuite name="database/table-management.spec.ts" timestamp="2025-09-07T12:53:54.762Z" hostname="webkit" tests="22" failures="22" skipped="0" time="0.174" errors="0">
<testcase name="Database Table Management › should display existing tables" classname="database/table-management.spec.ts" time="0.008">
<failure message="table-management.spec.ts:18:7 should display existing tables" type="FAILURE">
<![CDATA[  [webkit] › database/table-management.spec.ts:18:7 › Database Table Management › should display existing tables 

    Error: browserType.launch: Executable doesn't exist at /home/ricardo-filipebondor/.cache/ms-playwright/webkit-2203/pw_run.sh
    ╔═════════════════════════════════════════════════════════════════════════╗
    ║ Looks like Playwright Test or Playwright was just installed or updated. ║
    ║ Please run the following command to download new browsers:              ║
    ║                                                                         ║
    ║     npx playwright install                                              ║
    ║                                                                         ║
    ║ <3 Playwright Team                                                      ║
    ╚═════════════════════════════════════════════════════════════════════════╝
]]>
</failure>
</testcase>
<testcase name="Database Table Management › should create a new table" classname="database/table-management.spec.ts" time="0.006">
<failure message="table-management.spec.ts:27:7 should create a new table" type="FAILURE">
<![CDATA[  [webkit] › database/table-management.spec.ts:27:7 › Database Table Management › should create a new table 

    Error: browserType.launch: Executable doesn't exist at /home/ricardo-filipebondor/.cache/ms-playwright/webkit-2203/pw_run.sh
    ╔═════════════════════════════════════════════════════════════════════════╗
    ║ Looks like Playwright Test or Playwright was just installed or updated. ║
    ║ Please run the following command to download new browsers:              ║
    ║                                                                         ║
    ║     npx playwright install                                              ║
    ║                                                                         ║
    ║ <3 Playwright Team                                                      ║
    ╚═════════════════════════════════════════════════════════════════════════╝
]]>
</failure>
</testcase>
<testcase name="Database Table Management › should edit an existing table" classname="database/table-management.spec.ts" time="0.007">
<failure message="table-management.spec.ts:58:7 should edit an existing table" type="FAILURE">
<![CDATA[  [webkit] › database/table-management.spec.ts:58:7 › Database Table Management › should edit an existing table 

    Error: browserType.launch: Executable doesn't exist at /home/ricardo-filipebondor/.cache/ms-playwright/webkit-2203/pw_run.sh
    ╔═════════════════════════════════════════════════════════════════════════╗
    ║ Looks like Playwright Test or Playwright was just installed or updated. ║
    ║ Please run the following command to download new browsers:              ║
    ║                                                                         ║
    ║     npx playwright install                                              ║
    ║                                                                         ║
    ║ <3 Playwright Team                                                      ║
    ╚═════════════════════════════════════════════════════════════════════════╝
]]>
</failure>
</testcase>
<testcase name="Database Table Management › should delete a table" classname="database/table-management.spec.ts" time="0.007">
<failure message="table-management.spec.ts:76:7 should delete a table" type="FAILURE">
<![CDATA[  [webkit] › database/table-management.spec.ts:76:7 › Database Table Management › should delete a table 

    Error: browserType.launch: Executable doesn't exist at /home/ricardo-filipebondor/.cache/ms-playwright/webkit-2203/pw_run.sh
    ╔═════════════════════════════════════════════════════════════════════════╗
    ║ Looks like Playwright Test or Playwright was just installed or updated. ║
    ║ Please run the following command to download new browsers:              ║
    ║                                                                         ║
    ║     npx playwright install                                              ║
    ║                                                                         ║
    ║ <3 Playwright Team                                                      ║
    ╚═════════════════════════════════════════════════════════════════════════╝
]]>
</failure>
</testcase>
<testcase name="Database Table Management › should add columns to existing table" classname="database/table-management.spec.ts" time="0.011">
<failure message="table-management.spec.ts:91:7 should add columns to existing table" type="FAILURE">
<![CDATA[  [webkit] › database/table-management.spec.ts:91:7 › Database Table Management › should add columns to existing table 

    Error: browserType.launch: Executable doesn't exist at /home/ricardo-filipebondor/.cache/ms-playwright/webkit-2203/pw_run.sh
    ╔═════════════════════════════════════════════════════════════════════════╗
    ║ Looks like Playwright Test or Playwright was just installed or updated. ║
    ║ Please run the following command to download new browsers:              ║
    ║                                                                         ║
    ║     npx playwright install                                              ║
    ║                                                                         ║
    ║ <3 Playwright Team                                                      ║
    ╚═════════════════════════════════════════════════════════════════════════╝
]]>
</failure>
</testcase>
<testcase name="Database Table Management › should edit table columns" classname="database/table-management.spec.ts" time="0.009">
<failure message="table-management.spec.ts:114:7 should edit table columns" type="FAILURE">
<![CDATA[  [webkit] › database/table-management.spec.ts:114:7 › Database Table Management › should edit table columns 

    Error: browserType.launch: Executable doesn't exist at /home/ricardo-filipebondor/.cache/ms-playwright/webkit-2203/pw_run.sh
    ╔═════════════════════════════════════════════════════════════════════════╗
    ║ Looks like Playwright Test or Playwright was just installed or updated. ║
    ║ Please run the following command to download new browsers:              ║
    ║                                                                         ║
    ║     npx playwright install                                              ║
    ║                                                                         ║
    ║ <3 Playwright Team                                                      ║
    ╚═════════════════════════════════════════════════════════════════════════╝
]]>
</failure>
</testcase>
<testcase name="Database Table Management › should delete table columns" classname="database/table-management.spec.ts" time="0.008">
<failure message="table-management.spec.ts:136:7 should delete table columns" type="FAILURE">
<![CDATA[  [webkit] › database/table-management.spec.ts:136:7 › Database Table Management › should delete table columns 

    Error: browserType.launch: Executable doesn't exist at /home/ricardo-filipebondor/.cache/ms-playwright/webkit-2203/pw_run.sh
    ╔═════════════════════════════════════════════════════════════════════════╗
    ║ Looks like Playwright Test or Playwright was just installed or updated. ║
    ║ Please run the following command to download new browsers:              ║
    ║                                                                         ║
    ║     npx playwright install                                              ║
    ║                                                                         ║
    ║ <3 Playwright Team                                                      ║
    ╚═════════════════════════════════════════════════════════════════════════╝
]]>
</failure>
</testcase>
<testcase name="Database Table Management › should handle table validation errors" classname="database/table-management.spec.ts" time="0.008">
<failure message="table-management.spec.ts:151:7 should handle table validation errors" type="FAILURE">
<![CDATA[  [webkit] › database/table-management.spec.ts:151:7 › Database Table Management › should handle table validation errors 

    Error: browserType.launch: Executable doesn't exist at /home/ricardo-filipebondor/.cache/ms-playwright/webkit-2203/pw_run.sh
    ╔═════════════════════════════════════════════════════════════════════════╗
    ║ Looks like Playwright Test or Playwright was just installed or updated. ║
    ║ Please run the following command to download new browsers:              ║
    ║                                                                         ║
    ║     npx playwright install                                              ║
    ║                                                                         ║
    ║ <3 Playwright Team                                                      ║
    ╚═════════════════════════════════════════════════════════════════════════╝
]]>
</failure>
</testcase>
<testcase name="Database Table Management › should handle duplicate table names" classname="database/table-management.spec.ts" time="0.007">
<failure message="table-management.spec.ts:163:7 should handle duplicate table names" type="FAILURE">
<![CDATA[  [webkit] › database/table-management.spec.ts:163:7 › Database Table Management › should handle duplicate table names 

    Error: browserType.launch: Executable doesn't exist at /home/ricardo-filipebondor/.cache/ms-playwright/webkit-2203/pw_run.sh
    ╔═════════════════════════════════════════════════════════════════════════╗
    ║ Looks like Playwright Test or Playwright was just installed or updated. ║
    ║ Please run the following command to download new browsers:              ║
    ║                                                                         ║
    ║     npx playwright install                                              ║
    ║                                                                         ║
    ║ <3 Playwright Team                                                      ║
    ╚═════════════════════════════════════════════════════════════════════════╝
]]>
</failure>
</testcase>
<testcase name="Database Table Management › should handle column validation errors" classname="database/table-management.spec.ts" time="0.007">
<failure message="table-management.spec.ts:183:7 should handle column validation errors" type="FAILURE">
<![CDATA[  [webkit] › database/table-management.spec.ts:183:7 › Database Table Management › should handle column validation errors 

    Error: browserType.launch: Executable doesn't exist at /home/ricardo-filipebondor/.cache/ms-playwright/webkit-2203/pw_run.sh
    ╔═════════════════════════════════════════════════════════════════════════╗
    ║ Looks like Playwright Test or Playwright was just installed or updated. ║
    ║ Please run the following command to download new browsers:              ║
    ║                                                                         ║
    ║     npx playwright install                                              ║
    ║                                                                         ║
    ║ <3 Playwright Team                                                      ║
    ╚═════════════════════════════════════════════════════════════════════════╝
]]>
</failure>
</testcase>
<testcase name="Database Table Management › should handle duplicate column names" classname="database/table-management.spec.ts" time="0.006">
<failure message="table-management.spec.ts:202:7 should handle duplicate column names" type="FAILURE">
<![CDATA[  [webkit] › database/table-management.spec.ts:202:7 › Database Table Management › should handle duplicate column names 

    Error: browserType.launch: Executable doesn't exist at /home/ricardo-filipebondor/.cache/ms-playwright/webkit-2203/pw_run.sh
    ╔═════════════════════════════════════════════════════════════════════════╗
    ║ Looks like Playwright Test or Playwright was just installed or updated. ║
    ║ Please run the following command to download new browsers:              ║
    ║                                                                         ║
    ║     npx playwright install                                              ║
    ║                                                                         ║
    ║ <3 Playwright Team                                                      ║
    ╚═════════════════════════════════════════════════════════════════════════╝
]]>
</failure>
</testcase>
<testcase name="Database Table Management › should handle table permissions" classname="database/table-management.spec.ts" time="0.008">
<failure message="table-management.spec.ts:225:7 should handle table permissions" type="FAILURE">
<![CDATA[  [webkit] › database/table-management.spec.ts:225:7 › Database Table Management › should handle table permissions 

    Error: browserType.launch: Executable doesn't exist at /home/ricardo-filipebondor/.cache/ms-playwright/webkit-2203/pw_run.sh
    ╔═════════════════════════════════════════════════════════════════════════╗
    ║ Looks like Playwright Test or Playwright was just installed or updated. ║
    ║ Please run the following command to download new browsers:              ║
    ║                                                                         ║
    ║     npx playwright install                                              ║
    ║                                                                         ║
    ║ <3 Playwright Team                                                      ║
    ╚═════════════════════════════════════════════════════════════════════════╝
]]>
</failure>
</testcase>
<testcase name="Database Table Management › should handle table search and filtering" classname="database/table-management.spec.ts" time="0.012">
<failure message="table-management.spec.ts:234:7 should handle table search and filtering" type="FAILURE">
<![CDATA[  [webkit] › database/table-management.spec.ts:234:7 › Database Table Management › should handle table search and filtering 

    Error: browserType.launch: Executable doesn't exist at /home/ricardo-filipebondor/.cache/ms-playwright/webkit-2203/pw_run.sh
    ╔═════════════════════════════════════════════════════════════════════════╗
    ║ Looks like Playwright Test or Playwright was just installed or updated. ║
    ║ Please run the following command to download new browsers:              ║
    ║                                                                         ║
    ║     npx playwright install                                              ║
    ║                                                                         ║
    ║ <3 Playwright Team                                                      ║
    ╚═════════════════════════════════════════════════════════════════════════╝
]]>
</failure>
</testcase>
<testcase name="Database Table Management › should handle table sorting" classname="database/table-management.spec.ts" time="0.009">
<failure message="table-management.spec.ts:255:7 should handle table sorting" type="FAILURE">
<![CDATA[  [webkit] › database/table-management.spec.ts:255:7 › Database Table Management › should handle table sorting 

    Error: browserType.launch: Executable doesn't exist at /home/ricardo-filipebondor/.cache/ms-playwright/webkit-2203/pw_run.sh
    ╔═════════════════════════════════════════════════════════════════════════╗
    ║ Looks like Playwright Test or Playwright was just installed or updated. ║
    ║ Please run the following command to download new browsers:              ║
    ║                                                                         ║
    ║     npx playwright install                                              ║
    ║                                                                         ║
    ║ <3 Playwright Team                                                      ║
    ╚═════════════════════════════════════════════════════════════════════════╝
]]>
</failure>
</testcase>
<testcase name="Database Table Management › should handle table pagination" classname="database/table-management.spec.ts" time="0.008">
<failure message="table-management.spec.ts:268:7 should handle table pagination" type="FAILURE">
<![CDATA[  [webkit] › database/table-management.spec.ts:268:7 › Database Table Management › should handle table pagination 

    Error: browserType.launch: Executable doesn't exist at /home/ricardo-filipebondor/.cache/ms-playwright/webkit-2203/pw_run.sh
    ╔═════════════════════════════════════════════════════════════════════════╗
    ║ Looks like Playwright Test or Playwright was just installed or updated. ║
    ║ Please run the following command to download new browsers:              ║
    ║                                                                         ║
    ║     npx playwright install                                              ║
    ║                                                                         ║
    ║ <3 Playwright Team                                                      ║
    ╚═════════════════════════════════════════════════════════════════════════╝
]]>
</failure>
</testcase>
<testcase name="Database Table Management › should handle table export functionality" classname="database/table-management.spec.ts" time="0.008">
<failure message="table-management.spec.ts:280:7 should handle table export functionality" type="FAILURE">
<![CDATA[  [webkit] › database/table-management.spec.ts:280:7 › Database Table Management › should handle table export functionality 

    Error: browserType.launch: Executable doesn't exist at /home/ricardo-filipebondor/.cache/ms-playwright/webkit-2203/pw_run.sh
    ╔═════════════════════════════════════════════════════════════════════════╗
    ║ Looks like Playwright Test or Playwright was just installed or updated. ║
    ║ Please run the following command to download new browsers:              ║
    ║                                                                         ║
    ║     npx playwright install                                              ║
    ║                                                                         ║
    ║ <3 Playwright Team                                                      ║
    ╚═════════════════════════════════════════════════════════════════════════╝
]]>
</failure>
</testcase>
<testcase name="Database Table Management › should handle table import functionality" classname="database/table-management.spec.ts" time="0.008">
<failure message="table-management.spec.ts:293:7 should handle table import functionality" type="FAILURE">
<![CDATA[  [webkit] › database/table-management.spec.ts:293:7 › Database Table Management › should handle table import functionality 

    Error: browserType.launch: Executable doesn't exist at /home/ricardo-filipebondor/.cache/ms-playwright/webkit-2203/pw_run.sh
    ╔═════════════════════════════════════════════════════════════════════════╗
    ║ Looks like Playwright Test or Playwright was just installed or updated. ║
    ║ Please run the following command to download new browsers:              ║
    ║                                                                         ║
    ║     npx playwright install                                              ║
    ║                                                                         ║
    ║ <3 Playwright Team                                                      ║
    ╚═════════════════════════════════════════════════════════════════════════╝
]]>
</failure>
</testcase>
<testcase name="Database Table Management › should handle table relationships" classname="database/table-management.spec.ts" time="0.007">
<failure message="table-management.spec.ts:305:7 should handle table relationships" type="FAILURE">
<![CDATA[  [webkit] › database/table-management.spec.ts:305:7 › Database Table Management › should handle table relationships 

    Error: browserType.launch: Executable doesn't exist at /home/ricardo-filipebondor/.cache/ms-playwright/webkit-2203/pw_run.sh
    ╔═════════════════════════════════════════════════════════════════════════╗
    ║ Looks like Playwright Test or Playwright was just installed or updated. ║
    ║ Please run the following command to download new browsers:              ║
    ║                                                                         ║
    ║     npx playwright install                                              ║
    ║                                                                         ║
    ║ <3 Playwright Team                                                      ║
    ╚═════════════════════════════════════════════════════════════════════════╝
]]>
</failure>
</testcase>
<testcase name="Database Table Management › should handle table indexes" classname="database/table-management.spec.ts" time="0.007">
<failure message="table-management.spec.ts:317:7 should handle table indexes" type="FAILURE">
<![CDATA[  [webkit] › database/table-management.spec.ts:317:7 › Database Table Management › should handle table indexes 

    Error: browserType.launch: Executable doesn't exist at /home/ricardo-filipebondor/.cache/ms-playwright/webkit-2203/pw_run.sh
    ╔═════════════════════════════════════════════════════════════════════════╗
    ║ Looks like Playwright Test or Playwright was just installed or updated. ║
    ║ Please run the following command to download new browsers:              ║
    ║                                                                         ║
    ║     npx playwright install                                              ║
    ║                                                                         ║
    ║ <3 Playwright Team                                                      ║
    ╚═════════════════════════════════════════════════════════════════════════╝
]]>
</failure>
</testcase>
<testcase name="Database Table Management › should handle table constraints" classname="database/table-management.spec.ts" time="0.007">
<failure message="table-management.spec.ts:329:7 should handle table constraints" type="FAILURE">
<![CDATA[  [webkit] › database/table-management.spec.ts:329:7 › Database Table Management › should handle table constraints 

    Error: browserType.launch: Executable doesn't exist at /home/ricardo-filipebondor/.cache/ms-playwright/webkit-2203/pw_run.sh
    ╔═════════════════════════════════════════════════════════════════════════╗
    ║ Looks like Playwright Test or Playwright was just installed or updated. ║
    ║ Please run the following command to download new browsers:              ║
    ║                                                                         ║
    ║     npx playwright install                                              ║
    ║                                                                         ║
    ║ <3 Playwright Team                                                      ║
    ╚═════════════════════════════════════════════════════════════════════════╝
]]>
</failure>
</testcase>
<testcase name="Database Table Management › should handle table statistics" classname="database/table-management.spec.ts" time="0.008">
<failure message="table-management.spec.ts:342:7 should handle table statistics" type="FAILURE">
<![CDATA[  [webkit] › database/table-management.spec.ts:342:7 › Database Table Management › should handle table statistics 

    Error: browserType.launch: Executable doesn't exist at /home/ricardo-filipebondor/.cache/ms-playwright/webkit-2203/pw_run.sh
    ╔═════════════════════════════════════════════════════════════════════════╗
    ║ Looks like Playwright Test or Playwright was just installed or updated. ║
    ║ Please run the following command to download new browsers:              ║
    ║                                                                         ║
    ║     npx playwright install                                              ║
    ║                                                                         ║
    ║ <3 Playwright Team                                                      ║
    ╚═════════════════════════════════════════════════════════════════════════╝
]]>
</failure>
</testcase>
<testcase name="Database Table Management › should handle table backup and restore" classname="database/table-management.spec.ts" time="0.008">
<failure message="table-management.spec.ts:355:7 should handle table backup and restore" type="FAILURE">
<![CDATA[  [webkit] › database/table-management.spec.ts:355:7 › Database Table Management › should handle table backup and restore 

    Error: browserType.launch: Executable doesn't exist at /home/ricardo-filipebondor/.cache/ms-playwright/webkit-2203/pw_run.sh
    ╔═════════════════════════════════════════════════════════════════════════╗
    ║ Looks like Playwright Test or Playwright was just installed or updated. ║
    ║ Please run the following command to download new browsers:              ║
    ║                                                                         ║
    ║     npx playwright install                                              ║
    ║                                                                         ║
    ║ <3 Playwright Team                                                      ║
    ╚═════════════════════════════════════════════════════════════════════════╝
]]>
</failure>
</testcase>
</testsuite>
<testsuite name="invoice/invoice-creation.spec.ts" timestamp="2025-09-07T12:53:54.762Z" hostname="webkit" tests="4" failures="4" skipped="0" time="0.03" errors="0">
<testcase name="Invoice Creation Flow › should create invoice successfully" classname="invoice/invoice-creation.spec.ts" time="0.007">
<failure message="invoice-creation.spec.ts:111:6 should create invoice successfully" type="FAILURE">
<![CDATA[  [webkit] › invoice/invoice-creation.spec.ts:111:6 › Invoice Creation Flow › should create invoice successfully 

    Error: browserType.launch: Executable doesn't exist at /home/ricardo-filipebondor/.cache/ms-playwright/webkit-2203/pw_run.sh
    ╔═════════════════════════════════════════════════════════════════════════╗
    ║ Looks like Playwright Test or Playwright was just installed or updated. ║
    ║ Please run the following command to download new browsers:              ║
    ║                                                                         ║
    ║     npx playwright install                                              ║
    ║                                                                         ║
    ║ <3 Playwright Team                                                      ║
    ╚═════════════════════════════════════════════════════════════════════════╝
]]>
</failure>
</testcase>
<testcase name="Invoice Creation Flow › should validate required fields" classname="invoice/invoice-creation.spec.ts" time="0.008">
<failure message="invoice-creation.spec.ts:162:6 should validate required fields" type="FAILURE">
<![CDATA[  [webkit] › invoice/invoice-creation.spec.ts:162:6 › Invoice Creation Flow › should validate required fields 

    Error: browserType.launch: Executable doesn't exist at /home/ricardo-filipebondor/.cache/ms-playwright/webkit-2203/pw_run.sh
    ╔═════════════════════════════════════════════════════════════════════════╗
    ║ Looks like Playwright Test or Playwright was just installed or updated. ║
    ║ Please run the following command to download new browsers:              ║
    ║                                                                         ║
    ║     npx playwright install                                              ║
    ║                                                                         ║
    ║ <3 Playwright Team                                                      ║
    ╚═════════════════════════════════════════════════════════════════════════╝
]]>
</failure>
</testcase>
<testcase name="Invoice Creation Flow › should handle currency conversion" classname="invoice/invoice-creation.spec.ts" time="0.007">
<failure message="invoice-creation.spec.ts:176:6 should handle currency conversion" type="FAILURE">
<![CDATA[  [webkit] › invoice/invoice-creation.spec.ts:176:6 › Invoice Creation Flow › should handle currency conversion 

    Error: browserType.launch: Executable doesn't exist at /home/ricardo-filipebondor/.cache/ms-playwright/webkit-2203/pw_run.sh
    ╔═════════════════════════════════════════════════════════════════════════╗
    ║ Looks like Playwright Test or Playwright was just installed or updated. ║
    ║ Please run the following command to download new browsers:              ║
    ║                                                                         ║
    ║     npx playwright install                                              ║
    ║                                                                         ║
    ║ <3 Playwright Team                                                      ║
    ╚═════════════════════════════════════════════════════════════════════════╝
]]>
</failure>
</testcase>
<testcase name="Invoice Creation Flow › should edit existing invoice" classname="invoice/invoice-creation.spec.ts" time="0.008">
<failure message="invoice-creation.spec.ts:223:6 should edit existing invoice" type="FAILURE">
<![CDATA[  [webkit] › invoice/invoice-creation.spec.ts:223:6 › Invoice Creation Flow › should edit existing invoice 

    Error: browserType.launch: Executable doesn't exist at /home/ricardo-filipebondor/.cache/ms-playwright/webkit-2203/pw_run.sh
    ╔═════════════════════════════════════════════════════════════════════════╗
    ║ Looks like Playwright Test or Playwright was just installed or updated. ║
    ║ Please run the following command to download new browsers:              ║
    ║                                                                         ║
    ║     npx playwright install                                              ║
    ║                                                                         ║
    ║ <3 Playwright Team                                                      ║
    ╚═════════════════════════════════════════════════════════════════════════╝
]]>
</failure>
</testcase>
</testsuite>
<testsuite name="auth/user-login.spec.ts" timestamp="2025-09-07T12:53:54.762Z" hostname="Mobile Chrome" tests="16" failures="16" skipped="0" time="0.121" errors="0">
<testcase name="User Login Flow › should login successfully with valid credentials" classname="auth/user-login.spec.ts" time="0.006">
<failure message="user-login.spec.ts:8:7 should login successfully with valid credentials" type="FAILURE">
<![CDATA[  [Mobile Chrome] › auth/user-login.spec.ts:8:7 › User Login Flow › should login successfully with valid credentials 

    Error: browserType.launch: Executable doesn't exist at /home/ricardo-filipebondor/.cache/ms-playwright/chromium_headless_shell-1187/chrome-linux/headless_shell
    ╔═════════════════════════════════════════════════════════════════════════╗
    ║ Looks like Playwright Test or Playwright was just installed or updated. ║
    ║ Please run the following command to download new browsers:              ║
    ║                                                                         ║
    ║     npx playwright install                                              ║
    ║                                                                         ║
    ║ <3 Playwright Team                                                      ║
    ╚═════════════════════════════════════════════════════════════════════════╝
]]>
</failure>
</testcase>
<testcase name="User Login Flow › should show error for invalid credentials" classname="auth/user-login.spec.ts" time="0.008">
<failure message="user-login.spec.ts:27:7 should show error for invalid credentials" type="FAILURE">
<![CDATA[  [Mobile Chrome] › auth/user-login.spec.ts:27:7 › User Login Flow › should show error for invalid credentials 

    Error: browserType.launch: Executable doesn't exist at /home/ricardo-filipebondor/.cache/ms-playwright/chromium_headless_shell-1187/chrome-linux/headless_shell
    ╔═════════════════════════════════════════════════════════════════════════╗
    ║ Looks like Playwright Test or Playwright was just installed or updated. ║
    ║ Please run the following command to download new browsers:              ║
    ║                                                                         ║
    ║     npx playwright install                                              ║
    ║                                                                         ║
    ║ <3 Playwright Team                                                      ║
    ╚═════════════════════════════════════════════════════════════════════════╝
]]>
</failure>
</testcase>
<testcase name="User Login Flow › should show error for non-existent user" classname="auth/user-login.spec.ts" time="0.008">
<failure message="user-login.spec.ts:39:7 should show error for non-existent user" type="FAILURE">
<![CDATA[  [Mobile Chrome] › auth/user-login.spec.ts:39:7 › User Login Flow › should show error for non-existent user 

    Error: browserType.launch: Executable doesn't exist at /home/ricardo-filipebondor/.cache/ms-playwright/chromium_headless_shell-1187/chrome-linux/headless_shell
    ╔═════════════════════════════════════════════════════════════════════════╗
    ║ Looks like Playwright Test or Playwright was just installed or updated. ║
    ║ Please run the following command to download new browsers:              ║
    ║                                                                         ║
    ║     npx playwright install                                              ║
    ║                                                                         ║
    ║ <3 Playwright Team                                                      ║
    ╚═════════════════════════════════════════════════════════════════════════╝
]]>
</failure>
</testcase>
<testcase name="User Login Flow › should show validation errors for empty fields" classname="auth/user-login.spec.ts" time="0.012">
<failure message="user-login.spec.ts:51:7 should show validation errors for empty fields" type="FAILURE">
<![CDATA[  [Mobile Chrome] › auth/user-login.spec.ts:51:7 › User Login Flow › should show validation errors for empty fields 

    Error: browserType.launch: Executable doesn't exist at /home/ricardo-filipebondor/.cache/ms-playwright/chromium_headless_shell-1187/chrome-linux/headless_shell
    ╔═════════════════════════════════════════════════════════════════════════╗
    ║ Looks like Playwright Test or Playwright was just installed or updated. ║
    ║ Please run the following command to download new browsers:              ║
    ║                                                                         ║
    ║     npx playwright install                                              ║
    ║                                                                         ║
    ║ <3 Playwright Team                                                      ║
    ╚═════════════════════════════════════════════════════════════════════════╝
]]>
</failure>
</testcase>
<testcase name="User Login Flow › should show error for invalid email format" classname="auth/user-login.spec.ts" time="0.007">
<failure message="user-login.spec.ts:63:7 should show error for invalid email format" type="FAILURE">
<![CDATA[  [Mobile Chrome] › auth/user-login.spec.ts:63:7 › User Login Flow › should show error for invalid email format 

    Error: browserType.launch: Executable doesn't exist at /home/ricardo-filipebondor/.cache/ms-playwright/chromium_headless_shell-1187/chrome-linux/headless_shell
    ╔═════════════════════════════════════════════════════════════════════════╗
    ║ Looks like Playwright Test or Playwright was just installed or updated. ║
    ║ Please run the following command to download new browsers:              ║
    ║                                                                         ║
    ║     npx playwright install                                              ║
    ║                                                                         ║
    ║ <3 Playwright Team                                                      ║
    ╚═════════════════════════════════════════════════════════════════════════╝
]]>
</failure>
</testcase>
<testcase name="User Login Flow › should navigate to registration page from login" classname="auth/user-login.spec.ts" time="0.007">
<failure message="user-login.spec.ts:75:7 should navigate to registration page from login" type="FAILURE">
<![CDATA[  [Mobile Chrome] › auth/user-login.spec.ts:75:7 › User Login Flow › should navigate to registration page from login 

    Error: browserType.launch: Executable doesn't exist at /home/ricardo-filipebondor/.cache/ms-playwright/chromium_headless_shell-1187/chrome-linux/headless_shell
    ╔═════════════════════════════════════════════════════════════════════════╗
    ║ Looks like Playwright Test or Playwright was just installed or updated. ║
    ║ Please run the following command to download new browsers:              ║
    ║                                                                         ║
    ║     npx playwright install                                              ║
    ║                                                                         ║
    ║ <3 Playwright Team                                                      ║
    ╚═════════════════════════════════════════════════════════════════════════╝
]]>
</failure>
</testcase>
<testcase name="User Login Flow › should navigate to forgot password page" classname="auth/user-login.spec.ts" time="0.006">
<failure message="user-login.spec.ts:83:7 should navigate to forgot password page" type="FAILURE">
<![CDATA[  [Mobile Chrome] › auth/user-login.spec.ts:83:7 › User Login Flow › should navigate to forgot password page 

    Error: browserType.launch: Executable doesn't exist at /home/ricardo-filipebondor/.cache/ms-playwright/chromium_headless_shell-1187/chrome-linux/headless_shell
    ╔═════════════════════════════════════════════════════════════════════════╗
    ║ Looks like Playwright Test or Playwright was just installed or updated. ║
    ║ Please run the following command to download new browsers:              ║
    ║                                                                         ║
    ║     npx playwright install                                              ║
    ║                                                                         ║
    ║ <3 Playwright Team                                                      ║
    ╚═════════════════════════════════════════════════════════════════════════╝
]]>
</failure>
</testcase>
<testcase name="User Login Flow › should handle network errors gracefully" classname="auth/user-login.spec.ts" time="0.007">
<failure message="user-login.spec.ts:91:7 should handle network errors gracefully" type="FAILURE">
<![CDATA[  [Mobile Chrome] › auth/user-login.spec.ts:91:7 › User Login Flow › should handle network errors gracefully 

    Error: browserType.launch: Executable doesn't exist at /home/ricardo-filipebondor/.cache/ms-playwright/chromium_headless_shell-1187/chrome-linux/headless_shell
    ╔═════════════════════════════════════════════════════════════════════════╗
    ║ Looks like Playwright Test or Playwright was just installed or updated. ║
    ║ Please run the following command to download new browsers:              ║
    ║                                                                         ║
    ║     npx playwright install                                              ║
    ║                                                                         ║
    ║ <3 Playwright Team                                                      ║
    ╚═════════════════════════════════════════════════════════════════════════╝
]]>
</failure>
</testcase>
<testcase name="User Login Flow › should show loading state during login" classname="auth/user-login.spec.ts" time="0.007">
<failure message="user-login.spec.ts:106:7 should show loading state during login" type="FAILURE">
<![CDATA[  [Mobile Chrome] › auth/user-login.spec.ts:106:7 › User Login Flow › should show loading state during login 

    Error: browserType.launch: Executable doesn't exist at /home/ricardo-filipebondor/.cache/ms-playwright/chromium_headless_shell-1187/chrome-linux/headless_shell
    ╔═════════════════════════════════════════════════════════════════════════╗
    ║ Looks like Playwright Test or Playwright was just installed or updated. ║
    ║ Please run the following command to download new browsers:              ║
    ║                                                                         ║
    ║     npx playwright install                                              ║
    ║                                                                         ║
    ║ <3 Playwright Team                                                      ║
    ╚═════════════════════════════════════════════════════════════════════════╝
]]>
</failure>
</testcase>
<testcase name="User Login Flow › should remember login state after page refresh" classname="auth/user-login.spec.ts" time="0.007">
<failure message="user-login.spec.ts:126:7 should remember login state after page refresh" type="FAILURE">
<![CDATA[  [Mobile Chrome] › auth/user-login.spec.ts:126:7 › User Login Flow › should remember login state after page refresh 

    Error: browserType.launch: Executable doesn't exist at /home/ricardo-filipebondor/.cache/ms-playwright/chromium_headless_shell-1187/chrome-linux/headless_shell
    ╔═════════════════════════════════════════════════════════════════════════╗
    ║ Looks like Playwright Test or Playwright was just installed or updated. ║
    ║ Please run the following command to download new browsers:              ║
    ║                                                                         ║
    ║     npx playwright install                                              ║
    ║                                                                         ║
    ║ <3 Playwright Team                                                      ║
    ╚═════════════════════════════════════════════════════════════════════════╝
]]>
</failure>
</testcase>
<testcase name="User Login Flow › should support remember me functionality" classname="auth/user-login.spec.ts" time="0.01">
<failure message="user-login.spec.ts:146:7 should support remember me functionality" type="FAILURE">
<![CDATA[  [Mobile Chrome] › auth/user-login.spec.ts:146:7 › User Login Flow › should support remember me functionality 

    Error: browserType.launch: Executable doesn't exist at /home/ricardo-filipebondor/.cache/ms-playwright/chromium_headless_shell-1187/chrome-linux/headless_shell
    ╔═════════════════════════════════════════════════════════════════════════╗
    ║ Looks like Playwright Test or Playwright was just installed or updated. ║
    ║ Please run the following command to download new browsers:              ║
    ║                                                                         ║
    ║     npx playwright install                                              ║
    ║                                                                         ║
    ║ <3 Playwright Team                                                      ║
    ╚═════════════════════════════════════════════════════════════════════════╝
]]>
</failure>
</testcase>
<testcase name="User Login Flow › should handle OAuth login with Google" classname="auth/user-login.spec.ts" time="0.006">
<failure message="user-login.spec.ts:176:7 should handle OAuth login with Google" type="FAILURE">
<![CDATA[  [Mobile Chrome] › auth/user-login.spec.ts:176:7 › User Login Flow › should handle OAuth login with Google 

    Error: browserType.launch: Executable doesn't exist at /home/ricardo-filipebondor/.cache/ms-playwright/chromium_headless_shell-1187/chrome-linux/headless_shell
    ╔═════════════════════════════════════════════════════════════════════════╗
    ║ Looks like Playwright Test or Playwright was just installed or updated. ║
    ║ Please run the following command to download new browsers:              ║
    ║                                                                         ║
    ║     npx playwright install                                              ║
    ║                                                                         ║
    ║ <3 Playwright Team                                                      ║
    ╚═════════════════════════════════════════════════════════════════════════╝
]]>
</failure>
</testcase>
<testcase name="User Login Flow › should handle case sensitivity in email" classname="auth/user-login.spec.ts" time="0.007">
<failure message="user-login.spec.ts:205:7 should handle case sensitivity in email" type="FAILURE">
<![CDATA[  [Mobile Chrome] › auth/user-login.spec.ts:205:7 › User Login Flow › should handle case sensitivity in email 

    Error: browserType.launch: Executable doesn't exist at /home/ricardo-filipebondor/.cache/ms-playwright/chromium_headless_shell-1187/chrome-linux/headless_shell
    ╔═════════════════════════════════════════════════════════════════════════╗
    ║ Looks like Playwright Test or Playwright was just installed or updated. ║
    ║ Please run the following command to download new browsers:              ║
    ║                                                                         ║
    ║     npx playwright install                                              ║
    ║                                                                         ║
    ║ <3 Playwright Team                                                      ║
    ╚═════════════════════════════════════════════════════════════════════════╝
]]>
</failure>
</testcase>
<testcase name="User Login Flow › should handle special characters in password" classname="auth/user-login.spec.ts" time="0.008">
<failure message="user-login.spec.ts:222:7 should handle special characters in password" type="FAILURE">
<![CDATA[  [Mobile Chrome] › auth/user-login.spec.ts:222:7 › User Login Flow › should handle special characters in password 

    Error: browserType.launch: Executable doesn't exist at /home/ricardo-filipebondor/.cache/ms-playwright/chromium_headless_shell-1187/chrome-linux/headless_shell
    ╔═════════════════════════════════════════════════════════════════════════╗
    ║ Looks like Playwright Test or Playwright was just installed or updated. ║
    ║ Please run the following command to download new browsers:              ║
    ║                                                                         ║
    ║     npx playwright install                                              ║
    ║                                                                         ║
    ║ <3 Playwright Team                                                      ║
    ╚═════════════════════════════════════════════════════════════════════════╝
]]>
</failure>
</testcase>
<testcase name="User Login Flow › should prevent multiple simultaneous login attempts" classname="auth/user-login.spec.ts" time="0.006">
<failure message="user-login.spec.ts:238:7 should prevent multiple simultaneous login attempts" type="FAILURE">
<![CDATA[  [Mobile Chrome] › auth/user-login.spec.ts:238:7 › User Login Flow › should prevent multiple simultaneous login attempts 

    Error: browserType.launch: Executable doesn't exist at /home/ricardo-filipebondor/.cache/ms-playwright/chromium_headless_shell-1187/chrome-linux/headless_shell
    ╔═════════════════════════════════════════════════════════════════════════╗
    ║ Looks like Playwright Test or Playwright was just installed or updated. ║
    ║ Please run the following command to download new browsers:              ║
    ║                                                                         ║
    ║     npx playwright install                                              ║
    ║                                                                         ║
    ║ <3 Playwright Team                                                      ║
    ╚═════════════════════════════════════════════════════════════════════════╝
]]>
</failure>
</testcase>
<testcase name="User Login Flow › should clear form errors when user starts typing" classname="auth/user-login.spec.ts" time="0.009">
<failure message="user-login.spec.ts:254:7 should clear form errors when user starts typing" type="FAILURE">
<![CDATA[  [Mobile Chrome] › auth/user-login.spec.ts:254:7 › User Login Flow › should clear form errors when user starts typing 

    Error: browserType.launch: Executable doesn't exist at /home/ricardo-filipebondor/.cache/ms-playwright/chromium_headless_shell-1187/chrome-linux/headless_shell
    ╔═════════════════════════════════════════════════════════════════════════╗
    ║ Looks like Playwright Test or Playwright was just installed or updated. ║
    ║ Please run the following command to download new browsers:              ║
    ║                                                                         ║
    ║     npx playwright install                                              ║
    ║                                                                         ║
    ║ <3 Playwright Team                                                      ║
    ╚═════════════════════════════════════════════════════════════════════════╝
]]>
</failure>
</testcase>
</testsuite>
<testsuite name="auth/user-registration.spec.ts" timestamp="2025-09-07T12:53:54.762Z" hostname="Mobile Chrome" tests="11" failures="11" skipped="0" time="0.088" errors="0">
<testcase name="User Registration Flow › should complete user registration successfully" classname="auth/user-registration.spec.ts" time="0.007">
<failure message="user-registration.spec.ts:8:7 should complete user registration successfully" type="FAILURE">
<![CDATA[  [Mobile Chrome] › auth/user-registration.spec.ts:8:7 › User Registration Flow › should complete user registration successfully 

    Error: browserType.launch: Executable doesn't exist at /home/ricardo-filipebondor/.cache/ms-playwright/chromium_headless_shell-1187/chrome-linux/headless_shell
    ╔═════════════════════════════════════════════════════════════════════════╗
    ║ Looks like Playwright Test or Playwright was just installed or updated. ║
    ║ Please run the following command to download new browsers:              ║
    ║                                                                         ║
    ║     npx playwright install                                              ║
    ║                                                                         ║
    ║ <3 Playwright Team                                                      ║
    ╚═════════════════════════════════════════════════════════════════════════╝
]]>
</failure>
</testcase>
<testcase name="User Registration Flow › should show validation errors for invalid input" classname="auth/user-registration.spec.ts" time="0.006">
<failure message="user-registration.spec.ts:30:7 should show validation errors for invalid input" type="FAILURE">
<![CDATA[  [Mobile Chrome] › auth/user-registration.spec.ts:30:7 › User Registration Flow › should show validation errors for invalid input 

    Error: browserType.launch: Executable doesn't exist at /home/ricardo-filipebondor/.cache/ms-playwright/chromium_headless_shell-1187/chrome-linux/headless_shell
    ╔═════════════════════════════════════════════════════════════════════════╗
    ║ Looks like Playwright Test or Playwright was just installed or updated. ║
    ║ Please run the following command to download new browsers:              ║
    ║                                                                         ║
    ║     npx playwright install                                              ║
    ║                                                                         ║
    ║ <3 Playwright Team                                                      ║
    ╚═════════════════════════════════════════════════════════════════════════╝
]]>
</failure>
</testcase>
<testcase name="User Registration Flow › should show error for invalid email format" classname="auth/user-registration.spec.ts" time="0.008">
<failure message="user-registration.spec.ts:44:7 should show error for invalid email format" type="FAILURE">
<![CDATA[  [Mobile Chrome] › auth/user-registration.spec.ts:44:7 › User Registration Flow › should show error for invalid email format 

    Error: browserType.launch: Executable doesn't exist at /home/ricardo-filipebondor/.cache/ms-playwright/chromium_headless_shell-1187/chrome-linux/headless_shell
    ╔═════════════════════════════════════════════════════════════════════════╗
    ║ Looks like Playwright Test or Playwright was just installed or updated. ║
    ║ Please run the following command to download new browsers:              ║
    ║                                                                         ║
    ║     npx playwright install                                              ║
    ║                                                                         ║
    ║ <3 Playwright Team                                                      ║
    ╚═════════════════════════════════════════════════════════════════════════╝
]]>
</failure>
</testcase>
<testcase name="User Registration Flow › should show error for weak password" classname="auth/user-registration.spec.ts" time="0.01">
<failure message="user-registration.spec.ts:59:7 should show error for weak password" type="FAILURE">
<![CDATA[  [Mobile Chrome] › auth/user-registration.spec.ts:59:7 › User Registration Flow › should show error for weak password 

    Error: browserType.launch: Executable doesn't exist at /home/ricardo-filipebondor/.cache/ms-playwright/chromium_headless_shell-1187/chrome-linux/headless_shell
    ╔═════════════════════════════════════════════════════════════════════════╗
    ║ Looks like Playwright Test or Playwright was just installed or updated. ║
    ║ Please run the following command to download new browsers:              ║
    ║                                                                         ║
    ║     npx playwright install                                              ║
    ║                                                                         ║
    ║ <3 Playwright Team                                                      ║
    ╚═════════════════════════════════════════════════════════════════════════╝
]]>
</failure>
</testcase>
<testcase name="User Registration Flow › should show error for existing email" classname="auth/user-registration.spec.ts" time="0.007">
<failure message="user-registration.spec.ts:74:7 should show error for existing email" type="FAILURE">
<![CDATA[  [Mobile Chrome] › auth/user-registration.spec.ts:74:7 › User Registration Flow › should show error for existing email 

    Error: browserType.launch: Executable doesn't exist at /home/ricardo-filipebondor/.cache/ms-playwright/chromium_headless_shell-1187/chrome-linux/headless_shell
    ╔═════════════════════════════════════════════════════════════════════════╗
    ║ Looks like Playwright Test or Playwright was just installed or updated. ║
    ║ Please run the following command to download new browsers:              ║
    ║                                                                         ║
    ║     npx playwright install                                              ║
    ║                                                                         ║
    ║ <3 Playwright Team                                                      ║
    ╚═════════════════════════════════════════════════════════════════════════╝
]]>
</failure>
</testcase>
<testcase name="User Registration Flow › should navigate to login page from registration" classname="auth/user-registration.spec.ts" time="0.009">
<failure message="user-registration.spec.ts:90:7 should navigate to login page from registration" type="FAILURE">
<![CDATA[  [Mobile Chrome] › auth/user-registration.spec.ts:90:7 › User Registration Flow › should navigate to login page from registration 

    Error: browserType.launch: Executable doesn't exist at /home/ricardo-filipebondor/.cache/ms-playwright/chromium_headless_shell-1187/chrome-linux/headless_shell
    ╔═════════════════════════════════════════════════════════════════════════╗
    ║ Looks like Playwright Test or Playwright was just installed or updated. ║
    ║ Please run the following command to download new browsers:              ║
    ║                                                                         ║
    ║     npx playwright install                                              ║
    ║                                                                         ║
    ║ <3 Playwright Team                                                      ║
    ╚═════════════════════════════════════════════════════════════════════════╝
]]>
</failure>
</testcase>
<testcase name="User Registration Flow › should handle network errors gracefully" classname="auth/user-registration.spec.ts" time="0.007">
<failure message="user-registration.spec.ts:98:7 should handle network errors gracefully" type="FAILURE">
<![CDATA[  [Mobile Chrome] › auth/user-registration.spec.ts:98:7 › User Registration Flow › should handle network errors gracefully 

    Error: browserType.launch: Executable doesn't exist at /home/ricardo-filipebondor/.cache/ms-playwright/chromium_headless_shell-1187/chrome-linux/headless_shell
    ╔═════════════════════════════════════════════════════════════════════════╗
    ║ Looks like Playwright Test or Playwright was just installed or updated. ║
    ║ Please run the following command to download new browsers:              ║
    ║                                                                         ║
    ║     npx playwright install                                              ║
    ║                                                                         ║
    ║ <3 Playwright Team                                                      ║
    ╚═════════════════════════════════════════════════════════════════════════╝
]]>
</failure>
</testcase>
<testcase name="User Registration Flow › should show loading state during registration" classname="auth/user-registration.spec.ts" time="0.007">
<failure message="user-registration.spec.ts:116:7 should show loading state during registration" type="FAILURE">
<![CDATA[  [Mobile Chrome] › auth/user-registration.spec.ts:116:7 › User Registration Flow › should show loading state during registration 

    Error: browserType.launch: Executable doesn't exist at /home/ricardo-filipebondor/.cache/ms-playwright/chromium_headless_shell-1187/chrome-linux/headless_shell
    ╔═════════════════════════════════════════════════════════════════════════╗
    ║ Looks like Playwright Test or Playwright was just installed or updated. ║
    ║ Please run the following command to download new browsers:              ║
    ║                                                                         ║
    ║     npx playwright install                                              ║
    ║                                                                         ║
    ║ <3 Playwright Team                                                      ║
    ╚═════════════════════════════════════════════════════════════════════════╝
]]>
</failure>
</testcase>
<testcase name="User Registration Flow › should support different user roles" classname="auth/user-registration.spec.ts" time="0.008">
<failure message="user-registration.spec.ts:139:7 should support different user roles" type="FAILURE">
<![CDATA[  [Mobile Chrome] › auth/user-registration.spec.ts:139:7 › User Registration Flow › should support different user roles 

    Error: browserType.launch: Executable doesn't exist at /home/ricardo-filipebondor/.cache/ms-playwright/chromium_headless_shell-1187/chrome-linux/headless_shell
    ╔═════════════════════════════════════════════════════════════════════════╗
    ║ Looks like Playwright Test or Playwright was just installed or updated. ║
    ║ Please run the following command to download new browsers:              ║
    ║                                                                         ║
    ║     npx playwright install                                              ║
    ║                                                                         ║
    ║ <3 Playwright Team                                                      ║
    ╚═════════════════════════════════════════════════════════════════════════╝
]]>
</failure>
</testcase>
<testcase name="User Registration Flow › should validate password confirmation if field exists" classname="auth/user-registration.spec.ts" time="0.007">
<failure message="user-registration.spec.ts:162:7 should validate password confirmation if field exists" type="FAILURE">
<![CDATA[  [Mobile Chrome] › auth/user-registration.spec.ts:162:7 › User Registration Flow › should validate password confirmation if field exists 

    Error: browserType.launch: Executable doesn't exist at /home/ricardo-filipebondor/.cache/ms-playwright/chromium_headless_shell-1187/chrome-linux/headless_shell
    ╔═════════════════════════════════════════════════════════════════════════╗
    ║ Looks like Playwright Test or Playwright was just installed or updated. ║
    ║ Please run the following command to download new browsers:              ║
    ║                                                                         ║
    ║     npx playwright install                                              ║
    ║                                                                         ║
    ║ <3 Playwright Team                                                      ║
    ╚═════════════════════════════════════════════════════════════════════════╝
]]>
</failure>
</testcase>
<testcase name="User Registration Flow › should handle form reset" classname="auth/user-registration.spec.ts" time="0.012">
<failure message="user-registration.spec.ts:182:7 should handle form reset" type="FAILURE">
<![CDATA[  [Mobile Chrome] › auth/user-registration.spec.ts:182:7 › User Registration Flow › should handle form reset 

    Error: browserType.launch: Executable doesn't exist at /home/ricardo-filipebondor/.cache/ms-playwright/chromium_headless_shell-1187/chrome-linux/headless_shell
    ╔═════════════════════════════════════════════════════════════════════════╗
    ║ Looks like Playwright Test or Playwright was just installed or updated. ║
    ║ Please run the following command to download new browsers:              ║
    ║                                                                         ║
    ║     npx playwright install                                              ║
    ║                                                                         ║
    ║ <3 Playwright Team                                                      ║
    ╚═════════════════════════════════════════════════════════════════════════╝
]]>
</failure>
</testcase>
</testsuite>
<testsuite name="dashboard/dashboard-navigation.spec.ts" timestamp="2025-09-07T12:53:54.762Z" hostname="Mobile Chrome" tests="21" failures="21" skipped="0" time="0.149" errors="0">
<testcase name="Dashboard Navigation › should display main navigation menu" classname="dashboard/dashboard-navigation.spec.ts" time="0.007">
<failure message="dashboard-navigation.spec.ts:16:7 should display main navigation menu" type="FAILURE">
<![CDATA[  [Mobile Chrome] › dashboard/dashboard-navigation.spec.ts:16:7 › Dashboard Navigation › should display main navigation menu 

    Error: browserType.launch: Executable doesn't exist at /home/ricardo-filipebondor/.cache/ms-playwright/chromium_headless_shell-1187/chrome-linux/headless_shell
    ╔═════════════════════════════════════════════════════════════════════════╗
    ║ Looks like Playwright Test or Playwright was just installed or updated. ║
    ║ Please run the following command to download new browsers:              ║
    ║                                                                         ║
    ║     npx playwright install                                              ║
    ║                                                                         ║
    ║ <3 Playwright Team                                                      ║
    ╚═════════════════════════════════════════════════════════════════════════╝
]]>
</failure>
</testcase>
<testcase name="Dashboard Navigation › should navigate to dashboard page" classname="dashboard/dashboard-navigation.spec.ts" time="0.008">
<failure message="dashboard-navigation.spec.ts:25:7 should navigate to dashboard page" type="FAILURE">
<![CDATA[  [Mobile Chrome] › dashboard/dashboard-navigation.spec.ts:25:7 › Dashboard Navigation › should navigate to dashboard page 

    Error: browserType.launch: Executable doesn't exist at /home/ricardo-filipebondor/.cache/ms-playwright/chromium_headless_shell-1187/chrome-linux/headless_shell
    ╔═════════════════════════════════════════════════════════════════════════╗
    ║ Looks like Playwright Test or Playwright was just installed or updated. ║
    ║ Please run the following command to download new browsers:              ║
    ║                                                                         ║
    ║     npx playwright install                                              ║
    ║                                                                         ║
    ║ <3 Playwright Team                                                      ║
    ╚═════════════════════════════════════════════════════════════════════════╝
]]>
</failure>
</testcase>
<testcase name="Dashboard Navigation › should navigate to database management page" classname="dashboard/dashboard-navigation.spec.ts" time="0.007">
<failure message="dashboard-navigation.spec.ts:33:7 should navigate to database management page" type="FAILURE">
<![CDATA[  [Mobile Chrome] › dashboard/dashboard-navigation.spec.ts:33:7 › Dashboard Navigation › should navigate to database management page 

    Error: browserType.launch: Executable doesn't exist at /home/ricardo-filipebondor/.cache/ms-playwright/chromium_headless_shell-1187/chrome-linux/headless_shell
    ╔═════════════════════════════════════════════════════════════════════════╗
    ║ Looks like Playwright Test or Playwright was just installed or updated. ║
    ║ Please run the following command to download new browsers:              ║
    ║                                                                         ║
    ║     npx playwright install                                              ║
    ║                                                                         ║
    ║ <3 Playwright Team                                                      ║
    ╚═════════════════════════════════════════════════════════════════════════╝
]]>
</failure>
</testcase>
<testcase name="Dashboard Navigation › should navigate to analytics page" classname="dashboard/dashboard-navigation.spec.ts" time="0.006">
<failure message="dashboard-navigation.spec.ts:41:7 should navigate to analytics page" type="FAILURE">
<![CDATA[  [Mobile Chrome] › dashboard/dashboard-navigation.spec.ts:41:7 › Dashboard Navigation › should navigate to analytics page 

    Error: browserType.launch: Executable doesn't exist at /home/ricardo-filipebondor/.cache/ms-playwright/chromium_headless_shell-1187/chrome-linux/headless_shell
    ╔═════════════════════════════════════════════════════════════════════════╗
    ║ Looks like Playwright Test or Playwright was just installed or updated. ║
    ║ Please run the following command to download new browsers:              ║
    ║                                                                         ║
    ║     npx playwright install                                              ║
    ║                                                                         ║
    ║ <3 Playwright Team                                                      ║
    ╚═════════════════════════════════════════════════════════════════════════╝
]]>
</failure>
</testcase>
<testcase name="Dashboard Navigation › should navigate to settings page" classname="dashboard/dashboard-navigation.spec.ts" time="0.007">
<failure message="dashboard-navigation.spec.ts:49:7 should navigate to settings page" type="FAILURE">
<![CDATA[  [Mobile Chrome] › dashboard/dashboard-navigation.spec.ts:49:7 › Dashboard Navigation › should navigate to settings page 

    Error: browserType.launch: Executable doesn't exist at /home/ricardo-filipebondor/.cache/ms-playwright/chromium_headless_shell-1187/chrome-linux/headless_shell
    ╔═════════════════════════════════════════════════════════════════════════╗
    ║ Looks like Playwright Test or Playwright was just installed or updated. ║
    ║ Please run the following command to download new browsers:              ║
    ║                                                                         ║
    ║     npx playwright install                                              ║
    ║                                                                         ║
    ║ <3 Playwright Team                                                      ║
    ╚═════════════════════════════════════════════════════════════════════════╝
]]>
</failure>
</testcase>
<testcase name="Dashboard Navigation › should display user profile menu" classname="dashboard/dashboard-navigation.spec.ts" time="0.008">
<failure message="dashboard-navigation.spec.ts:57:7 should display user profile menu" type="FAILURE">
<![CDATA[  [Mobile Chrome] › dashboard/dashboard-navigation.spec.ts:57:7 › Dashboard Navigation › should display user profile menu 

    Error: browserType.launch: Executable doesn't exist at /home/ricardo-filipebondor/.cache/ms-playwright/chromium_headless_shell-1187/chrome-linux/headless_shell
    ╔═════════════════════════════════════════════════════════════════════════╗
    ║ Looks like Playwright Test or Playwright was just installed or updated. ║
    ║ Please run the following command to download new browsers:              ║
    ║                                                                         ║
    ║     npx playwright install                                              ║
    ║                                                                         ║
    ║ <3 Playwright Team                                                      ║
    ╚═════════════════════════════════════════════════════════════════════════╝
]]>
</failure>
</testcase>
<testcase name="Dashboard Navigation › should navigate to user profile" classname="dashboard/dashboard-navigation.spec.ts" time="0.008">
<failure message="dashboard-navigation.spec.ts:67:7 should navigate to user profile" type="FAILURE">
<![CDATA[  [Mobile Chrome] › dashboard/dashboard-navigation.spec.ts:67:7 › Dashboard Navigation › should navigate to user profile 

    Error: browserType.launch: Executable doesn't exist at /home/ricardo-filipebondor/.cache/ms-playwright/chromium_headless_shell-1187/chrome-linux/headless_shell
    ╔═════════════════════════════════════════════════════════════════════════╗
    ║ Looks like Playwright Test or Playwright was just installed or updated. ║
    ║ Please run the following command to download new browsers:              ║
    ║                                                                         ║
    ║     npx playwright install                                              ║
    ║                                                                         ║
    ║ <3 Playwright Team                                                      ║
    ╚═════════════════════════════════════════════════════════════════════════╝
]]>
</failure>
</testcase>
<testcase name="Dashboard Navigation › should logout successfully" classname="dashboard/dashboard-navigation.spec.ts" time="0.006">
<failure message="dashboard-navigation.spec.ts:75:7 should logout successfully" type="FAILURE">
<![CDATA[  [Mobile Chrome] › dashboard/dashboard-navigation.spec.ts:75:7 › Dashboard Navigation › should logout successfully 

    Error: browserType.launch: Executable doesn't exist at /home/ricardo-filipebondor/.cache/ms-playwright/chromium_headless_shell-1187/chrome-linux/headless_shell
    ╔═════════════════════════════════════════════════════════════════════════╗
    ║ Looks like Playwright Test or Playwright was just installed or updated. ║
    ║ Please run the following command to download new browsers:              ║
    ║                                                                         ║
    ║     npx playwright install                                              ║
    ║                                                                         ║
    ║ <3 Playwright Team                                                      ║
    ╚═════════════════════════════════════════════════════════════════════════╝
]]>
</failure>
</testcase>
<testcase name="Dashboard Navigation › should show active navigation state" classname="dashboard/dashboard-navigation.spec.ts" time="0.007">
<failure message="dashboard-navigation.spec.ts:84:7 should show active navigation state" type="FAILURE">
<![CDATA[  [Mobile Chrome] › dashboard/dashboard-navigation.spec.ts:84:7 › Dashboard Navigation › should show active navigation state 

    Error: browserType.launch: Executable doesn't exist at /home/ricardo-filipebondor/.cache/ms-playwright/chromium_headless_shell-1187/chrome-linux/headless_shell
    ╔═════════════════════════════════════════════════════════════════════════╗
    ║ Looks like Playwright Test or Playwright was just installed or updated. ║
    ║ Please run the following command to download new browsers:              ║
    ║                                                                         ║
    ║     npx playwright install                                              ║
    ║                                                                         ║
    ║ <3 Playwright Team                                                      ║
    ╚═════════════════════════════════════════════════════════════════════════╝
]]>
</failure>
</testcase>
<testcase name="Dashboard Navigation › should handle mobile navigation menu" classname="dashboard/dashboard-navigation.spec.ts" time="0.007">
<failure message="dashboard-navigation.spec.ts:95:7 should handle mobile navigation menu" type="FAILURE">
<![CDATA[  [Mobile Chrome] › dashboard/dashboard-navigation.spec.ts:95:7 › Dashboard Navigation › should handle mobile navigation menu 

    Error: browserType.launch: Executable doesn't exist at /home/ricardo-filipebondor/.cache/ms-playwright/chromium_headless_shell-1187/chrome-linux/headless_shell
    ╔═════════════════════════════════════════════════════════════════════════╗
    ║ Looks like Playwright Test or Playwright was just installed or updated. ║
    ║ Please run the following command to download new browsers:              ║
    ║                                                                         ║
    ║     npx playwright install                                              ║
    ║                                                                         ║
    ║ <3 Playwright Team                                                      ║
    ╚═════════════════════════════════════════════════════════════════════════╝
]]>
</failure>
</testcase>
<testcase name="Dashboard Navigation › should display breadcrumbs for nested pages" classname="dashboard/dashboard-navigation.spec.ts" time="0.007">
<failure message="dashboard-navigation.spec.ts:112:7 should display breadcrumbs for nested pages" type="FAILURE">
<![CDATA[  [Mobile Chrome] › dashboard/dashboard-navigation.spec.ts:112:7 › Dashboard Navigation › should display breadcrumbs for nested pages 

    Error: browserType.launch: Executable doesn't exist at /home/ricardo-filipebondor/.cache/ms-playwright/chromium_headless_shell-1187/chrome-linux/headless_shell
    ╔═════════════════════════════════════════════════════════════════════════╗
    ║ Looks like Playwright Test or Playwright was just installed or updated. ║
    ║ Please run the following command to download new browsers:              ║
    ║                                                                         ║
    ║     npx playwright install                                              ║
    ║                                                                         ║
    ║ <3 Playwright Team                                                      ║
    ╚═════════════════════════════════════════════════════════════════════════╝
]]>
</failure>
</testcase>
<testcase name="Dashboard Navigation › should handle keyboard navigation" classname="dashboard/dashboard-navigation.spec.ts" time="0.007">
<failure message="dashboard-navigation.spec.ts:125:7 should handle keyboard navigation" type="FAILURE">
<![CDATA[  [Mobile Chrome] › dashboard/dashboard-navigation.spec.ts:125:7 › Dashboard Navigation › should handle keyboard navigation 

    Error: browserType.launch: Executable doesn't exist at /home/ricardo-filipebondor/.cache/ms-playwright/chromium_headless_shell-1187/chrome-linux/headless_shell
    ╔═════════════════════════════════════════════════════════════════════════╗
    ║ Looks like Playwright Test or Playwright was just installed or updated. ║
    ║ Please run the following command to download new browsers:              ║
    ║                                                                         ║
    ║     npx playwright install                                              ║
    ║                                                                         ║
    ║ <3 Playwright Team                                                      ║
    ╚═════════════════════════════════════════════════════════════════════════╝
]]>
</failure>
</testcase>
<testcase name="Dashboard Navigation › should display notifications" classname="dashboard/dashboard-navigation.spec.ts" time="0.007">
<failure message="dashboard-navigation.spec.ts:136:7 should display notifications" type="FAILURE">
<![CDATA[  [Mobile Chrome] › dashboard/dashboard-navigation.spec.ts:136:7 › Dashboard Navigation › should display notifications 

    Error: browserType.launch: Executable doesn't exist at /home/ricardo-filipebondor/.cache/ms-playwright/chromium_headless_shell-1187/chrome-linux/headless_shell
    ╔═════════════════════════════════════════════════════════════════════════╗
    ║ Looks like Playwright Test or Playwright was just installed or updated. ║
    ║ Please run the following command to download new browsers:              ║
    ║                                                                         ║
    ║     npx playwright install                                              ║
    ║                                                                         ║
    ║ <3 Playwright Team                                                      ║
    ╚═════════════════════════════════════════════════════════════════════════╝
]]>
</failure>
</testcase>
<testcase name="Dashboard Navigation › should handle search functionality" classname="dashboard/dashboard-navigation.spec.ts" time="0.006">
<failure message="dashboard-navigation.spec.ts:147:7 should handle search functionality" type="FAILURE">
<![CDATA[  [Mobile Chrome] › dashboard/dashboard-navigation.spec.ts:147:7 › Dashboard Navigation › should handle search functionality 

    Error: browserType.launch: Executable doesn't exist at /home/ricardo-filipebondor/.cache/ms-playwright/chromium_headless_shell-1187/chrome-linux/headless_shell
    ╔═════════════════════════════════════════════════════════════════════════╗
    ║ Looks like Playwright Test or Playwright was just installed or updated. ║
    ║ Please run the following command to download new browsers:              ║
    ║                                                                         ║
    ║     npx playwright install                                              ║
    ║                                                                         ║
    ║ <3 Playwright Team                                                      ║
    ╚═════════════════════════════════════════════════════════════════════════╝
]]>
</failure>
</testcase>
<testcase name="Dashboard Navigation › should display tenant information" classname="dashboard/dashboard-navigation.spec.ts" time="0.006">
<failure message="dashboard-navigation.spec.ts:159:7 should display tenant information" type="FAILURE">
<![CDATA[  [Mobile Chrome] › dashboard/dashboard-navigation.spec.ts:159:7 › Dashboard Navigation › should display tenant information 

    Error: browserType.launch: Executable doesn't exist at /home/ricardo-filipebondor/.cache/ms-playwright/chromium_headless_shell-1187/chrome-linux/headless_shell
    ╔═════════════════════════════════════════════════════════════════════════╗
    ║ Looks like Playwright Test or Playwright was just installed or updated. ║
    ║ Please run the following command to download new browsers:              ║
    ║                                                                         ║
    ║     npx playwright install                                              ║
    ║                                                                         ║
    ║ <3 Playwright Team                                                      ║
    ╚═════════════════════════════════════════════════════════════════════════╝
]]>
</failure>
</testcase>
<testcase name="Dashboard Navigation › should handle theme switching" classname="dashboard/dashboard-navigation.spec.ts" time="0.007">
<failure message="dashboard-navigation.spec.ts:167:7 should handle theme switching" type="FAILURE">
<![CDATA[  [Mobile Chrome] › dashboard/dashboard-navigation.spec.ts:167:7 › Dashboard Navigation › should handle theme switching 

    Error: browserType.launch: Executable doesn't exist at /home/ricardo-filipebondor/.cache/ms-playwright/chromium_headless_shell-1187/chrome-linux/headless_shell
    ╔═════════════════════════════════════════════════════════════════════════╗
    ║ Looks like Playwright Test or Playwright was just installed or updated. ║
    ║ Please run the following command to download new browsers:              ║
    ║                                                                         ║
    ║     npx playwright install                                              ║
    ║                                                                         ║
    ║ <3 Playwright Team                                                      ║
    ╚═════════════════════════════════════════════════════════════════════════╝
]]>
</failure>
</testcase>
<testcase name="Dashboard Navigation › should display language selector" classname="dashboard/dashboard-navigation.spec.ts" time="0.007">
<failure message="dashboard-navigation.spec.ts:180:7 should display language selector" type="FAILURE">
<![CDATA[  [Mobile Chrome] › dashboard/dashboard-navigation.spec.ts:180:7 › Dashboard Navigation › should display language selector 

    Error: browserType.launch: Executable doesn't exist at /home/ricardo-filipebondor/.cache/ms-playwright/chromium_headless_shell-1187/chrome-linux/headless_shell
    ╔═════════════════════════════════════════════════════════════════════════╗
    ║ Looks like Playwright Test or Playwright was just installed or updated. ║
    ║ Please run the following command to download new browsers:              ║
    ║                                                                         ║
    ║     npx playwright install                                              ║
    ║                                                                         ║
    ║ <3 Playwright Team                                                      ║
    ╚═════════════════════════════════════════════════════════════════════════╝
]]>
</failure>
</testcase>
<testcase name="Dashboard Navigation › should handle responsive navigation" classname="dashboard/dashboard-navigation.spec.ts" time="0.01">
<failure message="dashboard-navigation.spec.ts:193:7 should handle responsive navigation" type="FAILURE">
<![CDATA[  [Mobile Chrome] › dashboard/dashboard-navigation.spec.ts:193:7 › Dashboard Navigation › should handle responsive navigation 

    Error: browserType.launch: Executable doesn't exist at /home/ricardo-filipebondor/.cache/ms-playwright/chromium_headless_shell-1187/chrome-linux/headless_shell
    ╔═════════════════════════════════════════════════════════════════════════╗
    ║ Looks like Playwright Test or Playwright was just installed or updated. ║
    ║ Please run the following command to download new browsers:              ║
    ║                                                                         ║
    ║     npx playwright install                                              ║
    ║                                                                         ║
    ║ <3 Playwright Team                                                      ║
    ╚═════════════════════════════════════════════════════════════════════════╝
]]>
</failure>
</testcase>
<testcase name="Dashboard Navigation › should handle navigation with browser back/forward" classname="dashboard/dashboard-navigation.spec.ts" time="0.007">
<failure message="dashboard-navigation.spec.ts:214:7 should handle navigation with browser back/forward" type="FAILURE">
<![CDATA[  [Mobile Chrome] › dashboard/dashboard-navigation.spec.ts:214:7 › Dashboard Navigation › should handle navigation with browser back/forward 

    Error: browserType.launch: Executable doesn't exist at /home/ricardo-filipebondor/.cache/ms-playwright/chromium_headless_shell-1187/chrome-linux/headless_shell
    ╔═════════════════════════════════════════════════════════════════════════╗
    ║ Looks like Playwright Test or Playwright was just installed or updated. ║
    ║ Please run the following command to download new browsers:              ║
    ║                                                                         ║
    ║     npx playwright install                                              ║
    ║                                                                         ║
    ║ <3 Playwright Team                                                      ║
    ╚═════════════════════════════════════════════════════════════════════════╝
]]>
</failure>
</testcase>
<testcase name="Dashboard Navigation › should handle navigation errors gracefully" classname="dashboard/dashboard-navigation.spec.ts" time="0.007">
<failure message="dashboard-navigation.spec.ts:237:7 should handle navigation errors gracefully" type="FAILURE">
<![CDATA[  [Mobile Chrome] › dashboard/dashboard-navigation.spec.ts:237:7 › Dashboard Navigation › should handle navigation errors gracefully 

    Error: browserType.launch: Executable doesn't exist at /home/ricardo-filipebondor/.cache/ms-playwright/chromium_headless_shell-1187/chrome-linux/headless_shell
    ╔═════════════════════════════════════════════════════════════════════════╗
    ║ Looks like Playwright Test or Playwright was just installed or updated. ║
    ║ Please run the following command to download new browsers:              ║
    ║                                                                         ║
    ║     npx playwright install                                              ║
    ║                                                                         ║
    ║ <3 Playwright Team                                                      ║
    ╚═════════════════════════════════════════════════════════════════════════╝
]]>
</failure>
</testcase>
<testcase name="Dashboard Navigation › should maintain navigation state during page refresh" classname="dashboard/dashboard-navigation.spec.ts" time="0.007">
<failure message="dashboard-navigation.spec.ts:247:7 should maintain navigation state during page refresh" type="FAILURE">
<![CDATA[  [Mobile Chrome] › dashboard/dashboard-navigation.spec.ts:247:7 › Dashboard Navigation › should maintain navigation state during page refresh 

    Error: browserType.launch: Executable doesn't exist at /home/ricardo-filipebondor/.cache/ms-playwright/chromium_headless_shell-1187/chrome-linux/headless_shell
    ╔═════════════════════════════════════════════════════════════════════════╗
    ║ Looks like Playwright Test or Playwright was just installed or updated. ║
    ║ Please run the following command to download new browsers:              ║
    ║                                                                         ║
    ║     npx playwright install                                              ║
    ║                                                                         ║
    ║ <3 Playwright Team                                                      ║
    ╚═════════════════════════════════════════════════════════════════════════╝
]]>
</failure>
</testcase>
</testsuite>
<testsuite name="database/table-management.spec.ts" timestamp="2025-09-07T12:53:54.762Z" hostname="Mobile Chrome" tests="22" failures="22" skipped="0" time="0.16" errors="0">
<testcase name="Database Table Management › should display existing tables" classname="database/table-management.spec.ts" time="0.008">
<failure message="table-management.spec.ts:18:7 should display existing tables" type="FAILURE">
<![CDATA[  [Mobile Chrome] › database/table-management.spec.ts:18:7 › Database Table Management › should display existing tables 

    Error: browserType.launch: Executable doesn't exist at /home/ricardo-filipebondor/.cache/ms-playwright/chromium_headless_shell-1187/chrome-linux/headless_shell
    ╔═════════════════════════════════════════════════════════════════════════╗
    ║ Looks like Playwright Test or Playwright was just installed or updated. ║
    ║ Please run the following command to download new browsers:              ║
    ║                                                                         ║
    ║     npx playwright install                                              ║
    ║                                                                         ║
    ║ <3 Playwright Team                                                      ║
    ╚═════════════════════════════════════════════════════════════════════════╝
]]>
</failure>
</testcase>
<testcase name="Database Table Management › should create a new table" classname="database/table-management.spec.ts" time="0.007">
<failure message="table-management.spec.ts:27:7 should create a new table" type="FAILURE">
<![CDATA[  [Mobile Chrome] › database/table-management.spec.ts:27:7 › Database Table Management › should create a new table 

    Error: browserType.launch: Executable doesn't exist at /home/ricardo-filipebondor/.cache/ms-playwright/chromium_headless_shell-1187/chrome-linux/headless_shell
    ╔═════════════════════════════════════════════════════════════════════════╗
    ║ Looks like Playwright Test or Playwright was just installed or updated. ║
    ║ Please run the following command to download new browsers:              ║
    ║                                                                         ║
    ║     npx playwright install                                              ║
    ║                                                                         ║
    ║ <3 Playwright Team                                                      ║
    ╚═════════════════════════════════════════════════════════════════════════╝
]]>
</failure>
</testcase>
<testcase name="Database Table Management › should edit an existing table" classname="database/table-management.spec.ts" time="0.007">
<failure message="table-management.spec.ts:58:7 should edit an existing table" type="FAILURE">
<![CDATA[  [Mobile Chrome] › database/table-management.spec.ts:58:7 › Database Table Management › should edit an existing table 

    Error: browserType.launch: Executable doesn't exist at /home/ricardo-filipebondor/.cache/ms-playwright/chromium_headless_shell-1187/chrome-linux/headless_shell
    ╔═════════════════════════════════════════════════════════════════════════╗
    ║ Looks like Playwright Test or Playwright was just installed or updated. ║
    ║ Please run the following command to download new browsers:              ║
    ║                                                                         ║
    ║     npx playwright install                                              ║
    ║                                                                         ║
    ║ <3 Playwright Team                                                      ║
    ╚═════════════════════════════════════════════════════════════════════════╝
]]>
</failure>
</testcase>
<testcase name="Database Table Management › should delete a table" classname="database/table-management.spec.ts" time="0.006">
<failure message="table-management.spec.ts:76:7 should delete a table" type="FAILURE">
<![CDATA[  [Mobile Chrome] › database/table-management.spec.ts:76:7 › Database Table Management › should delete a table 

    Error: browserType.launch: Executable doesn't exist at /home/ricardo-filipebondor/.cache/ms-playwright/chromium_headless_shell-1187/chrome-linux/headless_shell
    ╔═════════════════════════════════════════════════════════════════════════╗
    ║ Looks like Playwright Test or Playwright was just installed or updated. ║
    ║ Please run the following command to download new browsers:              ║
    ║                                                                         ║
    ║     npx playwright install                                              ║
    ║                                                                         ║
    ║ <3 Playwright Team                                                      ║
    ╚═════════════════════════════════════════════════════════════════════════╝
]]>
</failure>
</testcase>
<testcase name="Database Table Management › should add columns to existing table" classname="database/table-management.spec.ts" time="0.007">
<failure message="table-management.spec.ts:91:7 should add columns to existing table" type="FAILURE">
<![CDATA[  [Mobile Chrome] › database/table-management.spec.ts:91:7 › Database Table Management › should add columns to existing table 

    Error: browserType.launch: Executable doesn't exist at /home/ricardo-filipebondor/.cache/ms-playwright/chromium_headless_shell-1187/chrome-linux/headless_shell
    ╔═════════════════════════════════════════════════════════════════════════╗
    ║ Looks like Playwright Test or Playwright was just installed or updated. ║
    ║ Please run the following command to download new browsers:              ║
    ║                                                                         ║
    ║     npx playwright install                                              ║
    ║                                                                         ║
    ║ <3 Playwright Team                                                      ║
    ╚═════════════════════════════════════════════════════════════════════════╝
]]>
</failure>
</testcase>
<testcase name="Database Table Management › should edit table columns" classname="database/table-management.spec.ts" time="0.007">
<failure message="table-management.spec.ts:114:7 should edit table columns" type="FAILURE">
<![CDATA[  [Mobile Chrome] › database/table-management.spec.ts:114:7 › Database Table Management › should edit table columns 

    Error: browserType.launch: Executable doesn't exist at /home/ricardo-filipebondor/.cache/ms-playwright/chromium_headless_shell-1187/chrome-linux/headless_shell
    ╔═════════════════════════════════════════════════════════════════════════╗
    ║ Looks like Playwright Test or Playwright was just installed or updated. ║
    ║ Please run the following command to download new browsers:              ║
    ║                                                                         ║
    ║     npx playwright install                                              ║
    ║                                                                         ║
    ║ <3 Playwright Team                                                      ║
    ╚═════════════════════════════════════════════════════════════════════════╝
]]>
</failure>
</testcase>
<testcase name="Database Table Management › should delete table columns" classname="database/table-management.spec.ts" time="0.008">
<failure message="table-management.spec.ts:136:7 should delete table columns" type="FAILURE">
<![CDATA[  [Mobile Chrome] › database/table-management.spec.ts:136:7 › Database Table Management › should delete table columns 

    Error: browserType.launch: Executable doesn't exist at /home/ricardo-filipebondor/.cache/ms-playwright/chromium_headless_shell-1187/chrome-linux/headless_shell
    ╔═════════════════════════════════════════════════════════════════════════╗
    ║ Looks like Playwright Test or Playwright was just installed or updated. ║
    ║ Please run the following command to download new browsers:              ║
    ║                                                                         ║
    ║     npx playwright install                                              ║
    ║                                                                         ║
    ║ <3 Playwright Team                                                      ║
    ╚═════════════════════════════════════════════════════════════════════════╝
]]>
</failure>
</testcase>
<testcase name="Database Table Management › should handle table validation errors" classname="database/table-management.spec.ts" time="0.007">
<failure message="table-management.spec.ts:151:7 should handle table validation errors" type="FAILURE">
<![CDATA[  [Mobile Chrome] › database/table-management.spec.ts:151:7 › Database Table Management › should handle table validation errors 

    Error: browserType.launch: Executable doesn't exist at /home/ricardo-filipebondor/.cache/ms-playwright/chromium_headless_shell-1187/chrome-linux/headless_shell
    ╔═════════════════════════════════════════════════════════════════════════╗
    ║ Looks like Playwright Test or Playwright was just installed or updated. ║
    ║ Please run the following command to download new browsers:              ║
    ║                                                                         ║
    ║     npx playwright install                                              ║
    ║                                                                         ║
    ║ <3 Playwright Team                                                      ║
    ╚═════════════════════════════════════════════════════════════════════════╝
]]>
</failure>
</testcase>
<testcase name="Database Table Management › should handle duplicate table names" classname="database/table-management.spec.ts" time="0.005">
<failure message="table-management.spec.ts:163:7 should handle duplicate table names" type="FAILURE">
<![CDATA[  [Mobile Chrome] › database/table-management.spec.ts:163:7 › Database Table Management › should handle duplicate table names 

    Error: browserType.launch: Executable doesn't exist at /home/ricardo-filipebondor/.cache/ms-playwright/chromium_headless_shell-1187/chrome-linux/headless_shell
    ╔═════════════════════════════════════════════════════════════════════════╗
    ║ Looks like Playwright Test or Playwright was just installed or updated. ║
    ║ Please run the following command to download new browsers:              ║
    ║                                                                         ║
    ║     npx playwright install                                              ║
    ║                                                                         ║
    ║ <3 Playwright Team                                                      ║
    ╚═════════════════════════════════════════════════════════════════════════╝
]]>
</failure>
</testcase>
<testcase name="Database Table Management › should handle column validation errors" classname="database/table-management.spec.ts" time="0.007">
<failure message="table-management.spec.ts:183:7 should handle column validation errors" type="FAILURE">
<![CDATA[  [Mobile Chrome] › database/table-management.spec.ts:183:7 › Database Table Management › should handle column validation errors 

    Error: browserType.launch: Executable doesn't exist at /home/ricardo-filipebondor/.cache/ms-playwright/chromium_headless_shell-1187/chrome-linux/headless_shell
    ╔═════════════════════════════════════════════════════════════════════════╗
    ║ Looks like Playwright Test or Playwright was just installed or updated. ║
    ║ Please run the following command to download new browsers:              ║
    ║                                                                         ║
    ║     npx playwright install                                              ║
    ║                                                                         ║
    ║ <3 Playwright Team                                                      ║
    ╚═════════════════════════════════════════════════════════════════════════╝
]]>
</failure>
</testcase>
<testcase name="Database Table Management › should handle duplicate column names" classname="database/table-management.spec.ts" time="0.007">
<failure message="table-management.spec.ts:202:7 should handle duplicate column names" type="FAILURE">
<![CDATA[  [Mobile Chrome] › database/table-management.spec.ts:202:7 › Database Table Management › should handle duplicate column names 

    Error: browserType.launch: Executable doesn't exist at /home/ricardo-filipebondor/.cache/ms-playwright/chromium_headless_shell-1187/chrome-linux/headless_shell
    ╔═════════════════════════════════════════════════════════════════════════╗
    ║ Looks like Playwright Test or Playwright was just installed or updated. ║
    ║ Please run the following command to download new browsers:              ║
    ║                                                                         ║
    ║     npx playwright install                                              ║
    ║                                                                         ║
    ║ <3 Playwright Team                                                      ║
    ╚═════════════════════════════════════════════════════════════════════════╝
]]>
</failure>
</testcase>
<testcase name="Database Table Management › should handle table permissions" classname="database/table-management.spec.ts" time="0.009">
<failure message="table-management.spec.ts:225:7 should handle table permissions" type="FAILURE">
<![CDATA[  [Mobile Chrome] › database/table-management.spec.ts:225:7 › Database Table Management › should handle table permissions 

    Error: browserType.launch: Executable doesn't exist at /home/ricardo-filipebondor/.cache/ms-playwright/chromium_headless_shell-1187/chrome-linux/headless_shell
    ╔═════════════════════════════════════════════════════════════════════════╗
    ║ Looks like Playwright Test or Playwright was just installed or updated. ║
    ║ Please run the following command to download new browsers:              ║
    ║                                                                         ║
    ║     npx playwright install                                              ║
    ║                                                                         ║
    ║ <3 Playwright Team                                                      ║
    ╚═════════════════════════════════════════════════════════════════════════╝
]]>
</failure>
</testcase>
<testcase name="Database Table Management › should handle table search and filtering" classname="database/table-management.spec.ts" time="0.008">
<failure message="table-management.spec.ts:234:7 should handle table search and filtering" type="FAILURE">
<![CDATA[  [Mobile Chrome] › database/table-management.spec.ts:234:7 › Database Table Management › should handle table search and filtering 

    Error: browserType.launch: Executable doesn't exist at /home/ricardo-filipebondor/.cache/ms-playwright/chromium_headless_shell-1187/chrome-linux/headless_shell
    ╔═════════════════════════════════════════════════════════════════════════╗
    ║ Looks like Playwright Test or Playwright was just installed or updated. ║
    ║ Please run the following command to download new browsers:              ║
    ║                                                                         ║
    ║     npx playwright install                                              ║
    ║                                                                         ║
    ║ <3 Playwright Team                                                      ║
    ╚═════════════════════════════════════════════════════════════════════════╝
]]>
</failure>
</testcase>
<testcase name="Database Table Management › should handle table sorting" classname="database/table-management.spec.ts" time="0.007">
<failure message="table-management.spec.ts:255:7 should handle table sorting" type="FAILURE">
<![CDATA[  [Mobile Chrome] › database/table-management.spec.ts:255:7 › Database Table Management › should handle table sorting 

    Error: browserType.launch: Executable doesn't exist at /home/ricardo-filipebondor/.cache/ms-playwright/chromium_headless_shell-1187/chrome-linux/headless_shell
    ╔═════════════════════════════════════════════════════════════════════════╗
    ║ Looks like Playwright Test or Playwright was just installed or updated. ║
    ║ Please run the following command to download new browsers:              ║
    ║                                                                         ║
    ║     npx playwright install                                              ║
    ║                                                                         ║
    ║ <3 Playwright Team                                                      ║
    ╚═════════════════════════════════════════════════════════════════════════╝
]]>
</failure>
</testcase>
<testcase name="Database Table Management › should handle table pagination" classname="database/table-management.spec.ts" time="0.008">
<failure message="table-management.spec.ts:268:7 should handle table pagination" type="FAILURE">
<![CDATA[  [Mobile Chrome] › database/table-management.spec.ts:268:7 › Database Table Management › should handle table pagination 

    Error: browserType.launch: Executable doesn't exist at /home/ricardo-filipebondor/.cache/ms-playwright/chromium_headless_shell-1187/chrome-linux/headless_shell
    ╔═════════════════════════════════════════════════════════════════════════╗
    ║ Looks like Playwright Test or Playwright was just installed or updated. ║
    ║ Please run the following command to download new browsers:              ║
    ║                                                                         ║
    ║     npx playwright install                                              ║
    ║                                                                         ║
    ║ <3 Playwright Team                                                      ║
    ╚═════════════════════════════════════════════════════════════════════════╝
]]>
</failure>
</testcase>
<testcase name="Database Table Management › should handle table export functionality" classname="database/table-management.spec.ts" time="0.007">
<failure message="table-management.spec.ts:280:7 should handle table export functionality" type="FAILURE">
<![CDATA[  [Mobile Chrome] › database/table-management.spec.ts:280:7 › Database Table Management › should handle table export functionality 

    Error: browserType.launch: Executable doesn't exist at /home/ricardo-filipebondor/.cache/ms-playwright/chromium_headless_shell-1187/chrome-linux/headless_shell
    ╔═════════════════════════════════════════════════════════════════════════╗
    ║ Looks like Playwright Test or Playwright was just installed or updated. ║
    ║ Please run the following command to download new browsers:              ║
    ║                                                                         ║
    ║     npx playwright install                                              ║
    ║                                                                         ║
    ║ <3 Playwright Team                                                      ║
    ╚═════════════════════════════════════════════════════════════════════════╝
]]>
</failure>
</testcase>
<testcase name="Database Table Management › should handle table import functionality" classname="database/table-management.spec.ts" time="0.006">
<failure message="table-management.spec.ts:293:7 should handle table import functionality" type="FAILURE">
<![CDATA[  [Mobile Chrome] › database/table-management.spec.ts:293:7 › Database Table Management › should handle table import functionality 

    Error: browserType.launch: Executable doesn't exist at /home/ricardo-filipebondor/.cache/ms-playwright/chromium_headless_shell-1187/chrome-linux/headless_shell
    ╔═════════════════════════════════════════════════════════════════════════╗
    ║ Looks like Playwright Test or Playwright was just installed or updated. ║
    ║ Please run the following command to download new browsers:              ║
    ║                                                                         ║
    ║     npx playwright install                                              ║
    ║                                                                         ║
    ║ <3 Playwright Team                                                      ║
    ╚═════════════════════════════════════════════════════════════════════════╝
]]>
</failure>
</testcase>
<testcase name="Database Table Management › should handle table relationships" classname="database/table-management.spec.ts" time="0.007">
<failure message="table-management.spec.ts:305:7 should handle table relationships" type="FAILURE">
<![CDATA[  [Mobile Chrome] › database/table-management.spec.ts:305:7 › Database Table Management › should handle table relationships 

    Error: browserType.launch: Executable doesn't exist at /home/ricardo-filipebondor/.cache/ms-playwright/chromium_headless_shell-1187/chrome-linux/headless_shell
    ╔═════════════════════════════════════════════════════════════════════════╗
    ║ Looks like Playwright Test or Playwright was just installed or updated. ║
    ║ Please run the following command to download new browsers:              ║
    ║                                                                         ║
    ║     npx playwright install                                              ║
    ║                                                                         ║
    ║ <3 Playwright Team                                                      ║
    ╚═════════════════════════════════════════════════════════════════════════╝
]]>
</failure>
</testcase>
<testcase name="Database Table Management › should handle table indexes" classname="database/table-management.spec.ts" time="0.006">
<failure message="table-management.spec.ts:317:7 should handle table indexes" type="FAILURE">
<![CDATA[  [Mobile Chrome] › database/table-management.spec.ts:317:7 › Database Table Management › should handle table indexes 

    Error: browserType.launch: Executable doesn't exist at /home/ricardo-filipebondor/.cache/ms-playwright/chromium_headless_shell-1187/chrome-linux/headless_shell
    ╔═════════════════════════════════════════════════════════════════════════╗
    ║ Looks like Playwright Test or Playwright was just installed or updated. ║
    ║ Please run the following command to download new browsers:              ║
    ║                                                                         ║
    ║     npx playwright install                                              ║
    ║                                                                         ║
    ║ <3 Playwright Team                                                      ║
    ╚═════════════════════════════════════════════════════════════════════════╝
]]>
</failure>
</testcase>
<testcase name="Database Table Management › should handle table constraints" classname="database/table-management.spec.ts" time="0.012">
<failure message="table-management.spec.ts:329:7 should handle table constraints" type="FAILURE">
<![CDATA[  [Mobile Chrome] › database/table-management.spec.ts:329:7 › Database Table Management › should handle table constraints 

    Error: browserType.launch: Executable doesn't exist at /home/ricardo-filipebondor/.cache/ms-playwright/chromium_headless_shell-1187/chrome-linux/headless_shell
    ╔═════════════════════════════════════════════════════════════════════════╗
    ║ Looks like Playwright Test or Playwright was just installed or updated. ║
    ║ Please run the following command to download new browsers:              ║
    ║                                                                         ║
    ║     npx playwright install                                              ║
    ║                                                                         ║
    ║ <3 Playwright Team                                                      ║
    ╚═════════════════════════════════════════════════════════════════════════╝
]]>
</failure>
</testcase>
<testcase name="Database Table Management › should handle table statistics" classname="database/table-management.spec.ts" time="0.007">
<failure message="table-management.spec.ts:342:7 should handle table statistics" type="FAILURE">
<![CDATA[  [Mobile Chrome] › database/table-management.spec.ts:342:7 › Database Table Management › should handle table statistics 

    Error: browserType.launch: Executable doesn't exist at /home/ricardo-filipebondor/.cache/ms-playwright/chromium_headless_shell-1187/chrome-linux/headless_shell
    ╔═════════════════════════════════════════════════════════════════════════╗
    ║ Looks like Playwright Test or Playwright was just installed or updated. ║
    ║ Please run the following command to download new browsers:              ║
    ║                                                                         ║
    ║     npx playwright install                                              ║
    ║                                                                         ║
    ║ <3 Playwright Team                                                      ║
    ╚═════════════════════════════════════════════════════════════════════════╝
]]>
</failure>
</testcase>
<testcase name="Database Table Management › should handle table backup and restore" classname="database/table-management.spec.ts" time="0.007">
<failure message="table-management.spec.ts:355:7 should handle table backup and restore" type="FAILURE">
<![CDATA[  [Mobile Chrome] › database/table-management.spec.ts:355:7 › Database Table Management › should handle table backup and restore 

    Error: browserType.launch: Executable doesn't exist at /home/ricardo-filipebondor/.cache/ms-playwright/chromium_headless_shell-1187/chrome-linux/headless_shell
    ╔═════════════════════════════════════════════════════════════════════════╗
    ║ Looks like Playwright Test or Playwright was just installed or updated. ║
    ║ Please run the following command to download new browsers:              ║
    ║                                                                         ║
    ║     npx playwright install                                              ║
    ║                                                                         ║
    ║ <3 Playwright Team                                                      ║
    ╚═════════════════════════════════════════════════════════════════════════╝
]]>
</failure>
</testcase>
</testsuite>
<testsuite name="invoice/invoice-creation.spec.ts" timestamp="2025-09-07T12:53:54.762Z" hostname="Mobile Chrome" tests="4" failures="4" skipped="0" time="0.029" errors="0">
<testcase name="Invoice Creation Flow › should create invoice successfully" classname="invoice/invoice-creation.spec.ts" time="0.007">
<failure message="invoice-creation.spec.ts:111:6 should create invoice successfully" type="FAILURE">
<![CDATA[  [Mobile Chrome] › invoice/invoice-creation.spec.ts:111:6 › Invoice Creation Flow › should create invoice successfully 

    Error: browserType.launch: Executable doesn't exist at /home/ricardo-filipebondor/.cache/ms-playwright/chromium_headless_shell-1187/chrome-linux/headless_shell
    ╔═════════════════════════════════════════════════════════════════════════╗
    ║ Looks like Playwright Test or Playwright was just installed or updated. ║
    ║ Please run the following command to download new browsers:              ║
    ║                                                                         ║
    ║     npx playwright install                                              ║
    ║                                                                         ║
    ║ <3 Playwright Team                                                      ║
    ╚═════════════════════════════════════════════════════════════════════════╝
]]>
</failure>
</testcase>
<testcase name="Invoice Creation Flow › should validate required fields" classname="invoice/invoice-creation.spec.ts" time="0.008">
<failure message="invoice-creation.spec.ts:162:6 should validate required fields" type="FAILURE">
<![CDATA[  [Mobile Chrome] › invoice/invoice-creation.spec.ts:162:6 › Invoice Creation Flow › should validate required fields 

    Error: browserType.launch: Executable doesn't exist at /home/ricardo-filipebondor/.cache/ms-playwright/chromium_headless_shell-1187/chrome-linux/headless_shell
    ╔═════════════════════════════════════════════════════════════════════════╗
    ║ Looks like Playwright Test or Playwright was just installed or updated. ║
    ║ Please run the following command to download new browsers:              ║
    ║                                                                         ║
    ║     npx playwright install                                              ║
    ║                                                                         ║
    ║ <3 Playwright Team                                                      ║
    ╚═════════════════════════════════════════════════════════════════════════╝
]]>
</failure>
</testcase>
<testcase name="Invoice Creation Flow › should handle currency conversion" classname="invoice/invoice-creation.spec.ts" time="0.007">
<failure message="invoice-creation.spec.ts:176:6 should handle currency conversion" type="FAILURE">
<![CDATA[  [Mobile Chrome] › invoice/invoice-creation.spec.ts:176:6 › Invoice Creation Flow › should handle currency conversion 

    Error: browserType.launch: Executable doesn't exist at /home/ricardo-filipebondor/.cache/ms-playwright/chromium_headless_shell-1187/chrome-linux/headless_shell
    ╔═════════════════════════════════════════════════════════════════════════╗
    ║ Looks like Playwright Test or Playwright was just installed or updated. ║
    ║ Please run the following command to download new browsers:              ║
    ║                                                                         ║
    ║     npx playwright install                                              ║
    ║                                                                         ║
    ║ <3 Playwright Team                                                      ║
    ╚═════════════════════════════════════════════════════════════════════════╝
]]>
</failure>
</testcase>
<testcase name="Invoice Creation Flow › should edit existing invoice" classname="invoice/invoice-creation.spec.ts" time="0.007">
<failure message="invoice-creation.spec.ts:223:6 should edit existing invoice" type="FAILURE">
<![CDATA[  [Mobile Chrome] › invoice/invoice-creation.spec.ts:223:6 › Invoice Creation Flow › should edit existing invoice 

    Error: browserType.launch: Executable doesn't exist at /home/ricardo-filipebondor/.cache/ms-playwright/chromium_headless_shell-1187/chrome-linux/headless_shell
    ╔═════════════════════════════════════════════════════════════════════════╗
    ║ Looks like Playwright Test or Playwright was just installed or updated. ║
    ║ Please run the following command to download new browsers:              ║
    ║                                                                         ║
    ║     npx playwright install                                              ║
    ║                                                                         ║
    ║ <3 Playwright Team                                                      ║
    ╚═════════════════════════════════════════════════════════════════════════╝
]]>
</failure>
</testcase>
</testsuite>
<testsuite name="auth/user-login.spec.ts" timestamp="2025-09-07T12:53:54.762Z" hostname="Mobile Safari" tests="16" failures="16" skipped="0" time="0.118" errors="0">
<testcase name="User Login Flow › should login successfully with valid credentials" classname="auth/user-login.spec.ts" time="0.006">
<failure message="user-login.spec.ts:8:7 should login successfully with valid credentials" type="FAILURE">
<![CDATA[  [Mobile Safari] › auth/user-login.spec.ts:8:7 › User Login Flow › should login successfully with valid credentials 

    Error: browserType.launch: Executable doesn't exist at /home/ricardo-filipebondor/.cache/ms-playwright/webkit-2203/pw_run.sh
    ╔═════════════════════════════════════════════════════════════════════════╗
    ║ Looks like Playwright Test or Playwright was just installed or updated. ║
    ║ Please run the following command to download new browsers:              ║
    ║                                                                         ║
    ║     npx playwright install                                              ║
    ║                                                                         ║
    ║ <3 Playwright Team                                                      ║
    ╚═════════════════════════════════════════════════════════════════════════╝
]]>
</failure>
</testcase>
<testcase name="User Login Flow › should show error for invalid credentials" classname="auth/user-login.spec.ts" time="0.01">
<failure message="user-login.spec.ts:27:7 should show error for invalid credentials" type="FAILURE">
<![CDATA[  [Mobile Safari] › auth/user-login.spec.ts:27:7 › User Login Flow › should show error for invalid credentials 

    Error: browserType.launch: Executable doesn't exist at /home/ricardo-filipebondor/.cache/ms-playwright/webkit-2203/pw_run.sh
    ╔═════════════════════════════════════════════════════════════════════════╗
    ║ Looks like Playwright Test or Playwright was just installed or updated. ║
    ║ Please run the following command to download new browsers:              ║
    ║                                                                         ║
    ║     npx playwright install                                              ║
    ║                                                                         ║
    ║ <3 Playwright Team                                                      ║
    ╚═════════════════════════════════════════════════════════════════════════╝
]]>
</failure>
</testcase>
<testcase name="User Login Flow › should show error for non-existent user" classname="auth/user-login.spec.ts" time="0.007">
<failure message="user-login.spec.ts:39:7 should show error for non-existent user" type="FAILURE">
<![CDATA[  [Mobile Safari] › auth/user-login.spec.ts:39:7 › User Login Flow › should show error for non-existent user 

    Error: browserType.launch: Executable doesn't exist at /home/ricardo-filipebondor/.cache/ms-playwright/webkit-2203/pw_run.sh
    ╔═════════════════════════════════════════════════════════════════════════╗
    ║ Looks like Playwright Test or Playwright was just installed or updated. ║
    ║ Please run the following command to download new browsers:              ║
    ║                                                                         ║
    ║     npx playwright install                                              ║
    ║                                                                         ║
    ║ <3 Playwright Team                                                      ║
    ╚═════════════════════════════════════════════════════════════════════════╝
]]>
</failure>
</testcase>
<testcase name="User Login Flow › should show validation errors for empty fields" classname="auth/user-login.spec.ts" time="0.006">
<failure message="user-login.spec.ts:51:7 should show validation errors for empty fields" type="FAILURE">
<![CDATA[  [Mobile Safari] › auth/user-login.spec.ts:51:7 › User Login Flow › should show validation errors for empty fields 

    Error: browserType.launch: Executable doesn't exist at /home/ricardo-filipebondor/.cache/ms-playwright/webkit-2203/pw_run.sh
    ╔═════════════════════════════════════════════════════════════════════════╗
    ║ Looks like Playwright Test or Playwright was just installed or updated. ║
    ║ Please run the following command to download new browsers:              ║
    ║                                                                         ║
    ║     npx playwright install                                              ║
    ║                                                                         ║
    ║ <3 Playwright Team                                                      ║
    ╚═════════════════════════════════════════════════════════════════════════╝
]]>
</failure>
</testcase>
<testcase name="User Login Flow › should show error for invalid email format" classname="auth/user-login.spec.ts" time="0.007">
<failure message="user-login.spec.ts:63:7 should show error for invalid email format" type="FAILURE">
<![CDATA[  [Mobile Safari] › auth/user-login.spec.ts:63:7 › User Login Flow › should show error for invalid email format 

    Error: browserType.launch: Executable doesn't exist at /home/ricardo-filipebondor/.cache/ms-playwright/webkit-2203/pw_run.sh
    ╔═════════════════════════════════════════════════════════════════════════╗
    ║ Looks like Playwright Test or Playwright was just installed or updated. ║
    ║ Please run the following command to download new browsers:              ║
    ║                                                                         ║
    ║     npx playwright install                                              ║
    ║                                                                         ║
    ║ <3 Playwright Team                                                      ║
    ╚═════════════════════════════════════════════════════════════════════════╝
]]>
</failure>
</testcase>
<testcase name="User Login Flow › should navigate to registration page from login" classname="auth/user-login.spec.ts" time="0.007">
<failure message="user-login.spec.ts:75:7 should navigate to registration page from login" type="FAILURE">
<![CDATA[  [Mobile Safari] › auth/user-login.spec.ts:75:7 › User Login Flow › should navigate to registration page from login 

    Error: browserType.launch: Executable doesn't exist at /home/ricardo-filipebondor/.cache/ms-playwright/webkit-2203/pw_run.sh
    ╔═════════════════════════════════════════════════════════════════════════╗
    ║ Looks like Playwright Test or Playwright was just installed or updated. ║
    ║ Please run the following command to download new browsers:              ║
    ║                                                                         ║
    ║     npx playwright install                                              ║
    ║                                                                         ║
    ║ <3 Playwright Team                                                      ║
    ╚═════════════════════════════════════════════════════════════════════════╝
]]>
</failure>
</testcase>
<testcase name="User Login Flow › should navigate to forgot password page" classname="auth/user-login.spec.ts" time="0.007">
<failure message="user-login.spec.ts:83:7 should navigate to forgot password page" type="FAILURE">
<![CDATA[  [Mobile Safari] › auth/user-login.spec.ts:83:7 › User Login Flow › should navigate to forgot password page 

    Error: browserType.launch: Executable doesn't exist at /home/ricardo-filipebondor/.cache/ms-playwright/webkit-2203/pw_run.sh
    ╔═════════════════════════════════════════════════════════════════════════╗
    ║ Looks like Playwright Test or Playwright was just installed or updated. ║
    ║ Please run the following command to download new browsers:              ║
    ║                                                                         ║
    ║     npx playwright install                                              ║
    ║                                                                         ║
    ║ <3 Playwright Team                                                      ║
    ╚═════════════════════════════════════════════════════════════════════════╝
]]>
</failure>
</testcase>
<testcase name="User Login Flow › should handle network errors gracefully" classname="auth/user-login.spec.ts" time="0.008">
<failure message="user-login.spec.ts:91:7 should handle network errors gracefully" type="FAILURE">
<![CDATA[  [Mobile Safari] › auth/user-login.spec.ts:91:7 › User Login Flow › should handle network errors gracefully 

    Error: browserType.launch: Executable doesn't exist at /home/ricardo-filipebondor/.cache/ms-playwright/webkit-2203/pw_run.sh
    ╔═════════════════════════════════════════════════════════════════════════╗
    ║ Looks like Playwright Test or Playwright was just installed or updated. ║
    ║ Please run the following command to download new browsers:              ║
    ║                                                                         ║
    ║     npx playwright install                                              ║
    ║                                                                         ║
    ║ <3 Playwright Team                                                      ║
    ╚═════════════════════════════════════════════════════════════════════════╝
]]>
</failure>
</testcase>
<testcase name="User Login Flow › should show loading state during login" classname="auth/user-login.spec.ts" time="0.007">
<failure message="user-login.spec.ts:106:7 should show loading state during login" type="FAILURE">
<![CDATA[  [Mobile Safari] › auth/user-login.spec.ts:106:7 › User Login Flow › should show loading state during login 

    Error: browserType.launch: Executable doesn't exist at /home/ricardo-filipebondor/.cache/ms-playwright/webkit-2203/pw_run.sh
    ╔═════════════════════════════════════════════════════════════════════════╗
    ║ Looks like Playwright Test or Playwright was just installed or updated. ║
    ║ Please run the following command to download new browsers:              ║
    ║                                                                         ║
    ║     npx playwright install                                              ║
    ║                                                                         ║
    ║ <3 Playwright Team                                                      ║
    ╚═════════════════════════════════════════════════════════════════════════╝
]]>
</failure>
</testcase>
<testcase name="User Login Flow › should remember login state after page refresh" classname="auth/user-login.spec.ts" time="0.008">
<failure message="user-login.spec.ts:126:7 should remember login state after page refresh" type="FAILURE">
<![CDATA[  [Mobile Safari] › auth/user-login.spec.ts:126:7 › User Login Flow › should remember login state after page refresh 

    Error: browserType.launch: Executable doesn't exist at /home/ricardo-filipebondor/.cache/ms-playwright/webkit-2203/pw_run.sh
    ╔═════════════════════════════════════════════════════════════════════════╗
    ║ Looks like Playwright Test or Playwright was just installed or updated. ║
    ║ Please run the following command to download new browsers:              ║
    ║                                                                         ║
    ║     npx playwright install                                              ║
    ║                                                                         ║
    ║ <3 Playwright Team                                                      ║
    ╚═════════════════════════════════════════════════════════════════════════╝
]]>
</failure>
</testcase>
<testcase name="User Login Flow › should support remember me functionality" classname="auth/user-login.spec.ts" time="0.009">
<failure message="user-login.spec.ts:146:7 should support remember me functionality" type="FAILURE">
<![CDATA[  [Mobile Safari] › auth/user-login.spec.ts:146:7 › User Login Flow › should support remember me functionality 

    Error: browserType.launch: Executable doesn't exist at /home/ricardo-filipebondor/.cache/ms-playwright/webkit-2203/pw_run.sh
    ╔═════════════════════════════════════════════════════════════════════════╗
    ║ Looks like Playwright Test or Playwright was just installed or updated. ║
    ║ Please run the following command to download new browsers:              ║
    ║                                                                         ║
    ║     npx playwright install                                              ║
    ║                                                                         ║
    ║ <3 Playwright Team                                                      ║
    ╚═════════════════════════════════════════════════════════════════════════╝
]]>
</failure>
</testcase>
<testcase name="User Login Flow › should handle OAuth login with Google" classname="auth/user-login.spec.ts" time="0.008">
<failure message="user-login.spec.ts:176:7 should handle OAuth login with Google" type="FAILURE">
<![CDATA[  [Mobile Safari] › auth/user-login.spec.ts:176:7 › User Login Flow › should handle OAuth login with Google 

    Error: browserType.launch: Executable doesn't exist at /home/ricardo-filipebondor/.cache/ms-playwright/webkit-2203/pw_run.sh
    ╔═════════════════════════════════════════════════════════════════════════╗
    ║ Looks like Playwright Test or Playwright was just installed or updated. ║
    ║ Please run the following command to download new browsers:              ║
    ║                                                                         ║
    ║     npx playwright install                                              ║
    ║                                                                         ║
    ║ <3 Playwright Team                                                      ║
    ╚═════════════════════════════════════════════════════════════════════════╝
]]>
</failure>
</testcase>
<testcase name="User Login Flow › should handle case sensitivity in email" classname="auth/user-login.spec.ts" time="0.008">
<failure message="user-login.spec.ts:205:7 should handle case sensitivity in email" type="FAILURE">
<![CDATA[  [Mobile Safari] › auth/user-login.spec.ts:205:7 › User Login Flow › should handle case sensitivity in email 

    Error: browserType.launch: Executable doesn't exist at /home/ricardo-filipebondor/.cache/ms-playwright/webkit-2203/pw_run.sh
    ╔═════════════════════════════════════════════════════════════════════════╗
    ║ Looks like Playwright Test or Playwright was just installed or updated. ║
    ║ Please run the following command to download new browsers:              ║
    ║                                                                         ║
    ║     npx playwright install                                              ║
    ║                                                                         ║
    ║ <3 Playwright Team                                                      ║
    ╚═════════════════════════════════════════════════════════════════════════╝
]]>
</failure>
</testcase>
<testcase name="User Login Flow › should handle special characters in password" classname="auth/user-login.spec.ts" time="0.007">
<failure message="user-login.spec.ts:222:7 should handle special characters in password" type="FAILURE">
<![CDATA[  [Mobile Safari] › auth/user-login.spec.ts:222:7 › User Login Flow › should handle special characters in password 

    Error: browserType.launch: Executable doesn't exist at /home/ricardo-filipebondor/.cache/ms-playwright/webkit-2203/pw_run.sh
    ╔═════════════════════════════════════════════════════════════════════════╗
    ║ Looks like Playwright Test or Playwright was just installed or updated. ║
    ║ Please run the following command to download new browsers:              ║
    ║                                                                         ║
    ║     npx playwright install                                              ║
    ║                                                                         ║
    ║ <3 Playwright Team                                                      ║
    ╚═════════════════════════════════════════════════════════════════════════╝
]]>
</failure>
</testcase>
<testcase name="User Login Flow › should prevent multiple simultaneous login attempts" classname="auth/user-login.spec.ts" time="0.006">
<failure message="user-login.spec.ts:238:7 should prevent multiple simultaneous login attempts" type="FAILURE">
<![CDATA[  [Mobile Safari] › auth/user-login.spec.ts:238:7 › User Login Flow › should prevent multiple simultaneous login attempts 

    Error: browserType.launch: Executable doesn't exist at /home/ricardo-filipebondor/.cache/ms-playwright/webkit-2203/pw_run.sh
    ╔═════════════════════════════════════════════════════════════════════════╗
    ║ Looks like Playwright Test or Playwright was just installed or updated. ║
    ║ Please run the following command to download new browsers:              ║
    ║                                                                         ║
    ║     npx playwright install                                              ║
    ║                                                                         ║
    ║ <3 Playwright Team                                                      ║
    ╚═════════════════════════════════════════════════════════════════════════╝
]]>
</failure>
</testcase>
<testcase name="User Login Flow › should clear form errors when user starts typing" classname="auth/user-login.spec.ts" time="0.007">
<failure message="user-login.spec.ts:254:7 should clear form errors when user starts typing" type="FAILURE">
<![CDATA[  [Mobile Safari] › auth/user-login.spec.ts:254:7 › User Login Flow › should clear form errors when user starts typing 

    Error: browserType.launch: Executable doesn't exist at /home/ricardo-filipebondor/.cache/ms-playwright/webkit-2203/pw_run.sh
    ╔═════════════════════════════════════════════════════════════════════════╗
    ║ Looks like Playwright Test or Playwright was just installed or updated. ║
    ║ Please run the following command to download new browsers:              ║
    ║                                                                         ║
    ║     npx playwright install                                              ║
    ║                                                                         ║
    ║ <3 Playwright Team                                                      ║
    ╚═════════════════════════════════════════════════════════════════════════╝
]]>
</failure>
</testcase>
</testsuite>
<testsuite name="auth/user-registration.spec.ts" timestamp="2025-09-07T12:53:54.762Z" hostname="Mobile Safari" tests="11" failures="11" skipped="0" time="0.08" errors="0">
<testcase name="User Registration Flow › should complete user registration successfully" classname="auth/user-registration.spec.ts" time="0.007">
<failure message="user-registration.spec.ts:8:7 should complete user registration successfully" type="FAILURE">
<![CDATA[  [Mobile Safari] › auth/user-registration.spec.ts:8:7 › User Registration Flow › should complete user registration successfully 

    Error: browserType.launch: Executable doesn't exist at /home/ricardo-filipebondor/.cache/ms-playwright/webkit-2203/pw_run.sh
    ╔═════════════════════════════════════════════════════════════════════════╗
    ║ Looks like Playwright Test or Playwright was just installed or updated. ║
    ║ Please run the following command to download new browsers:              ║
    ║                                                                         ║
    ║     npx playwright install                                              ║
    ║                                                                         ║
    ║ <3 Playwright Team                                                      ║
    ╚═════════════════════════════════════════════════════════════════════════╝
]]>
</failure>
</testcase>
<testcase name="User Registration Flow › should show validation errors for invalid input" classname="auth/user-registration.spec.ts" time="0.009">
<failure message="user-registration.spec.ts:30:7 should show validation errors for invalid input" type="FAILURE">
<![CDATA[  [Mobile Safari] › auth/user-registration.spec.ts:30:7 › User Registration Flow › should show validation errors for invalid input 

    Error: browserType.launch: Executable doesn't exist at /home/ricardo-filipebondor/.cache/ms-playwright/webkit-2203/pw_run.sh
    ╔═════════════════════════════════════════════════════════════════════════╗
    ║ Looks like Playwright Test or Playwright was just installed or updated. ║
    ║ Please run the following command to download new browsers:              ║
    ║                                                                         ║
    ║     npx playwright install                                              ║
    ║                                                                         ║
    ║ <3 Playwright Team                                                      ║
    ╚═════════════════════════════════════════════════════════════════════════╝
]]>
</failure>
</testcase>
<testcase name="User Registration Flow › should show error for invalid email format" classname="auth/user-registration.spec.ts" time="0.007">
<failure message="user-registration.spec.ts:44:7 should show error for invalid email format" type="FAILURE">
<![CDATA[  [Mobile Safari] › auth/user-registration.spec.ts:44:7 › User Registration Flow › should show error for invalid email format 

    Error: browserType.launch: Executable doesn't exist at /home/ricardo-filipebondor/.cache/ms-playwright/webkit-2203/pw_run.sh
    ╔═════════════════════════════════════════════════════════════════════════╗
    ║ Looks like Playwright Test or Playwright was just installed or updated. ║
    ║ Please run the following command to download new browsers:              ║
    ║                                                                         ║
    ║     npx playwright install                                              ║
    ║                                                                         ║
    ║ <3 Playwright Team                                                      ║
    ╚═════════════════════════════════════════════════════════════════════════╝
]]>
</failure>
</testcase>
<testcase name="User Registration Flow › should show error for weak password" classname="auth/user-registration.spec.ts" time="0.007">
<failure message="user-registration.spec.ts:59:7 should show error for weak password" type="FAILURE">
<![CDATA[  [Mobile Safari] › auth/user-registration.spec.ts:59:7 › User Registration Flow › should show error for weak password 

    Error: browserType.launch: Executable doesn't exist at /home/ricardo-filipebondor/.cache/ms-playwright/webkit-2203/pw_run.sh
    ╔═════════════════════════════════════════════════════════════════════════╗
    ║ Looks like Playwright Test or Playwright was just installed or updated. ║
    ║ Please run the following command to download new browsers:              ║
    ║                                                                         ║
    ║     npx playwright install                                              ║
    ║                                                                         ║
    ║ <3 Playwright Team                                                      ║
    ╚═════════════════════════════════════════════════════════════════════════╝
]]>
</failure>
</testcase>
<testcase name="User Registration Flow › should show error for existing email" classname="auth/user-registration.spec.ts" time="0.006">
<failure message="user-registration.spec.ts:74:7 should show error for existing email" type="FAILURE">
<![CDATA[  [Mobile Safari] › auth/user-registration.spec.ts:74:7 › User Registration Flow › should show error for existing email 

    Error: browserType.launch: Executable doesn't exist at /home/ricardo-filipebondor/.cache/ms-playwright/webkit-2203/pw_run.sh
    ╔═════════════════════════════════════════════════════════════════════════╗
    ║ Looks like Playwright Test or Playwright was just installed or updated. ║
    ║ Please run the following command to download new browsers:              ║
    ║                                                                         ║
    ║     npx playwright install                                              ║
    ║                                                                         ║
    ║ <3 Playwright Team                                                      ║
    ╚═════════════════════════════════════════════════════════════════════════╝
]]>
</failure>
</testcase>
<testcase name="User Registration Flow › should navigate to login page from registration" classname="auth/user-registration.spec.ts" time="0.006">
<failure message="user-registration.spec.ts:90:7 should navigate to login page from registration" type="FAILURE">
<![CDATA[  [Mobile Safari] › auth/user-registration.spec.ts:90:7 › User Registration Flow › should navigate to login page from registration 

    Error: browserType.launch: Executable doesn't exist at /home/ricardo-filipebondor/.cache/ms-playwright/webkit-2203/pw_run.sh
    ╔═════════════════════════════════════════════════════════════════════════╗
    ║ Looks like Playwright Test or Playwright was just installed or updated. ║
    ║ Please run the following command to download new browsers:              ║
    ║                                                                         ║
    ║     npx playwright install                                              ║
    ║                                                                         ║
    ║ <3 Playwright Team                                                      ║
    ╚═════════════════════════════════════════════════════════════════════════╝
]]>
</failure>
</testcase>
<testcase name="User Registration Flow › should handle network errors gracefully" classname="auth/user-registration.spec.ts" time="0.008">
<failure message="user-registration.spec.ts:98:7 should handle network errors gracefully" type="FAILURE">
<![CDATA[  [Mobile Safari] › auth/user-registration.spec.ts:98:7 › User Registration Flow › should handle network errors gracefully 

    Error: browserType.launch: Executable doesn't exist at /home/ricardo-filipebondor/.cache/ms-playwright/webkit-2203/pw_run.sh
    ╔═════════════════════════════════════════════════════════════════════════╗
    ║ Looks like Playwright Test or Playwright was just installed or updated. ║
    ║ Please run the following command to download new browsers:              ║
    ║                                                                         ║
    ║     npx playwright install                                              ║
    ║                                                                         ║
    ║ <3 Playwright Team                                                      ║
    ╚═════════════════════════════════════════════════════════════════════════╝
]]>
</failure>
</testcase>
<testcase name="User Registration Flow › should show loading state during registration" classname="auth/user-registration.spec.ts" time="0.006">
<failure message="user-registration.spec.ts:116:7 should show loading state during registration" type="FAILURE">
<![CDATA[  [Mobile Safari] › auth/user-registration.spec.ts:116:7 › User Registration Flow › should show loading state during registration 

    Error: browserType.launch: Executable doesn't exist at /home/ricardo-filipebondor/.cache/ms-playwright/webkit-2203/pw_run.sh
    ╔═════════════════════════════════════════════════════════════════════════╗
    ║ Looks like Playwright Test or Playwright was just installed or updated. ║
    ║ Please run the following command to download new browsers:              ║
    ║                                                                         ║
    ║     npx playwright install                                              ║
    ║                                                                         ║
    ║ <3 Playwright Team                                                      ║
    ╚═════════════════════════════════════════════════════════════════════════╝
]]>
</failure>
</testcase>
<testcase name="User Registration Flow › should support different user roles" classname="auth/user-registration.spec.ts" time="0.01">
<failure message="user-registration.spec.ts:139:7 should support different user roles" type="FAILURE">
<![CDATA[  [Mobile Safari] › auth/user-registration.spec.ts:139:7 › User Registration Flow › should support different user roles 

    Error: browserType.launch: Executable doesn't exist at /home/ricardo-filipebondor/.cache/ms-playwright/webkit-2203/pw_run.sh
    ╔═════════════════════════════════════════════════════════════════════════╗
    ║ Looks like Playwright Test or Playwright was just installed or updated. ║
    ║ Please run the following command to download new browsers:              ║
    ║                                                                         ║
    ║     npx playwright install                                              ║
    ║                                                                         ║
    ║ <3 Playwright Team                                                      ║
    ╚═════════════════════════════════════════════════════════════════════════╝
]]>
</failure>
</testcase>
<testcase name="User Registration Flow › should validate password confirmation if field exists" classname="auth/user-registration.spec.ts" time="0.007">
<failure message="user-registration.spec.ts:162:7 should validate password confirmation if field exists" type="FAILURE">
<![CDATA[  [Mobile Safari] › auth/user-registration.spec.ts:162:7 › User Registration Flow › should validate password confirmation if field exists 

    Error: browserType.launch: Executable doesn't exist at /home/ricardo-filipebondor/.cache/ms-playwright/webkit-2203/pw_run.sh
    ╔═════════════════════════════════════════════════════════════════════════╗
    ║ Looks like Playwright Test or Playwright was just installed or updated. ║
    ║ Please run the following command to download new browsers:              ║
    ║                                                                         ║
    ║     npx playwright install                                              ║
    ║                                                                         ║
    ║ <3 Playwright Team                                                      ║
    ╚═════════════════════════════════════════════════════════════════════════╝
]]>
</failure>
</testcase>
<testcase name="User Registration Flow › should handle form reset" classname="auth/user-registration.spec.ts" time="0.007">
<failure message="user-registration.spec.ts:182:7 should handle form reset" type="FAILURE">
<![CDATA[  [Mobile Safari] › auth/user-registration.spec.ts:182:7 › User Registration Flow › should handle form reset 

    Error: browserType.launch: Executable doesn't exist at /home/ricardo-filipebondor/.cache/ms-playwright/webkit-2203/pw_run.sh
    ╔═════════════════════════════════════════════════════════════════════════╗
    ║ Looks like Playwright Test or Playwright was just installed or updated. ║
    ║ Please run the following command to download new browsers:              ║
    ║                                                                         ║
    ║     npx playwright install                                              ║
    ║                                                                         ║
    ║ <3 Playwright Team                                                      ║
    ╚═════════════════════════════════════════════════════════════════════════╝
]]>
</failure>
</testcase>
</testsuite>
<testsuite name="dashboard/dashboard-navigation.spec.ts" timestamp="2025-09-07T12:53:54.762Z" hostname="Mobile Safari" tests="21" failures="21" skipped="0" time="0.152" errors="0">
<testcase name="Dashboard Navigation › should display main navigation menu" classname="dashboard/dashboard-navigation.spec.ts" time="0.008">
<failure message="dashboard-navigation.spec.ts:16:7 should display main navigation menu" type="FAILURE">
<![CDATA[  [Mobile Safari] › dashboard/dashboard-navigation.spec.ts:16:7 › Dashboard Navigation › should display main navigation menu 

    Error: browserType.launch: Executable doesn't exist at /home/ricardo-filipebondor/.cache/ms-playwright/webkit-2203/pw_run.sh
    ╔═════════════════════════════════════════════════════════════════════════╗
    ║ Looks like Playwright Test or Playwright was just installed or updated. ║
    ║ Please run the following command to download new browsers:              ║
    ║                                                                         ║
    ║     npx playwright install                                              ║
    ║                                                                         ║
    ║ <3 Playwright Team                                                      ║
    ╚═════════════════════════════════════════════════════════════════════════╝
]]>
</failure>
</testcase>
<testcase name="Dashboard Navigation › should navigate to dashboard page" classname="dashboard/dashboard-navigation.spec.ts" time="0.006">
<failure message="dashboard-navigation.spec.ts:25:7 should navigate to dashboard page" type="FAILURE">
<![CDATA[  [Mobile Safari] › dashboard/dashboard-navigation.spec.ts:25:7 › Dashboard Navigation › should navigate to dashboard page 

    Error: browserType.launch: Executable doesn't exist at /home/ricardo-filipebondor/.cache/ms-playwright/webkit-2203/pw_run.sh
    ╔═════════════════════════════════════════════════════════════════════════╗
    ║ Looks like Playwright Test or Playwright was just installed or updated. ║
    ║ Please run the following command to download new browsers:              ║
    ║                                                                         ║
    ║     npx playwright install                                              ║
    ║                                                                         ║
    ║ <3 Playwright Team                                                      ║
    ╚═════════════════════════════════════════════════════════════════════════╝
]]>
</failure>
</testcase>
<testcase name="Dashboard Navigation › should navigate to database management page" classname="dashboard/dashboard-navigation.spec.ts" time="0.006">
<failure message="dashboard-navigation.spec.ts:33:7 should navigate to database management page" type="FAILURE">
<![CDATA[  [Mobile Safari] › dashboard/dashboard-navigation.spec.ts:33:7 › Dashboard Navigation › should navigate to database management page 

    Error: browserType.launch: Executable doesn't exist at /home/ricardo-filipebondor/.cache/ms-playwright/webkit-2203/pw_run.sh
    ╔═════════════════════════════════════════════════════════════════════════╗
    ║ Looks like Playwright Test or Playwright was just installed or updated. ║
    ║ Please run the following command to download new browsers:              ║
    ║                                                                         ║
    ║     npx playwright install                                              ║
    ║                                                                         ║
    ║ <3 Playwright Team                                                      ║
    ╚═════════════════════════════════════════════════════════════════════════╝
]]>
</failure>
</testcase>
<testcase name="Dashboard Navigation › should navigate to analytics page" classname="dashboard/dashboard-navigation.spec.ts" time="0.008">
<failure message="dashboard-navigation.spec.ts:41:7 should navigate to analytics page" type="FAILURE">
<![CDATA[  [Mobile Safari] › dashboard/dashboard-navigation.spec.ts:41:7 › Dashboard Navigation › should navigate to analytics page 

    Error: browserType.launch: Executable doesn't exist at /home/ricardo-filipebondor/.cache/ms-playwright/webkit-2203/pw_run.sh
    ╔═════════════════════════════════════════════════════════════════════════╗
    ║ Looks like Playwright Test or Playwright was just installed or updated. ║
    ║ Please run the following command to download new browsers:              ║
    ║                                                                         ║
    ║     npx playwright install                                              ║
    ║                                                                         ║
    ║ <3 Playwright Team                                                      ║
    ╚═════════════════════════════════════════════════════════════════════════╝
]]>
</failure>
</testcase>
<testcase name="Dashboard Navigation › should navigate to settings page" classname="dashboard/dashboard-navigation.spec.ts" time="0.008">
<failure message="dashboard-navigation.spec.ts:49:7 should navigate to settings page" type="FAILURE">
<![CDATA[  [Mobile Safari] › dashboard/dashboard-navigation.spec.ts:49:7 › Dashboard Navigation › should navigate to settings page 

    Error: browserType.launch: Executable doesn't exist at /home/ricardo-filipebondor/.cache/ms-playwright/webkit-2203/pw_run.sh
    ╔═════════════════════════════════════════════════════════════════════════╗
    ║ Looks like Playwright Test or Playwright was just installed or updated. ║
    ║ Please run the following command to download new browsers:              ║
    ║                                                                         ║
    ║     npx playwright install                                              ║
    ║                                                                         ║
    ║ <3 Playwright Team                                                      ║
    ╚═════════════════════════════════════════════════════════════════════════╝
]]>
</failure>
</testcase>
<testcase name="Dashboard Navigation › should display user profile menu" classname="dashboard/dashboard-navigation.spec.ts" time="0.006">
<failure message="dashboard-navigation.spec.ts:57:7 should display user profile menu" type="FAILURE">
<![CDATA[  [Mobile Safari] › dashboard/dashboard-navigation.spec.ts:57:7 › Dashboard Navigation › should display user profile menu 

    Error: browserType.launch: Executable doesn't exist at /home/ricardo-filipebondor/.cache/ms-playwright/webkit-2203/pw_run.sh
    ╔═════════════════════════════════════════════════════════════════════════╗
    ║ Looks like Playwright Test or Playwright was just installed or updated. ║
    ║ Please run the following command to download new browsers:              ║
    ║                                                                         ║
    ║     npx playwright install                                              ║
    ║                                                                         ║
    ║ <3 Playwright Team                                                      ║
    ╚═════════════════════════════════════════════════════════════════════════╝
]]>
</failure>
</testcase>
<testcase name="Dashboard Navigation › should navigate to user profile" classname="dashboard/dashboard-navigation.spec.ts" time="0.007">
<failure message="dashboard-navigation.spec.ts:67:7 should navigate to user profile" type="FAILURE">
<![CDATA[  [Mobile Safari] › dashboard/dashboard-navigation.spec.ts:67:7 › Dashboard Navigation › should navigate to user profile 

    Error: browserType.launch: Executable doesn't exist at /home/ricardo-filipebondor/.cache/ms-playwright/webkit-2203/pw_run.sh
    ╔═════════════════════════════════════════════════════════════════════════╗
    ║ Looks like Playwright Test or Playwright was just installed or updated. ║
    ║ Please run the following command to download new browsers:              ║
    ║                                                                         ║
    ║     npx playwright install                                              ║
    ║                                                                         ║
    ║ <3 Playwright Team                                                      ║
    ╚═════════════════════════════════════════════════════════════════════════╝
]]>
</failure>
</testcase>
<testcase name="Dashboard Navigation › should logout successfully" classname="dashboard/dashboard-navigation.spec.ts" time="0.008">
<failure message="dashboard-navigation.spec.ts:75:7 should logout successfully" type="FAILURE">
<![CDATA[  [Mobile Safari] › dashboard/dashboard-navigation.spec.ts:75:7 › Dashboard Navigation › should logout successfully 

    Error: browserType.launch: Executable doesn't exist at /home/ricardo-filipebondor/.cache/ms-playwright/webkit-2203/pw_run.sh
    ╔═════════════════════════════════════════════════════════════════════════╗
    ║ Looks like Playwright Test or Playwright was just installed or updated. ║
    ║ Please run the following command to download new browsers:              ║
    ║                                                                         ║
    ║     npx playwright install                                              ║
    ║                                                                         ║
    ║ <3 Playwright Team                                                      ║
    ╚═════════════════════════════════════════════════════════════════════════╝
]]>
</failure>
</testcase>
<testcase name="Dashboard Navigation › should show active navigation state" classname="dashboard/dashboard-navigation.spec.ts" time="0.007">
<failure message="dashboard-navigation.spec.ts:84:7 should show active navigation state" type="FAILURE">
<![CDATA[  [Mobile Safari] › dashboard/dashboard-navigation.spec.ts:84:7 › Dashboard Navigation › should show active navigation state 

    Error: browserType.launch: Executable doesn't exist at /home/ricardo-filipebondor/.cache/ms-playwright/webkit-2203/pw_run.sh
    ╔═════════════════════════════════════════════════════════════════════════╗
    ║ Looks like Playwright Test or Playwright was just installed or updated. ║
    ║ Please run the following command to download new browsers:              ║
    ║                                                                         ║
    ║     npx playwright install                                              ║
    ║                                                                         ║
    ║ <3 Playwright Team                                                      ║
    ╚═════════════════════════════════════════════════════════════════════════╝
]]>
</failure>
</testcase>
<testcase name="Dashboard Navigation › should handle mobile navigation menu" classname="dashboard/dashboard-navigation.spec.ts" time="0.008">
<failure message="dashboard-navigation.spec.ts:95:7 should handle mobile navigation menu" type="FAILURE">
<![CDATA[  [Mobile Safari] › dashboard/dashboard-navigation.spec.ts:95:7 › Dashboard Navigation › should handle mobile navigation menu 

    Error: browserType.launch: Executable doesn't exist at /home/ricardo-filipebondor/.cache/ms-playwright/webkit-2203/pw_run.sh
    ╔═════════════════════════════════════════════════════════════════════════╗
    ║ Looks like Playwright Test or Playwright was just installed or updated. ║
    ║ Please run the following command to download new browsers:              ║
    ║                                                                         ║
    ║     npx playwright install                                              ║
    ║                                                                         ║
    ║ <3 Playwright Team                                                      ║
    ╚═════════════════════════════════════════════════════════════════════════╝
]]>
</failure>
</testcase>
<testcase name="Dashboard Navigation › should display breadcrumbs for nested pages" classname="dashboard/dashboard-navigation.spec.ts" time="0.009">
<failure message="dashboard-navigation.spec.ts:112:7 should display breadcrumbs for nested pages" type="FAILURE">
<![CDATA[  [Mobile Safari] › dashboard/dashboard-navigation.spec.ts:112:7 › Dashboard Navigation › should display breadcrumbs for nested pages 

    Error: browserType.launch: Executable doesn't exist at /home/ricardo-filipebondor/.cache/ms-playwright/webkit-2203/pw_run.sh
    ╔═════════════════════════════════════════════════════════════════════════╗
    ║ Looks like Playwright Test or Playwright was just installed or updated. ║
    ║ Please run the following command to download new browsers:              ║
    ║                                                                         ║
    ║     npx playwright install                                              ║
    ║                                                                         ║
    ║ <3 Playwright Team                                                      ║
    ╚═════════════════════════════════════════════════════════════════════════╝
]]>
</failure>
</testcase>
<testcase name="Dashboard Navigation › should handle keyboard navigation" classname="dashboard/dashboard-navigation.spec.ts" time="0.007">
<failure message="dashboard-navigation.spec.ts:125:7 should handle keyboard navigation" type="FAILURE">
<![CDATA[  [Mobile Safari] › dashboard/dashboard-navigation.spec.ts:125:7 › Dashboard Navigation › should handle keyboard navigation 

    Error: browserType.launch: Executable doesn't exist at /home/ricardo-filipebondor/.cache/ms-playwright/webkit-2203/pw_run.sh
    ╔═════════════════════════════════════════════════════════════════════════╗
    ║ Looks like Playwright Test or Playwright was just installed or updated. ║
    ║ Please run the following command to download new browsers:              ║
    ║                                                                         ║
    ║     npx playwright install                                              ║
    ║                                                                         ║
    ║ <3 Playwright Team                                                      ║
    ╚═════════════════════════════════════════════════════════════════════════╝
]]>
</failure>
</testcase>
<testcase name="Dashboard Navigation › should display notifications" classname="dashboard/dashboard-navigation.spec.ts" time="0.008">
<failure message="dashboard-navigation.spec.ts:136:7 should display notifications" type="FAILURE">
<![CDATA[  [Mobile Safari] › dashboard/dashboard-navigation.spec.ts:136:7 › Dashboard Navigation › should display notifications 

    Error: browserType.launch: Executable doesn't exist at /home/ricardo-filipebondor/.cache/ms-playwright/webkit-2203/pw_run.sh
    ╔═════════════════════════════════════════════════════════════════════════╗
    ║ Looks like Playwright Test or Playwright was just installed or updated. ║
    ║ Please run the following command to download new browsers:              ║
    ║                                                                         ║
    ║     npx playwright install                                              ║
    ║                                                                         ║
    ║ <3 Playwright Team                                                      ║
    ╚═════════════════════════════════════════════════════════════════════════╝
]]>
</failure>
</testcase>
<testcase name="Dashboard Navigation › should handle search functionality" classname="dashboard/dashboard-navigation.spec.ts" time="0.007">
<failure message="dashboard-navigation.spec.ts:147:7 should handle search functionality" type="FAILURE">
<![CDATA[  [Mobile Safari] › dashboard/dashboard-navigation.spec.ts:147:7 › Dashboard Navigation › should handle search functionality 

    Error: browserType.launch: Executable doesn't exist at /home/ricardo-filipebondor/.cache/ms-playwright/webkit-2203/pw_run.sh
    ╔═════════════════════════════════════════════════════════════════════════╗
    ║ Looks like Playwright Test or Playwright was just installed or updated. ║
    ║ Please run the following command to download new browsers:              ║
    ║                                                                         ║
    ║     npx playwright install                                              ║
    ║                                                                         ║
    ║ <3 Playwright Team                                                      ║
    ╚═════════════════════════════════════════════════════════════════════════╝
]]>
</failure>
</testcase>
<testcase name="Dashboard Navigation › should display tenant information" classname="dashboard/dashboard-navigation.spec.ts" time="0.007">
<failure message="dashboard-navigation.spec.ts:159:7 should display tenant information" type="FAILURE">
<![CDATA[  [Mobile Safari] › dashboard/dashboard-navigation.spec.ts:159:7 › Dashboard Navigation › should display tenant information 

    Error: browserType.launch: Executable doesn't exist at /home/ricardo-filipebondor/.cache/ms-playwright/webkit-2203/pw_run.sh
    ╔═════════════════════════════════════════════════════════════════════════╗
    ║ Looks like Playwright Test or Playwright was just installed or updated. ║
    ║ Please run the following command to download new browsers:              ║
    ║                                                                         ║
    ║     npx playwright install                                              ║
    ║                                                                         ║
    ║ <3 Playwright Team                                                      ║
    ╚═════════════════════════════════════════════════════════════════════════╝
]]>
</failure>
</testcase>
<testcase name="Dashboard Navigation › should handle theme switching" classname="dashboard/dashboard-navigation.spec.ts" time="0.009">
<failure message="dashboard-navigation.spec.ts:167:7 should handle theme switching" type="FAILURE">
<![CDATA[  [Mobile Safari] › dashboard/dashboard-navigation.spec.ts:167:7 › Dashboard Navigation › should handle theme switching 

    Error: browserType.launch: Executable doesn't exist at /home/ricardo-filipebondor/.cache/ms-playwright/webkit-2203/pw_run.sh
    ╔═════════════════════════════════════════════════════════════════════════╗
    ║ Looks like Playwright Test or Playwright was just installed or updated. ║
    ║ Please run the following command to download new browsers:              ║
    ║                                                                         ║
    ║     npx playwright install                                              ║
    ║                                                                         ║
    ║ <3 Playwright Team                                                      ║
    ╚═════════════════════════════════════════════════════════════════════════╝
]]>
</failure>
</testcase>
<testcase name="Dashboard Navigation › should display language selector" classname="dashboard/dashboard-navigation.spec.ts" time="0.007">
<failure message="dashboard-navigation.spec.ts:180:7 should display language selector" type="FAILURE">
<![CDATA[  [Mobile Safari] › dashboard/dashboard-navigation.spec.ts:180:7 › Dashboard Navigation › should display language selector 

    Error: browserType.launch: Executable doesn't exist at /home/ricardo-filipebondor/.cache/ms-playwright/webkit-2203/pw_run.sh
    ╔═════════════════════════════════════════════════════════════════════════╗
    ║ Looks like Playwright Test or Playwright was just installed or updated. ║
    ║ Please run the following command to download new browsers:              ║
    ║                                                                         ║
    ║     npx playwright install                                              ║
    ║                                                                         ║
    ║ <3 Playwright Team                                                      ║
    ╚═════════════════════════════════════════════════════════════════════════╝
]]>
</failure>
</testcase>
<testcase name="Dashboard Navigation › should handle responsive navigation" classname="dashboard/dashboard-navigation.spec.ts" time="0.006">
<failure message="dashboard-navigation.spec.ts:193:7 should handle responsive navigation" type="FAILURE">
<![CDATA[  [Mobile Safari] › dashboard/dashboard-navigation.spec.ts:193:7 › Dashboard Navigation › should handle responsive navigation 

    Error: browserType.launch: Executable doesn't exist at /home/ricardo-filipebondor/.cache/ms-playwright/webkit-2203/pw_run.sh
    ╔═════════════════════════════════════════════════════════════════════════╗
    ║ Looks like Playwright Test or Playwright was just installed or updated. ║
    ║ Please run the following command to download new browsers:              ║
    ║                                                                         ║
    ║     npx playwright install                                              ║
    ║                                                                         ║
    ║ <3 Playwright Team                                                      ║
    ╚═════════════════════════════════════════════════════════════════════════╝
]]>
</failure>
</testcase>
<testcase name="Dashboard Navigation › should handle navigation with browser back/forward" classname="dashboard/dashboard-navigation.spec.ts" time="0.008">
<failure message="dashboard-navigation.spec.ts:214:7 should handle navigation with browser back/forward" type="FAILURE">
<![CDATA[  [Mobile Safari] › dashboard/dashboard-navigation.spec.ts:214:7 › Dashboard Navigation › should handle navigation with browser back/forward 

    Error: browserType.launch: Executable doesn't exist at /home/ricardo-filipebondor/.cache/ms-playwright/webkit-2203/pw_run.sh
    ╔═════════════════════════════════════════════════════════════════════════╗
    ║ Looks like Playwright Test or Playwright was just installed or updated. ║
    ║ Please run the following command to download new browsers:              ║
    ║                                                                         ║
    ║     npx playwright install                                              ║
    ║                                                                         ║
    ║ <3 Playwright Team                                                      ║
    ╚═════════════════════════════════════════════════════════════════════════╝
]]>
</failure>
</testcase>
<testcase name="Dashboard Navigation › should handle navigation errors gracefully" classname="dashboard/dashboard-navigation.spec.ts" time="0.006">
<failure message="dashboard-navigation.spec.ts:237:7 should handle navigation errors gracefully" type="FAILURE">
<![CDATA[  [Mobile Safari] › dashboard/dashboard-navigation.spec.ts:237:7 › Dashboard Navigation › should handle navigation errors gracefully 

    Error: browserType.launch: Executable doesn't exist at /home/ricardo-filipebondor/.cache/ms-playwright/webkit-2203/pw_run.sh
    ╔═════════════════════════════════════════════════════════════════════════╗
    ║ Looks like Playwright Test or Playwright was just installed or updated. ║
    ║ Please run the following command to download new browsers:              ║
    ║                                                                         ║
    ║     npx playwright install                                              ║
    ║                                                                         ║
    ║ <3 Playwright Team                                                      ║
    ╚═════════════════════════════════════════════════════════════════════════╝
]]>
</failure>
</testcase>
<testcase name="Dashboard Navigation › should maintain navigation state during page refresh" classname="dashboard/dashboard-navigation.spec.ts" time="0.006">
<failure message="dashboard-navigation.spec.ts:247:7 should maintain navigation state during page refresh" type="FAILURE">
<![CDATA[  [Mobile Safari] › dashboard/dashboard-navigation.spec.ts:247:7 › Dashboard Navigation › should maintain navigation state during page refresh 

    Error: browserType.launch: Executable doesn't exist at /home/ricardo-filipebondor/.cache/ms-playwright/webkit-2203/pw_run.sh
    ╔═════════════════════════════════════════════════════════════════════════╗
    ║ Looks like Playwright Test or Playwright was just installed or updated. ║
    ║ Please run the following command to download new browsers:              ║
    ║                                                                         ║
    ║     npx playwright install                                              ║
    ║                                                                         ║
    ║ <3 Playwright Team                                                      ║
    ╚═════════════════════════════════════════════════════════════════════════╝
]]>
</failure>
</testcase>
</testsuite>
<testsuite name="database/table-management.spec.ts" timestamp="2025-09-07T12:53:54.762Z" hostname="Mobile Safari" tests="22" failures="22" skipped="0" time="0.157" errors="0">
<testcase name="Database Table Management › should display existing tables" classname="database/table-management.spec.ts" time="0.007">
<failure message="table-management.spec.ts:18:7 should display existing tables" type="FAILURE">
<![CDATA[  [Mobile Safari] › database/table-management.spec.ts:18:7 › Database Table Management › should display existing tables 

    Error: browserType.launch: Executable doesn't exist at /home/ricardo-filipebondor/.cache/ms-playwright/webkit-2203/pw_run.sh
    ╔═════════════════════════════════════════════════════════════════════════╗
    ║ Looks like Playwright Test or Playwright was just installed or updated. ║
    ║ Please run the following command to download new browsers:              ║
    ║                                                                         ║
    ║     npx playwright install                                              ║
    ║                                                                         ║
    ║ <3 Playwright Team                                                      ║
    ╚═════════════════════════════════════════════════════════════════════════╝
]]>
</failure>
</testcase>
<testcase name="Database Table Management › should create a new table" classname="database/table-management.spec.ts" time="0.006">
<failure message="table-management.spec.ts:27:7 should create a new table" type="FAILURE">
<![CDATA[  [Mobile Safari] › database/table-management.spec.ts:27:7 › Database Table Management › should create a new table 

    Error: browserType.launch: Executable doesn't exist at /home/ricardo-filipebondor/.cache/ms-playwright/webkit-2203/pw_run.sh
    ╔═════════════════════════════════════════════════════════════════════════╗
    ║ Looks like Playwright Test or Playwright was just installed or updated. ║
    ║ Please run the following command to download new browsers:              ║
    ║                                                                         ║
    ║     npx playwright install                                              ║
    ║                                                                         ║
    ║ <3 Playwright Team                                                      ║
    ╚═════════════════════════════════════════════════════════════════════════╝
]]>
</failure>
</testcase>
<testcase name="Database Table Management › should edit an existing table" classname="database/table-management.spec.ts" time="0.008">
<failure message="table-management.spec.ts:58:7 should edit an existing table" type="FAILURE">
<![CDATA[  [Mobile Safari] › database/table-management.spec.ts:58:7 › Database Table Management › should edit an existing table 

    Error: browserType.launch: Executable doesn't exist at /home/ricardo-filipebondor/.cache/ms-playwright/webkit-2203/pw_run.sh
    ╔═════════════════════════════════════════════════════════════════════════╗
    ║ Looks like Playwright Test or Playwright was just installed or updated. ║
    ║ Please run the following command to download new browsers:              ║
    ║                                                                         ║
    ║     npx playwright install                                              ║
    ║                                                                         ║
    ║ <3 Playwright Team                                                      ║
    ╚═════════════════════════════════════════════════════════════════════════╝
]]>
</failure>
</testcase>
<testcase name="Database Table Management › should delete a table" classname="database/table-management.spec.ts" time="0.008">
<failure message="table-management.spec.ts:76:7 should delete a table" type="FAILURE">
<![CDATA[  [Mobile Safari] › database/table-management.spec.ts:76:7 › Database Table Management › should delete a table 

    Error: browserType.launch: Executable doesn't exist at /home/ricardo-filipebondor/.cache/ms-playwright/webkit-2203/pw_run.sh
    ╔═════════════════════════════════════════════════════════════════════════╗
    ║ Looks like Playwright Test or Playwright was just installed or updated. ║
    ║ Please run the following command to download new browsers:              ║
    ║                                                                         ║
    ║     npx playwright install                                              ║
    ║                                                                         ║
    ║ <3 Playwright Team                                                      ║
    ╚═════════════════════════════════════════════════════════════════════════╝
]]>
</failure>
</testcase>
<testcase name="Database Table Management › should add columns to existing table" classname="database/table-management.spec.ts" time="0.007">
<failure message="table-management.spec.ts:91:7 should add columns to existing table" type="FAILURE">
<![CDATA[  [Mobile Safari] › database/table-management.spec.ts:91:7 › Database Table Management › should add columns to existing table 

    Error: browserType.launch: Executable doesn't exist at /home/ricardo-filipebondor/.cache/ms-playwright/webkit-2203/pw_run.sh
    ╔═════════════════════════════════════════════════════════════════════════╗
    ║ Looks like Playwright Test or Playwright was just installed or updated. ║
    ║ Please run the following command to download new browsers:              ║
    ║                                                                         ║
    ║     npx playwright install                                              ║
    ║                                                                         ║
    ║ <3 Playwright Team                                                      ║
    ╚═════════════════════════════════════════════════════════════════════════╝
]]>
</failure>
</testcase>
<testcase name="Database Table Management › should edit table columns" classname="database/table-management.spec.ts" time="0.008">
<failure message="table-management.spec.ts:114:7 should edit table columns" type="FAILURE">
<![CDATA[  [Mobile Safari] › database/table-management.spec.ts:114:7 › Database Table Management › should edit table columns 

    Error: browserType.launch: Executable doesn't exist at /home/ricardo-filipebondor/.cache/ms-playwright/webkit-2203/pw_run.sh
    ╔═════════════════════════════════════════════════════════════════════════╗
    ║ Looks like Playwright Test or Playwright was just installed or updated. ║
    ║ Please run the following command to download new browsers:              ║
    ║                                                                         ║
    ║     npx playwright install                                              ║
    ║                                                                         ║
    ║ <3 Playwright Team                                                      ║
    ╚═════════════════════════════════════════════════════════════════════════╝
]]>
</failure>
</testcase>
<testcase name="Database Table Management › should delete table columns" classname="database/table-management.spec.ts" time="0.007">
<failure message="table-management.spec.ts:136:7 should delete table columns" type="FAILURE">
<![CDATA[  [Mobile Safari] › database/table-management.spec.ts:136:7 › Database Table Management › should delete table columns 

    Error: browserType.launch: Executable doesn't exist at /home/ricardo-filipebondor/.cache/ms-playwright/webkit-2203/pw_run.sh
    ╔═════════════════════════════════════════════════════════════════════════╗
    ║ Looks like Playwright Test or Playwright was just installed or updated. ║
    ║ Please run the following command to download new browsers:              ║
    ║                                                                         ║
    ║     npx playwright install                                              ║
    ║                                                                         ║
    ║ <3 Playwright Team                                                      ║
    ╚═════════════════════════════════════════════════════════════════════════╝
]]>
</failure>
</testcase>
<testcase name="Database Table Management › should handle table validation errors" classname="database/table-management.spec.ts" time="0.007">
<failure message="table-management.spec.ts:151:7 should handle table validation errors" type="FAILURE">
<![CDATA[  [Mobile Safari] › database/table-management.spec.ts:151:7 › Database Table Management › should handle table validation errors 

    Error: browserType.launch: Executable doesn't exist at /home/ricardo-filipebondor/.cache/ms-playwright/webkit-2203/pw_run.sh
    ╔═════════════════════════════════════════════════════════════════════════╗
    ║ Looks like Playwright Test or Playwright was just installed or updated. ║
    ║ Please run the following command to download new browsers:              ║
    ║                                                                         ║
    ║     npx playwright install                                              ║
    ║                                                                         ║
    ║ <3 Playwright Team                                                      ║
    ╚═════════════════════════════════════════════════════════════════════════╝
]]>
</failure>
</testcase>
<testcase name="Database Table Management › should handle duplicate table names" classname="database/table-management.spec.ts" time="0.008">
<failure message="table-management.spec.ts:163:7 should handle duplicate table names" type="FAILURE">
<![CDATA[  [Mobile Safari] › database/table-management.spec.ts:163:7 › Database Table Management › should handle duplicate table names 

    Error: browserType.launch: Executable doesn't exist at /home/ricardo-filipebondor/.cache/ms-playwright/webkit-2203/pw_run.sh
    ╔═════════════════════════════════════════════════════════════════════════╗
    ║ Looks like Playwright Test or Playwright was just installed or updated. ║
    ║ Please run the following command to download new browsers:              ║
    ║                                                                         ║
    ║     npx playwright install                                              ║
    ║                                                                         ║
    ║ <3 Playwright Team                                                      ║
    ╚═════════════════════════════════════════════════════════════════════════╝
]]>
</failure>
</testcase>
<testcase name="Database Table Management › should handle column validation errors" classname="database/table-management.spec.ts" time="0.007">
<failure message="table-management.spec.ts:183:7 should handle column validation errors" type="FAILURE">
<![CDATA[  [Mobile Safari] › database/table-management.spec.ts:183:7 › Database Table Management › should handle column validation errors 

    Error: browserType.launch: Executable doesn't exist at /home/ricardo-filipebondor/.cache/ms-playwright/webkit-2203/pw_run.sh
    ╔═════════════════════════════════════════════════════════════════════════╗
    ║ Looks like Playwright Test or Playwright was just installed or updated. ║
    ║ Please run the following command to download new browsers:              ║
    ║                                                                         ║
    ║     npx playwright install                                              ║
    ║                                                                         ║
    ║ <3 Playwright Team                                                      ║
    ╚═════════════════════════════════════════════════════════════════════════╝
]]>
</failure>
</testcase>
<testcase name="Database Table Management › should handle duplicate column names" classname="database/table-management.spec.ts" time="0.008">
<failure message="table-management.spec.ts:202:7 should handle duplicate column names" type="FAILURE">
<![CDATA[  [Mobile Safari] › database/table-management.spec.ts:202:7 › Database Table Management › should handle duplicate column names 

    Error: browserType.launch: Executable doesn't exist at /home/ricardo-filipebondor/.cache/ms-playwright/webkit-2203/pw_run.sh
    ╔═════════════════════════════════════════════════════════════════════════╗
    ║ Looks like Playwright Test or Playwright was just installed or updated. ║
    ║ Please run the following command to download new browsers:              ║
    ║                                                                         ║
    ║     npx playwright install                                              ║
    ║                                                                         ║
    ║ <3 Playwright Team                                                      ║
    ╚═════════════════════════════════════════════════════════════════════════╝
]]>
</failure>
</testcase>
<testcase name="Database Table Management › should handle table permissions" classname="database/table-management.spec.ts" time="0.007">
<failure message="table-management.spec.ts:225:7 should handle table permissions" type="FAILURE">
<![CDATA[  [Mobile Safari] › database/table-management.spec.ts:225:7 › Database Table Management › should handle table permissions 

    Error: browserType.launch: Executable doesn't exist at /home/ricardo-filipebondor/.cache/ms-playwright/webkit-2203/pw_run.sh
    ╔═════════════════════════════════════════════════════════════════════════╗
    ║ Looks like Playwright Test or Playwright was just installed or updated. ║
    ║ Please run the following command to download new browsers:              ║
    ║                                                                         ║
    ║     npx playwright install                                              ║
    ║                                                                         ║
    ║ <3 Playwright Team                                                      ║
    ╚═════════════════════════════════════════════════════════════════════════╝
]]>
</failure>
</testcase>
<testcase name="Database Table Management › should handle table search and filtering" classname="database/table-management.spec.ts" time="0.007">
<failure message="table-management.spec.ts:234:7 should handle table search and filtering" type="FAILURE">
<![CDATA[  [Mobile Safari] › database/table-management.spec.ts:234:7 › Database Table Management › should handle table search and filtering 

    Error: browserType.launch: Executable doesn't exist at /home/ricardo-filipebondor/.cache/ms-playwright/webkit-2203/pw_run.sh
    ╔═════════════════════════════════════════════════════════════════════════╗
    ║ Looks like Playwright Test or Playwright was just installed or updated. ║
    ║ Please run the following command to download new browsers:              ║
    ║                                                                         ║
    ║     npx playwright install                                              ║
    ║                                                                         ║
    ║ <3 Playwright Team                                                      ║
    ╚═════════════════════════════════════════════════════════════════════════╝
]]>
</failure>
</testcase>
<testcase name="Database Table Management › should handle table sorting" classname="database/table-management.spec.ts" time="0.007">
<failure message="table-management.spec.ts:255:7 should handle table sorting" type="FAILURE">
<![CDATA[  [Mobile Safari] › database/table-management.spec.ts:255:7 › Database Table Management › should handle table sorting 

    Error: browserType.launch: Executable doesn't exist at /home/ricardo-filipebondor/.cache/ms-playwright/webkit-2203/pw_run.sh
    ╔═════════════════════════════════════════════════════════════════════════╗
    ║ Looks like Playwright Test or Playwright was just installed or updated. ║
    ║ Please run the following command to download new browsers:              ║
    ║                                                                         ║
    ║     npx playwright install                                              ║
    ║                                                                         ║
    ║ <3 Playwright Team                                                      ║
    ╚═════════════════════════════════════════════════════════════════════════╝
]]>
</failure>
</testcase>
<testcase name="Database Table Management › should handle table pagination" classname="database/table-management.spec.ts" time="0.007">
<failure message="table-management.spec.ts:268:7 should handle table pagination" type="FAILURE">
<![CDATA[  [Mobile Safari] › database/table-management.spec.ts:268:7 › Database Table Management › should handle table pagination 

    Error: browserType.launch: Executable doesn't exist at /home/ricardo-filipebondor/.cache/ms-playwright/webkit-2203/pw_run.sh
    ╔═════════════════════════════════════════════════════════════════════════╗
    ║ Looks like Playwright Test or Playwright was just installed or updated. ║
    ║ Please run the following command to download new browsers:              ║
    ║                                                                         ║
    ║     npx playwright install                                              ║
    ║                                                                         ║
    ║ <3 Playwright Team                                                      ║
    ╚═════════════════════════════════════════════════════════════════════════╝
]]>
</failure>
</testcase>
<testcase name="Database Table Management › should handle table export functionality" classname="database/table-management.spec.ts" time="0.007">
<failure message="table-management.spec.ts:280:7 should handle table export functionality" type="FAILURE">
<![CDATA[  [Mobile Safari] › database/table-management.spec.ts:280:7 › Database Table Management › should handle table export functionality 

    Error: browserType.launch: Executable doesn't exist at /home/ricardo-filipebondor/.cache/ms-playwright/webkit-2203/pw_run.sh
    ╔═════════════════════════════════════════════════════════════════════════╗
    ║ Looks like Playwright Test or Playwright was just installed or updated. ║
    ║ Please run the following command to download new browsers:              ║
    ║                                                                         ║
    ║     npx playwright install                                              ║
    ║                                                                         ║
    ║ <3 Playwright Team                                                      ║
    ╚═════════════════════════════════════════════════════════════════════════╝
]]>
</failure>
</testcase>
<testcase name="Database Table Management › should handle table import functionality" classname="database/table-management.spec.ts" time="0.006">
<failure message="table-management.spec.ts:293:7 should handle table import functionality" type="FAILURE">
<![CDATA[  [Mobile Safari] › database/table-management.spec.ts:293:7 › Database Table Management › should handle table import functionality 

    Error: browserType.launch: Executable doesn't exist at /home/ricardo-filipebondor/.cache/ms-playwright/webkit-2203/pw_run.sh
    ╔═════════════════════════════════════════════════════════════════════════╗
    ║ Looks like Playwright Test or Playwright was just installed or updated. ║
    ║ Please run the following command to download new browsers:              ║
    ║                                                                         ║
    ║     npx playwright install                                              ║
    ║                                                                         ║
    ║ <3 Playwright Team                                                      ║
    ╚═════════════════════════════════════════════════════════════════════════╝
]]>
</failure>
</testcase>
<testcase name="Database Table Management › should handle table relationships" classname="database/table-management.spec.ts" time="0.007">
<failure message="table-management.spec.ts:305:7 should handle table relationships" type="FAILURE">
<![CDATA[  [Mobile Safari] › database/table-management.spec.ts:305:7 › Database Table Management › should handle table relationships 

    Error: browserType.launch: Executable doesn't exist at /home/ricardo-filipebondor/.cache/ms-playwright/webkit-2203/pw_run.sh
    ╔═════════════════════════════════════════════════════════════════════════╗
    ║ Looks like Playwright Test or Playwright was just installed or updated. ║
    ║ Please run the following command to download new browsers:              ║
    ║                                                                         ║
    ║     npx playwright install                                              ║
    ║                                                                         ║
    ║ <3 Playwright Team                                                      ║
    ╚═════════════════════════════════════════════════════════════════════════╝
]]>
</failure>
</testcase>
<testcase name="Database Table Management › should handle table indexes" classname="database/table-management.spec.ts" time="0.008">
<failure message="table-management.spec.ts:317:7 should handle table indexes" type="FAILURE">
<![CDATA[  [Mobile Safari] › database/table-management.spec.ts:317:7 › Database Table Management › should handle table indexes 

    Error: browserType.launch: Executable doesn't exist at /home/ricardo-filipebondor/.cache/ms-playwright/webkit-2203/pw_run.sh
    ╔═════════════════════════════════════════════════════════════════════════╗
    ║ Looks like Playwright Test or Playwright was just installed or updated. ║
    ║ Please run the following command to download new browsers:              ║
    ║                                                                         ║
    ║     npx playwright install                                              ║
    ║                                                                         ║
    ║ <3 Playwright Team                                                      ║
    ╚═════════════════════════════════════════════════════════════════════════╝
]]>
</failure>
</testcase>
<testcase name="Database Table Management › should handle table constraints" classname="database/table-management.spec.ts" time="0.007">
<failure message="table-management.spec.ts:329:7 should handle table constraints" type="FAILURE">
<![CDATA[  [Mobile Safari] › database/table-management.spec.ts:329:7 › Database Table Management › should handle table constraints 

    Error: browserType.launch: Executable doesn't exist at /home/ricardo-filipebondor/.cache/ms-playwright/webkit-2203/pw_run.sh
    ╔═════════════════════════════════════════════════════════════════════════╗
    ║ Looks like Playwright Test or Playwright was just installed or updated. ║
    ║ Please run the following command to download new browsers:              ║
    ║                                                                         ║
    ║     npx playwright install                                              ║
    ║                                                                         ║
    ║ <3 Playwright Team                                                      ║
    ╚═════════════════════════════════════════════════════════════════════════╝
]]>
</failure>
</testcase>
<testcase name="Database Table Management › should handle table statistics" classname="database/table-management.spec.ts" time="0.007">
<failure message="table-management.spec.ts:342:7 should handle table statistics" type="FAILURE">
<![CDATA[  [Mobile Safari] › database/table-management.spec.ts:342:7 › Database Table Management › should handle table statistics 

    Error: browserType.launch: Executable doesn't exist at /home/ricardo-filipebondor/.cache/ms-playwright/webkit-2203/pw_run.sh
    ╔═════════════════════════════════════════════════════════════════════════╗
    ║ Looks like Playwright Test or Playwright was just installed or updated. ║
    ║ Please run the following command to download new browsers:              ║
    ║                                                                         ║
    ║     npx playwright install                                              ║
    ║                                                                         ║
    ║ <3 Playwright Team                                                      ║
    ╚═════════════════════════════════════════════════════════════════════════╝
]]>
</failure>
</testcase>
<testcase name="Database Table Management › should handle table backup and restore" classname="database/table-management.spec.ts" time="0.006">
<failure message="table-management.spec.ts:355:7 should handle table backup and restore" type="FAILURE">
<![CDATA[  [Mobile Safari] › database/table-management.spec.ts:355:7 › Database Table Management › should handle table backup and restore 

    Error: browserType.launch: Executable doesn't exist at /home/ricardo-filipebondor/.cache/ms-playwright/webkit-2203/pw_run.sh
    ╔═════════════════════════════════════════════════════════════════════════╗
    ║ Looks like Playwright Test or Playwright was just installed or updated. ║
    ║ Please run the following command to download new browsers:              ║
    ║                                                                         ║
    ║     npx playwright install                                              ║
    ║                                                                         ║
    ║ <3 Playwright Team                                                      ║
    ╚═════════════════════════════════════════════════════════════════════════╝
]]>
</failure>
</testcase>
</testsuite>
<testsuite name="invoice/invoice-creation.spec.ts" timestamp="2025-09-07T12:53:54.762Z" hostname="Mobile Safari" tests="4" failures="4" skipped="0" time="0.021" errors="0">
<testcase name="Invoice Creation Flow › should create invoice successfully" classname="invoice/invoice-creation.spec.ts" time="0.006">
<failure message="invoice-creation.spec.ts:111:6 should create invoice successfully" type="FAILURE">
<![CDATA[  [Mobile Safari] › invoice/invoice-creation.spec.ts:111:6 › Invoice Creation Flow › should create invoice successfully 

    Error: browserType.launch: Executable doesn't exist at /home/ricardo-filipebondor/.cache/ms-playwright/webkit-2203/pw_run.sh
    ╔═════════════════════════════════════════════════════════════════════════╗
    ║ Looks like Playwright Test or Playwright was just installed or updated. ║
    ║ Please run the following command to download new browsers:              ║
    ║                                                                         ║
    ║     npx playwright install                                              ║
    ║                                                                         ║
    ║ <3 Playwright Team                                                      ║
    ╚═════════════════════════════════════════════════════════════════════════╝
]]>
</failure>
</testcase>
<testcase name="Invoice Creation Flow › should validate required fields" classname="invoice/invoice-creation.spec.ts" time="0.006">
<failure message="invoice-creation.spec.ts:162:6 should validate required fields" type="FAILURE">
<![CDATA[  [Mobile Safari] › invoice/invoice-creation.spec.ts:162:6 › Invoice Creation Flow › should validate required fields 

    Error: browserType.launch: Executable doesn't exist at /home/ricardo-filipebondor/.cache/ms-playwright/webkit-2203/pw_run.sh
    ╔═════════════════════════════════════════════════════════════════════════╗
    ║ Looks like Playwright Test or Playwright was just installed or updated. ║
    ║ Please run the following command to download new browsers:              ║
    ║                                                                         ║
    ║     npx playwright install                                              ║
    ║                                                                         ║
    ║ <3 Playwright Team                                                      ║
    ╚═════════════════════════════════════════════════════════════════════════╝
]]>
</failure>
</testcase>
<testcase name="Invoice Creation Flow › should handle currency conversion" classname="invoice/invoice-creation.spec.ts" time="0.005">
<failure message="invoice-creation.spec.ts:176:6 should handle currency conversion" type="FAILURE">
<![CDATA[  [Mobile Safari] › invoice/invoice-creation.spec.ts:176:6 › Invoice Creation Flow › should handle currency conversion 

    Error: browserType.launch: Executable doesn't exist at /home/ricardo-filipebondor/.cache/ms-playwright/webkit-2203/pw_run.sh
    ╔═════════════════════════════════════════════════════════════════════════╗
    ║ Looks like Playwright Test or Playwright was just installed or updated. ║
    ║ Please run the following command to download new browsers:              ║
    ║                                                                         ║
    ║     npx playwright install                                              ║
    ║                                                                         ║
    ║ <3 Playwright Team                                                      ║
    ╚═════════════════════════════════════════════════════════════════════════╝
]]>
</failure>
</testcase>
<testcase name="Invoice Creation Flow › should edit existing invoice" classname="invoice/invoice-creation.spec.ts" time="0.004">
<failure message="invoice-creation.spec.ts:223:6 should edit existing invoice" type="FAILURE">
<![CDATA[  [Mobile Safari] › invoice/invoice-creation.spec.ts:223:6 › Invoice Creation Flow › should edit existing invoice 

    Error: browserType.launch: Executable doesn't exist at /home/ricardo-filipebondor/.cache/ms-playwright/webkit-2203/pw_run.sh
    ╔═════════════════════════════════════════════════════════════════════════╗
    ║ Looks like Playwright Test or Playwright was just installed or updated. ║
    ║ Please run the following command to download new browsers:              ║
    ║                                                                         ║
    ║     npx playwright install                                              ║
    ║                                                                         ║
    ║ <3 Playwright Team                                                      ║
    ╚═════════════════════════════════════════════════════════════════════════╝
]]>
</failure>
</testcase>
</testsuite>
</testsuites>